由于文件 (符号) 而包含了归档成员

/home/xwh/SOEM_ALL/SOEM-1.3.1-2can/lib/linux/libosal.a(osal.o)
                              obj/linux/multican.o (osal_thread_create)
/home/xwh/SOEM_ALL/SOEM-1.3.1-2can/lib/linux/libsoem.a(ethercatcoe.o)
                              obj/linux/simple_test.o (ec_SDOread)
/home/xwh/SOEM_ALL/SOEM-1.3.1-2can/lib/linux/libsoem.a(ethercatconfig.o)
                              obj/linux/multican.o (ec_config_init)
/home/xwh/SOEM_ALL/SOEM-1.3.1-2can/lib/linux/libsoem.a(ethercatdc.o)
                              obj/linux/simple_test.o (ec_configdc)
/home/xwh/SOEM_ALL/SOEM-1.3.1-2can/lib/linux/libsoem.a(ethercatmain.o)
                              obj/linux/multican.o (ec_slave)
/home/xwh/SOEM_ALL/SOEM-1.3.1-2can/lib/linux/libsoem.a(ethercatprint.o)
                              obj/linux/simple_test.o (ec_ALstatuscode2string)
/home/xwh/SOEM_ALL/SOEM-1.3.1-2can/lib/linux/libsoem.a(ethercatsoe.o)
                              /home/xwh/SOEM_ALL/SOEM-1.3.1-2can/lib/linux/libsoem.a(ethercatconfig.o) (ecx_readIDNmap)
/home/xwh/SOEM_ALL/SOEM-1.3.1-2can/lib/linux/libsoem.a(ethercatbase.o)
                              /home/xwh/SOEM_ALL/SOEM-1.3.1-2can/lib/linux/libsoem.a(ethercatmain.o) (ecx_setupdatagram)
/usr/lib/x86_64-linux-gnu/libc_nonshared.a(elf-init.oS)
                              /usr/lib/gcc/x86_64-linux-gnu/7/../../../x86_64-linux-gnu/Scrt1.o (__libc_csu_init)
/home/xwh/SOEM_ALL/SOEM-1.3.1-2can/lib/linux/liboshw.a(nicdrv.o)
                              /home/xwh/SOEM_ALL/SOEM-1.3.1-2can/lib/linux/libsoem.a(ethercatmain.o) (secMAC)
/home/xwh/SOEM_ALL/SOEM-1.3.1-2can/lib/linux/liboshw.a(oshw.o)
                              /home/xwh/SOEM_ALL/SOEM-1.3.1-2can/lib/linux/libsoem.a(ethercatmain.o) (oshw_htons)

按需库被包含以满足文件 (符号) 引用

libc.so.6                     obj/linux/simple_test.o (fflush@@GLIBC_2.2.5)
libm.so.6                     obj/linux/main.o (sin@@GLIBC_2.2.5)
libpthread.so.0               /home/xwh/SOEM_ALL/SOEM-1.3.1-2can/lib/linux/libosal.a(osal.o) (pthread_create@@GLIBC_2.2.5)

分配公共符号
公共符号            大小              文件

waitTime            0x8               obj/linux/main.o
IOmap               0x1000            obj/linux/main.o
ecx_port            0xcb30            /home/xwh/SOEM_ALL/SOEM-1.3.1-2can/lib/linux/libsoem.a(ethercatmain.o)
ecx_redport         0x6590            /home/xwh/SOEM_ALL/SOEM-1.3.1-2can/lib/linux/libsoem.a(ethercatmain.o)
thread_fresh        0x8               obj/linux/main.o
ecx_mapt            0xc0              /home/xwh/SOEM_ALL/SOEM-1.3.1-2can/lib/linux/libsoem.a(ethercatconfig.o)
sendMsgNum          0x1               obj/linux/main.o
NumOf_csv           0x1               obj/linux/main.o
ecx_threadh         0x40              /home/xwh/SOEM_ALL/SOEM-1.3.1-2can/lib/linux/libsoem.a(ethercatconfig.o)
inOP                0x1               obj/linux/main.o
regNum              0x1               obj/linux/main.o
ec_DCtime           0x8               /home/xwh/SOEM_ALL/SOEM-1.3.1-2can/lib/linux/libsoem.a(ethercatmain.o)
thread1             0x8               obj/linux/main.o
expectedWKC         0x4               obj/linux/main.o
estring             0x7f              /home/xwh/SOEM_ALL/SOEM-1.3.1-2can/lib/linux/libsoem.a(ethercatprint.o)
reg_csv             0x10000           obj/linux/main.o
needlf              0x1               obj/linux/main.o
msgSendDataLength   0x100             obj/linux/main.o
ec_slavecount       0x4               /home/xwh/SOEM_ALL/SOEM-1.3.1-2can/lib/linux/libsoem.a(ethercatmain.o)
output_ptr          0x8               obj/linux/main.o
msgReadDataLength   0x100             obj/linux/main.o
readMsgNum          0x1               obj/linux/main.o
wkc                 0x4               obj/linux/main.o
lastCycleTime       0x8               obj/linux/main.o
ec_group            0x270             /home/xwh/SOEM_ALL/SOEM-1.3.1-2can/lib/linux/libsoem.a(ethercatmain.o)
ec_slave            0x10040           /home/xwh/SOEM_ALL/SOEM-1.3.1-2can/lib/linux/libsoem.a(ethercatmain.o)

舍弃的输入节

 .rodata.cst4   0x0000000000000000        0x4 /usr/lib/gcc/x86_64-linux-gnu/7/../../../x86_64-linux-gnu/Scrt1.o
 .data          0x0000000000000000        0x4 /usr/lib/gcc/x86_64-linux-gnu/7/../../../x86_64-linux-gnu/Scrt1.o
 .bss           0x0000000000000000        0x0 /usr/lib/gcc/x86_64-linux-gnu/7/../../../x86_64-linux-gnu/Scrt1.o
 .note.GNU-stack
                0x0000000000000000        0x0 /usr/lib/gcc/x86_64-linux-gnu/7/../../../x86_64-linux-gnu/Scrt1.o
 .text          0x0000000000000000        0x0 /usr/lib/gcc/x86_64-linux-gnu/7/../../../x86_64-linux-gnu/crti.o
 .data          0x0000000000000000        0x0 /usr/lib/gcc/x86_64-linux-gnu/7/../../../x86_64-linux-gnu/crti.o
 .bss           0x0000000000000000        0x0 /usr/lib/gcc/x86_64-linux-gnu/7/../../../x86_64-linux-gnu/crti.o
 .note.GNU-stack
                0x0000000000000000        0x0 /usr/lib/gcc/x86_64-linux-gnu/7/../../../x86_64-linux-gnu/crti.o
 .data          0x0000000000000000        0x0 /usr/lib/gcc/x86_64-linux-gnu/7/crtbeginS.o
 .note.GNU-stack
                0x0000000000000000        0x0 /usr/lib/gcc/x86_64-linux-gnu/7/crtbeginS.o
 .text          0x0000000000000000        0x0 obj/linux/main.o
 .data          0x0000000000000000       0x1e obj/linux/main.o
 .bss           0x0000000000000000        0xe obj/linux/main.o
 .rodata        0x0000000000000000       0x28 obj/linux/main.o
 .text.change_data
                0x0000000000000000      0x184 obj/linux/main.o
 .note.GNU-stack
                0x0000000000000000        0x0 obj/linux/main.o
 .text          0x0000000000000000        0x0 obj/linux/multican.o
 .data          0x0000000000000000        0x0 obj/linux/multican.o
 .note.GNU-stack
                0x0000000000000000        0x0 obj/linux/multican.o
 .text          0x0000000000000000        0x0 obj/linux/read_csv.o
 .data          0x0000000000000000        0x0 obj/linux/read_csv.o
 .bss           0x0000000000000000        0x0 obj/linux/read_csv.o
 .rodata        0x0000000000000000       0x21 obj/linux/read_csv.o
 .text.get_csv  0x0000000000000000      0x1a7 obj/linux/read_csv.o
 .text.read_uint8Data
                0x0000000000000000      0x10f obj/linux/read_csv.o
 .note.GNU-stack
                0x0000000000000000        0x0 obj/linux/read_csv.o
 .text          0x0000000000000000        0x0 obj/linux/simple_test.o
 .data          0x0000000000000000       0xcc obj/linux/simple_test.o
 .bss           0x0000000000000000        0xe obj/linux/simple_test.o
 .text.write_add
                0x0000000000000000       0xd2 obj/linux/simple_test.o
 .rodata        0x0000000000000000      0x510 obj/linux/simple_test.o
 .text.el6751setup
                0x0000000000000000      0x384 obj/linux/simple_test.o
 .text.simpletest
                0x0000000000000000      0x948 obj/linux/simple_test.o
 .text.ecatcheck
                0x0000000000000000      0x4cd obj/linux/simple_test.o
 .text.SDOread_ALL
                0x0000000000000000      0x436 obj/linux/simple_test.o
 .text.SDOread_uint16
                0x0000000000000000       0xb8 obj/linux/simple_test.o
 .text.SDOread_uint32
                0x0000000000000000       0xb4 obj/linux/simple_test.o
 .text.set_output_Byte
                0x0000000000000000       0x87 obj/linux/simple_test.o
 .text.judgeInput_uint8
                0x0000000000000000       0x1d obj/linux/simple_test.o
 .text.getMillisecondTime
                0x0000000000000000       0x5e obj/linux/simple_test.o
 .text.getreg0x80Num
                0x0000000000000000       0x19 obj/linux/simple_test.o
 .text.loadMessage
                0x0000000000000000       0x69 obj/linux/simple_test.o
 .text.getMessage
                0x0000000000000000       0x94 obj/linux/simple_test.o
 .text.setting_register
                0x0000000000000000      0x432 obj/linux/simple_test.o
 .text.get_slave_output_ptr
                0x0000000000000000       0x7e obj/linux/simple_test.o
 .text.output_slave_data
                0x0000000000000000       0x27 obj/linux/simple_test.o
 .text.slave_close
                0x0000000000000000       0x1b obj/linux/simple_test.o
 .text.activate
                0x0000000000000000       0xab obj/linux/simple_test.o
 .note.GNU-stack
                0x0000000000000000        0x0 obj/linux/simple_test.o
 .text          0x0000000000000000        0x0 /home/xwh/SOEM_ALL/SOEM-1.3.1-2can/lib/linux/libosal.a(osal.o)
 .data          0x0000000000000000        0x0 /home/xwh/SOEM_ALL/SOEM-1.3.1-2can/lib/linux/libosal.a(osal.o)
 .bss           0x0000000000000000        0x0 /home/xwh/SOEM_ALL/SOEM-1.3.1-2can/lib/linux/libosal.a(osal.o)
 .text.osal_current_time
                0x0000000000000000       0x57 /home/xwh/SOEM_ALL/SOEM-1.3.1-2can/lib/linux/libosal.a(osal.o)
 .text.osal_time_diff
                0x0000000000000000       0x75 /home/xwh/SOEM_ALL/SOEM-1.3.1-2can/lib/linux/libosal.a(osal.o)
 .text.osal_malloc
                0x0000000000000000       0x1b /home/xwh/SOEM_ALL/SOEM-1.3.1-2can/lib/linux/libosal.a(osal.o)
 .text.osal_free
                0x0000000000000000       0x1c /home/xwh/SOEM_ALL/SOEM-1.3.1-2can/lib/linux/libosal.a(osal.o)
 .text.osal_thread_create_rt
                0x0000000000000000       0xf8 /home/xwh/SOEM_ALL/SOEM-1.3.1-2can/lib/linux/libosal.a(osal.o)
 .note.GNU-stack
                0x0000000000000000        0x0 /home/xwh/SOEM_ALL/SOEM-1.3.1-2can/lib/linux/libosal.a(osal.o)
 .text          0x0000000000000000        0x0 /home/xwh/SOEM_ALL/SOEM-1.3.1-2can/lib/linux/libsoem.a(ethercatcoe.o)
 .data          0x0000000000000000        0x0 /home/xwh/SOEM_ALL/SOEM-1.3.1-2can/lib/linux/libsoem.a(ethercatcoe.o)
 .bss           0x0000000000000000        0x0 /home/xwh/SOEM_ALL/SOEM-1.3.1-2can/lib/linux/libsoem.a(ethercatcoe.o)
 .text.ecx_SDOerror
                0x0000000000000000       0xba /home/xwh/SOEM_ALL/SOEM-1.3.1-2can/lib/linux/libsoem.a(ethercatcoe.o)
 .text.ecx_SDOinfoerror
                0x0000000000000000       0xb0 /home/xwh/SOEM_ALL/SOEM-1.3.1-2can/lib/linux/libsoem.a(ethercatcoe.o)
 .text.ecx_SDOread
                0x0000000000000000      0x728 /home/xwh/SOEM_ALL/SOEM-1.3.1-2can/lib/linux/libsoem.a(ethercatcoe.o)
 .text.ecx_SDOwrite
                0x0000000000000000      0x87f /home/xwh/SOEM_ALL/SOEM-1.3.1-2can/lib/linux/libsoem.a(ethercatcoe.o)
 .text.ecx_RxPDO
                0x0000000000000000      0x1f3 /home/xwh/SOEM_ALL/SOEM-1.3.1-2can/lib/linux/libsoem.a(ethercatcoe.o)
 .text.ecx_TxPDO
                0x0000000000000000      0x2d7 /home/xwh/SOEM_ALL/SOEM-1.3.1-2can/lib/linux/libsoem.a(ethercatcoe.o)
 .text.ecx_readPDOassign
                0x0000000000000000      0x269 /home/xwh/SOEM_ALL/SOEM-1.3.1-2can/lib/linux/libsoem.a(ethercatcoe.o)
 .text.ecx_readPDOassignCA
                0x0000000000000000      0x1ec /home/xwh/SOEM_ALL/SOEM-1.3.1-2can/lib/linux/libsoem.a(ethercatcoe.o)
 .text.ecx_readPDOmap
                0x0000000000000000      0x34c /home/xwh/SOEM_ALL/SOEM-1.3.1-2can/lib/linux/libsoem.a(ethercatcoe.o)
 .text.ecx_readPDOmapCA
                0x0000000000000000      0x304 /home/xwh/SOEM_ALL/SOEM-1.3.1-2can/lib/linux/libsoem.a(ethercatcoe.o)
 .text.ecx_readODlist
                0x0000000000000000      0x42b /home/xwh/SOEM_ALL/SOEM-1.3.1-2can/lib/linux/libsoem.a(ethercatcoe.o)
 .text.ecx_readODdescription
                0x0000000000000000      0x417 /home/xwh/SOEM_ALL/SOEM-1.3.1-2can/lib/linux/libsoem.a(ethercatcoe.o)
 .text.ecx_readOEsingle
                0x0000000000000000      0x3f9 /home/xwh/SOEM_ALL/SOEM-1.3.1-2can/lib/linux/libsoem.a(ethercatcoe.o)
 .text.ecx_readOE
                0x0000000000000000       0x97 /home/xwh/SOEM_ALL/SOEM-1.3.1-2can/lib/linux/libsoem.a(ethercatcoe.o)
 .text.ec_SDOerror
                0x0000000000000000       0x44 /home/xwh/SOEM_ALL/SOEM-1.3.1-2can/lib/linux/libsoem.a(ethercatcoe.o)
 .text.ec_SDOread
                0x0000000000000000       0x64 /home/xwh/SOEM_ALL/SOEM-1.3.1-2can/lib/linux/libsoem.a(ethercatcoe.o)
 .text.ec_SDOwrite
                0x0000000000000000       0x64 /home/xwh/SOEM_ALL/SOEM-1.3.1-2can/lib/linux/libsoem.a(ethercatcoe.o)
 .text.ec_RxPDO
                0x0000000000000000       0x44 /home/xwh/SOEM_ALL/SOEM-1.3.1-2can/lib/linux/libsoem.a(ethercatcoe.o)
 .text.ec_TxPDO
                0x0000000000000000       0x52 /home/xwh/SOEM_ALL/SOEM-1.3.1-2can/lib/linux/libsoem.a(ethercatcoe.o)
 .text.ec_readPDOassign
                0x0000000000000000       0x2f /home/xwh/SOEM_ALL/SOEM-1.3.1-2can/lib/linux/libsoem.a(ethercatcoe.o)
 .text.ec_readPDOassignCA
                0x0000000000000000       0x2f /home/xwh/SOEM_ALL/SOEM-1.3.1-2can/lib/linux/libsoem.a(ethercatcoe.o)
 .text.ec_readPDOmap
                0x0000000000000000       0x37 /home/xwh/SOEM_ALL/SOEM-1.3.1-2can/lib/linux/libsoem.a(ethercatcoe.o)
 .text.ec_readPDOmapCA
                0x0000000000000000       0x37 /home/xwh/SOEM_ALL/SOEM-1.3.1-2can/lib/linux/libsoem.a(ethercatcoe.o)
 .text.ec_readODlist
                0x0000000000000000       0x2b /home/xwh/SOEM_ALL/SOEM-1.3.1-2can/lib/linux/libsoem.a(ethercatcoe.o)
 .text.ec_readODdescription
                0x0000000000000000       0x2b /home/xwh/SOEM_ALL/SOEM-1.3.1-2can/lib/linux/libsoem.a(ethercatcoe.o)
 .text.ec_readOEsingle
                0x0000000000000000       0x45 /home/xwh/SOEM_ALL/SOEM-1.3.1-2can/lib/linux/libsoem.a(ethercatcoe.o)
 .text.ec_readOE
                0x0000000000000000       0x37 /home/xwh/SOEM_ALL/SOEM-1.3.1-2can/lib/linux/libsoem.a(ethercatcoe.o)
 .note.GNU-stack
                0x0000000000000000        0x0 /home/xwh/SOEM_ALL/SOEM-1.3.1-2can/lib/linux/libsoem.a(ethercatcoe.o)
 .text          0x0000000000000000        0x0 /home/xwh/SOEM_ALL/SOEM-1.3.1-2can/lib/linux/libsoem.a(ethercatconfig.o)
 .data          0x0000000000000000        0x0 /home/xwh/SOEM_ALL/SOEM-1.3.1-2can/lib/linux/libsoem.a(ethercatconfig.o)
 .bss           0x0000000000000000        0x0 /home/xwh/SOEM_ALL/SOEM-1.3.1-2can/lib/linux/libsoem.a(ethercatconfig.o)
 .text.ecx_lookup_mapping
                0x0000000000000000      0x33b /home/xwh/SOEM_ALL/SOEM-1.3.1-2can/lib/linux/libsoem.a(ethercatconfig.o)
 .text.ecx_map_coe_soe
                0x0000000000000000      0x31d /home/xwh/SOEM_ALL/SOEM-1.3.1-2can/lib/linux/libsoem.a(ethercatconfig.o)
 .text.ecx_map_sii
                0x0000000000000000      0x332 /home/xwh/SOEM_ALL/SOEM-1.3.1-2can/lib/linux/libsoem.a(ethercatconfig.o)
 .text.ecx_map_sm
                0x0000000000000000      0x45f /home/xwh/SOEM_ALL/SOEM-1.3.1-2can/lib/linux/libsoem.a(ethercatconfig.o)
 .text.ecx_mapper_thread
                0x0000000000000000       0x43 /home/xwh/SOEM_ALL/SOEM-1.3.1-2can/lib/linux/libsoem.a(ethercatconfig.o)
 .text.ecx_find_mapt
                0x0000000000000000       0x4d /home/xwh/SOEM_ALL/SOEM-1.3.1-2can/lib/linux/libsoem.a(ethercatconfig.o)
 .text.ecx_get_threadcount
                0x0000000000000000       0x48 /home/xwh/SOEM_ALL/SOEM-1.3.1-2can/lib/linux/libsoem.a(ethercatconfig.o)
 .text.ecx_config_map_group
                0x0000000000000000     0x1dc0 /home/xwh/SOEM_ALL/SOEM-1.3.1-2can/lib/linux/libsoem.a(ethercatconfig.o)
 .text.ec_config_map_group
                0x0000000000000000       0x2d /home/xwh/SOEM_ALL/SOEM-1.3.1-2can/lib/linux/libsoem.a(ethercatconfig.o)
 .text.ec_config_map
                0x0000000000000000       0x20 /home/xwh/SOEM_ALL/SOEM-1.3.1-2can/lib/linux/libsoem.a(ethercatconfig.o)
 .text.ec_config
                0x0000000000000000       0x3a /home/xwh/SOEM_ALL/SOEM-1.3.1-2can/lib/linux/libsoem.a(ethercatconfig.o)
 .note.GNU-stack
                0x0000000000000000        0x0 /home/xwh/SOEM_ALL/SOEM-1.3.1-2can/lib/linux/libsoem.a(ethercatconfig.o)
 COMMON         0x0000000000000000      0x100 /home/xwh/SOEM_ALL/SOEM-1.3.1-2can/lib/linux/libsoem.a(ethercatconfig.o)
 .text          0x0000000000000000        0x0 /home/xwh/SOEM_ALL/SOEM-1.3.1-2can/lib/linux/libsoem.a(ethercatdc.o)
 .data          0x0000000000000000        0x0 /home/xwh/SOEM_ALL/SOEM-1.3.1-2can/lib/linux/libsoem.a(ethercatdc.o)
 .bss           0x0000000000000000        0x0 /home/xwh/SOEM_ALL/SOEM-1.3.1-2can/lib/linux/libsoem.a(ethercatdc.o)
 .text.ecx_dcsync0
                0x0000000000000000      0x20f /home/xwh/SOEM_ALL/SOEM-1.3.1-2can/lib/linux/libsoem.a(ethercatdc.o)
 .text.ecx_dcsync01
                0x0000000000000000      0x264 /home/xwh/SOEM_ALL/SOEM-1.3.1-2can/lib/linux/libsoem.a(ethercatdc.o)
 .text.ecx_porttime
                0x0000000000000000      0x118 /home/xwh/SOEM_ALL/SOEM-1.3.1-2can/lib/linux/libsoem.a(ethercatdc.o)
 .text.ecx_prevport
                0x0000000000000000      0x184 /home/xwh/SOEM_ALL/SOEM-1.3.1-2can/lib/linux/libsoem.a(ethercatdc.o)
 .text.ecx_parentport
                0x0000000000000000       0xd8 /home/xwh/SOEM_ALL/SOEM-1.3.1-2can/lib/linux/libsoem.a(ethercatdc.o)
 .text.ecx_configdc
                0x0000000000000000      0xe04 /home/xwh/SOEM_ALL/SOEM-1.3.1-2can/lib/linux/libsoem.a(ethercatdc.o)
 .text.ec_dcsync0
                0x0000000000000000       0x40 /home/xwh/SOEM_ALL/SOEM-1.3.1-2can/lib/linux/libsoem.a(ethercatdc.o)
 .text.ec_dcsync01
                0x0000000000000000       0x4e /home/xwh/SOEM_ALL/SOEM-1.3.1-2can/lib/linux/libsoem.a(ethercatdc.o)
 .text.ec_configdc
                0x0000000000000000       0x15 /home/xwh/SOEM_ALL/SOEM-1.3.1-2can/lib/linux/libsoem.a(ethercatdc.o)
 .note.GNU-stack
                0x0000000000000000        0x0 /home/xwh/SOEM_ALL/SOEM-1.3.1-2can/lib/linux/libsoem.a(ethercatdc.o)
 .text          0x0000000000000000        0x0 /home/xwh/SOEM_ALL/SOEM-1.3.1-2can/lib/linux/libsoem.a(ethercatmain.o)
 .data          0x0000000000000000        0x0 /home/xwh/SOEM_ALL/SOEM-1.3.1-2can/lib/linux/libsoem.a(ethercatmain.o)
 .text.ec_find_adapters
                0x0000000000000000       0x18 /home/xwh/SOEM_ALL/SOEM-1.3.1-2can/lib/linux/libsoem.a(ethercatmain.o)
 .text.ec_free_adapters
                0x0000000000000000       0x1c /home/xwh/SOEM_ALL/SOEM-1.3.1-2can/lib/linux/libsoem.a(ethercatmain.o)
 .text.ecx_pusherror
                0x0000000000000000      0x11c /home/xwh/SOEM_ALL/SOEM-1.3.1-2can/lib/linux/libsoem.a(ethercatmain.o)
 .text.ecx_poperror
                0x0000000000000000       0xfd /home/xwh/SOEM_ALL/SOEM-1.3.1-2can/lib/linux/libsoem.a(ethercatmain.o)
 .text.ecx_iserror
                0x0000000000000000       0x25 /home/xwh/SOEM_ALL/SOEM-1.3.1-2can/lib/linux/libsoem.a(ethercatmain.o)
 .text.ecx_packeterror
                0x0000000000000000       0xc1 /home/xwh/SOEM_ALL/SOEM-1.3.1-2can/lib/linux/libsoem.a(ethercatmain.o)
 .text.ecx_mbxerror
                0x0000000000000000       0xa0 /home/xwh/SOEM_ALL/SOEM-1.3.1-2can/lib/linux/libsoem.a(ethercatmain.o)
 .text.ecx_mbxemergencyerror
                0x0000000000000000       0xed /home/xwh/SOEM_ALL/SOEM-1.3.1-2can/lib/linux/libsoem.a(ethercatmain.o)
 .text.ecx_init_redundant
                0x0000000000000000      0x120 /home/xwh/SOEM_ALL/SOEM-1.3.1-2can/lib/linux/libsoem.a(ethercatmain.o)
 .text.ecx_close
                0x0000000000000000       0x1f /home/xwh/SOEM_ALL/SOEM-1.3.1-2can/lib/linux/libsoem.a(ethercatmain.o)
 .text.ecx_siiPDO
                0x0000000000000000      0x4e8 /home/xwh/SOEM_ALL/SOEM-1.3.1-2can/lib/linux/libsoem.a(ethercatmain.o)
 .text.ec_nextmbxcnt
                0x0000000000000000       0x24 /home/xwh/SOEM_ALL/SOEM-1.3.1-2can/lib/linux/libsoem.a(ethercatmain.o)
 .text.ec_clearmbx
                0x0000000000000000       0x26 /home/xwh/SOEM_ALL/SOEM-1.3.1-2can/lib/linux/libsoem.a(ethercatmain.o)
 .text.ecx_mbxempty
                0x0000000000000000      0x12c /home/xwh/SOEM_ALL/SOEM-1.3.1-2can/lib/linux/libsoem.a(ethercatmain.o)
 .text.ecx_mbxsend
                0x0000000000000000      0x12d /home/xwh/SOEM_ALL/SOEM-1.3.1-2can/lib/linux/libsoem.a(ethercatmain.o)
 .text.ecx_mbxreceive
                0x0000000000000000      0x46f /home/xwh/SOEM_ALL/SOEM-1.3.1-2can/lib/linux/libsoem.a(ethercatmain.o)
 .text.ecx_esidump
                0x0000000000000000      0x163 /home/xwh/SOEM_ALL/SOEM-1.3.1-2can/lib/linux/libsoem.a(ethercatmain.o)
 .text.ecx_writeeeprom
                0x0000000000000000       0x8c /home/xwh/SOEM_ALL/SOEM-1.3.1-2can/lib/linux/libsoem.a(ethercatmain.o)
 .text.ecx_eeprom_waitnotbusyAP
                0x0000000000000000      0x113 /home/xwh/SOEM_ALL/SOEM-1.3.1-2can/lib/linux/libsoem.a(ethercatmain.o)
 .text.ecx_readeepromAP
                0x0000000000000000      0x273 /home/xwh/SOEM_ALL/SOEM-1.3.1-2can/lib/linux/libsoem.a(ethercatmain.o)
 .text.ecx_writeeepromAP
                0x0000000000000000      0x208 /home/xwh/SOEM_ALL/SOEM-1.3.1-2can/lib/linux/libsoem.a(ethercatmain.o)
 .text.ecx_writeeepromFP
                0x0000000000000000      0x208 /home/xwh/SOEM_ALL/SOEM-1.3.1-2can/lib/linux/libsoem.a(ethercatmain.o)
 .text.ecx_pushindex
                0x0000000000000000       0xb3 /home/xwh/SOEM_ALL/SOEM-1.3.1-2can/lib/linux/libsoem.a(ethercatmain.o)
 .text.ecx_pullindex
                0x0000000000000000       0x56 /home/xwh/SOEM_ALL/SOEM-1.3.1-2can/lib/linux/libsoem.a(ethercatmain.o)
 .text.ecx_send_processdata_group
                0x0000000000000000      0x950 /home/xwh/SOEM_ALL/SOEM-1.3.1-2can/lib/linux/libsoem.a(ethercatmain.o)
 .text.ecx_receive_processdata_group
                0x0000000000000000      0x3a3 /home/xwh/SOEM_ALL/SOEM-1.3.1-2can/lib/linux/libsoem.a(ethercatmain.o)
 .text.ecx_send_processdata
                0x0000000000000000       0x20 /home/xwh/SOEM_ALL/SOEM-1.3.1-2can/lib/linux/libsoem.a(ethercatmain.o)
 .text.ecx_receive_processdata
                0x0000000000000000       0x28 /home/xwh/SOEM_ALL/SOEM-1.3.1-2can/lib/linux/libsoem.a(ethercatmain.o)
 .text.ec_pusherror
                0x0000000000000000       0x21 /home/xwh/SOEM_ALL/SOEM-1.3.1-2can/lib/linux/libsoem.a(ethercatmain.o)
 .text.ec_poperror
                0x0000000000000000       0x20 /home/xwh/SOEM_ALL/SOEM-1.3.1-2can/lib/linux/libsoem.a(ethercatmain.o)
 .text.ec_iserror
                0x0000000000000000        0xd /home/xwh/SOEM_ALL/SOEM-1.3.1-2can/lib/linux/libsoem.a(ethercatmain.o)
 .text.ec_packeterror
                0x0000000000000000       0x46 /home/xwh/SOEM_ALL/SOEM-1.3.1-2can/lib/linux/libsoem.a(ethercatmain.o)
 .text.ec_init_redundant
                0x0000000000000000       0x34 /home/xwh/SOEM_ALL/SOEM-1.3.1-2can/lib/linux/libsoem.a(ethercatmain.o)
 .text.ec_close
                0x0000000000000000       0x16 /home/xwh/SOEM_ALL/SOEM-1.3.1-2can/lib/linux/libsoem.a(ethercatmain.o)
 .text.ec_siigetbyte
                0x0000000000000000       0x2f /home/xwh/SOEM_ALL/SOEM-1.3.1-2can/lib/linux/libsoem.a(ethercatmain.o)
 .text.ec_siifind
                0x0000000000000000       0x2f /home/xwh/SOEM_ALL/SOEM-1.3.1-2can/lib/linux/libsoem.a(ethercatmain.o)
 .text.ec_siistring
                0x0000000000000000       0x3b /home/xwh/SOEM_ALL/SOEM-1.3.1-2can/lib/linux/libsoem.a(ethercatmain.o)
 .text.ec_siiFMMU
                0x0000000000000000       0x2b /home/xwh/SOEM_ALL/SOEM-1.3.1-2can/lib/linux/libsoem.a(ethercatmain.o)
 .text.ec_siiSM
                0x0000000000000000       0x2b /home/xwh/SOEM_ALL/SOEM-1.3.1-2can/lib/linux/libsoem.a(ethercatmain.o)
 .text.ec_siiSMnext
                0x0000000000000000       0x39 /home/xwh/SOEM_ALL/SOEM-1.3.1-2can/lib/linux/libsoem.a(ethercatmain.o)
 .text.ec_siiPDO
                0x0000000000000000       0x38 /home/xwh/SOEM_ALL/SOEM-1.3.1-2can/lib/linux/libsoem.a(ethercatmain.o)
 .text.ec_mbxempty
                0x0000000000000000       0x2b /home/xwh/SOEM_ALL/SOEM-1.3.1-2can/lib/linux/libsoem.a(ethercatmain.o)
 .text.ec_mbxsend
                0x0000000000000000       0x33 /home/xwh/SOEM_ALL/SOEM-1.3.1-2can/lib/linux/libsoem.a(ethercatmain.o)
 .text.ec_mbxreceive
                0x0000000000000000       0x33 /home/xwh/SOEM_ALL/SOEM-1.3.1-2can/lib/linux/libsoem.a(ethercatmain.o)
 .text.ec_esidump
                0x0000000000000000       0x2c /home/xwh/SOEM_ALL/SOEM-1.3.1-2can/lib/linux/libsoem.a(ethercatmain.o)
 .text.ec_readeeprom
                0x0000000000000000       0x39 /home/xwh/SOEM_ALL/SOEM-1.3.1-2can/lib/linux/libsoem.a(ethercatmain.o)
 .text.ec_writeeeprom
                0x0000000000000000       0x44 /home/xwh/SOEM_ALL/SOEM-1.3.1-2can/lib/linux/libsoem.a(ethercatmain.o)
 .text.ec_eeprom2master
                0x0000000000000000       0x23 /home/xwh/SOEM_ALL/SOEM-1.3.1-2can/lib/linux/libsoem.a(ethercatmain.o)
 .text.ec_eeprom2pdi
                0x0000000000000000       0x23 /home/xwh/SOEM_ALL/SOEM-1.3.1-2can/lib/linux/libsoem.a(ethercatmain.o)
 .text.ec_eeprom_waitnotbusyAP
                0x0000000000000000       0x33 /home/xwh/SOEM_ALL/SOEM-1.3.1-2can/lib/linux/libsoem.a(ethercatmain.o)
 .text.ec_readeepromAP
                0x0000000000000000       0x39 /home/xwh/SOEM_ALL/SOEM-1.3.1-2can/lib/linux/libsoem.a(ethercatmain.o)
 .text.ec_writeeepromAP
                0x0000000000000000       0x44 /home/xwh/SOEM_ALL/SOEM-1.3.1-2can/lib/linux/libsoem.a(ethercatmain.o)
 .text.ec_eeprom_waitnotbusyFP
                0x0000000000000000       0x33 /home/xwh/SOEM_ALL/SOEM-1.3.1-2can/lib/linux/libsoem.a(ethercatmain.o)
 .text.ec_readeepromFP
                0x0000000000000000       0x39 /home/xwh/SOEM_ALL/SOEM-1.3.1-2can/lib/linux/libsoem.a(ethercatmain.o)
 .text.ec_writeeepromFP
                0x0000000000000000       0x44 /home/xwh/SOEM_ALL/SOEM-1.3.1-2can/lib/linux/libsoem.a(ethercatmain.o)
 .text.ec_readeeprom1
                0x0000000000000000       0x30 /home/xwh/SOEM_ALL/SOEM-1.3.1-2can/lib/linux/libsoem.a(ethercatmain.o)
 .text.ec_readeeprom2
                0x0000000000000000       0x2b /home/xwh/SOEM_ALL/SOEM-1.3.1-2can/lib/linux/libsoem.a(ethercatmain.o)
 .text.ec_send_processdata_group
                0x0000000000000000       0x22 /home/xwh/SOEM_ALL/SOEM-1.3.1-2can/lib/linux/libsoem.a(ethercatmain.o)
 .text.ec_receive_processdata_group
                0x0000000000000000       0x2a /home/xwh/SOEM_ALL/SOEM-1.3.1-2can/lib/linux/libsoem.a(ethercatmain.o)
 .text.ec_send_processdata
                0x0000000000000000       0x13 /home/xwh/SOEM_ALL/SOEM-1.3.1-2can/lib/linux/libsoem.a(ethercatmain.o)
 .text.ec_receive_processdata
                0x0000000000000000       0x1d /home/xwh/SOEM_ALL/SOEM-1.3.1-2can/lib/linux/libsoem.a(ethercatmain.o)
 .note.GNU-stack
                0x0000000000000000        0x0 /home/xwh/SOEM_ALL/SOEM-1.3.1-2can/lib/linux/libsoem.a(ethercatmain.o)
 .text          0x0000000000000000        0x0 /home/xwh/SOEM_ALL/SOEM-1.3.1-2can/lib/linux/libsoem.a(ethercatprint.o)
 .data          0x0000000000000000        0x0 /home/xwh/SOEM_ALL/SOEM-1.3.1-2can/lib/linux/libsoem.a(ethercatprint.o)
 .bss           0x0000000000000000        0x0 /home/xwh/SOEM_ALL/SOEM-1.3.1-2can/lib/linux/libsoem.a(ethercatprint.o)
 .rodata        0x0000000000000000     0x4b48 /home/xwh/SOEM_ALL/SOEM-1.3.1-2can/lib/linux/libsoem.a(ethercatprint.o)
 .text.ec_sdoerror2string
                0x0000000000000000       0x86 /home/xwh/SOEM_ALL/SOEM-1.3.1-2can/lib/linux/libsoem.a(ethercatprint.o)
 .text.ec_ALstatuscode2string
                0x0000000000000000       0x8a /home/xwh/SOEM_ALL/SOEM-1.3.1-2can/lib/linux/libsoem.a(ethercatprint.o)
 .text.ec_soeerror2string
                0x0000000000000000       0x8a /home/xwh/SOEM_ALL/SOEM-1.3.1-2can/lib/linux/libsoem.a(ethercatprint.o)
 .text.ec_mbxerror2string
                0x0000000000000000       0x8a /home/xwh/SOEM_ALL/SOEM-1.3.1-2can/lib/linux/libsoem.a(ethercatprint.o)
 .text.ecx_elist2string
                0x0000000000000000      0x30a /home/xwh/SOEM_ALL/SOEM-1.3.1-2can/lib/linux/libsoem.a(ethercatprint.o)
 .text.ec_elist2string
                0x0000000000000000       0x15 /home/xwh/SOEM_ALL/SOEM-1.3.1-2can/lib/linux/libsoem.a(ethercatprint.o)
 .note.GNU-stack
                0x0000000000000000        0x0 /home/xwh/SOEM_ALL/SOEM-1.3.1-2can/lib/linux/libsoem.a(ethercatprint.o)
 COMMON         0x0000000000000000       0x7f /home/xwh/SOEM_ALL/SOEM-1.3.1-2can/lib/linux/libsoem.a(ethercatprint.o)
 .text          0x0000000000000000        0x0 /home/xwh/SOEM_ALL/SOEM-1.3.1-2can/lib/linux/libsoem.a(ethercatsoe.o)
 .data          0x0000000000000000        0x0 /home/xwh/SOEM_ALL/SOEM-1.3.1-2can/lib/linux/libsoem.a(ethercatsoe.o)
 .bss           0x0000000000000000        0x0 /home/xwh/SOEM_ALL/SOEM-1.3.1-2can/lib/linux/libsoem.a(ethercatsoe.o)
 .text.ecx_SoEerror
                0x0000000000000000       0xb4 /home/xwh/SOEM_ALL/SOEM-1.3.1-2can/lib/linux/libsoem.a(ethercatsoe.o)
 .text.ecx_SoEread
                0x0000000000000000      0x467 /home/xwh/SOEM_ALL/SOEM-1.3.1-2can/lib/linux/libsoem.a(ethercatsoe.o)
 .text.ecx_SoEwrite
                0x0000000000000000      0x476 /home/xwh/SOEM_ALL/SOEM-1.3.1-2can/lib/linux/libsoem.a(ethercatsoe.o)
 .text.ecx_readIDNmap
                0x0000000000000000      0x32f /home/xwh/SOEM_ALL/SOEM-1.3.1-2can/lib/linux/libsoem.a(ethercatsoe.o)
 .text.ec_SoEread
                0x0000000000000000       0x64 /home/xwh/SOEM_ALL/SOEM-1.3.1-2can/lib/linux/libsoem.a(ethercatsoe.o)
 .text.ec_SoEwrite
                0x0000000000000000       0x64 /home/xwh/SOEM_ALL/SOEM-1.3.1-2can/lib/linux/libsoem.a(ethercatsoe.o)
 .text.ec_readIDNmap
                0x0000000000000000       0x37 /home/xwh/SOEM_ALL/SOEM-1.3.1-2can/lib/linux/libsoem.a(ethercatsoe.o)
 .note.GNU-stack
                0x0000000000000000        0x0 /home/xwh/SOEM_ALL/SOEM-1.3.1-2can/lib/linux/libsoem.a(ethercatsoe.o)
 .text          0x0000000000000000        0x0 /home/xwh/SOEM_ALL/SOEM-1.3.1-2can/lib/linux/libsoem.a(ethercatbase.o)
 .data          0x0000000000000000        0x0 /home/xwh/SOEM_ALL/SOEM-1.3.1-2can/lib/linux/libsoem.a(ethercatbase.o)
 .bss           0x0000000000000000        0x0 /home/xwh/SOEM_ALL/SOEM-1.3.1-2can/lib/linux/libsoem.a(ethercatbase.o)
 .text.ecx_ARMW
                0x0000000000000000      0x101 /home/xwh/SOEM_ALL/SOEM-1.3.1-2can/lib/linux/libsoem.a(ethercatbase.o)
 .text.ecx_FRMW
                0x0000000000000000      0x101 /home/xwh/SOEM_ALL/SOEM-1.3.1-2can/lib/linux/libsoem.a(ethercatbase.o)
 .text.ecx_LRW  0x0000000000000000      0x124 /home/xwh/SOEM_ALL/SOEM-1.3.1-2can/lib/linux/libsoem.a(ethercatbase.o)
 .text.ecx_LRD  0x0000000000000000      0x124 /home/xwh/SOEM_ALL/SOEM-1.3.1-2can/lib/linux/libsoem.a(ethercatbase.o)
 .text.ecx_LWR  0x0000000000000000       0xc9 /home/xwh/SOEM_ALL/SOEM-1.3.1-2can/lib/linux/libsoem.a(ethercatbase.o)
 .text.ecx_LRWDC
                0x0000000000000000      0x23b /home/xwh/SOEM_ALL/SOEM-1.3.1-2can/lib/linux/libsoem.a(ethercatbase.o)
 .text.ec_setupdatagram
                0x0000000000000000       0x6e /home/xwh/SOEM_ALL/SOEM-1.3.1-2can/lib/linux/libsoem.a(ethercatbase.o)
 .text.ec_adddatagram
                0x0000000000000000       0x83 /home/xwh/SOEM_ALL/SOEM-1.3.1-2can/lib/linux/libsoem.a(ethercatbase.o)
 .text.ec_BWR   0x0000000000000000       0x54 /home/xwh/SOEM_ALL/SOEM-1.3.1-2can/lib/linux/libsoem.a(ethercatbase.o)
 .text.ec_BRD   0x0000000000000000       0x54 /home/xwh/SOEM_ALL/SOEM-1.3.1-2can/lib/linux/libsoem.a(ethercatbase.o)
 .text.ec_APRD  0x0000000000000000       0x54 /home/xwh/SOEM_ALL/SOEM-1.3.1-2can/lib/linux/libsoem.a(ethercatbase.o)
 .text.ec_ARMW  0x0000000000000000       0x54 /home/xwh/SOEM_ALL/SOEM-1.3.1-2can/lib/linux/libsoem.a(ethercatbase.o)
 .text.ec_FRMW  0x0000000000000000       0x54 /home/xwh/SOEM_ALL/SOEM-1.3.1-2can/lib/linux/libsoem.a(ethercatbase.o)
 .text.ec_APRDw
                0x0000000000000000       0x73 /home/xwh/SOEM_ALL/SOEM-1.3.1-2can/lib/linux/libsoem.a(ethercatbase.o)
 .text.ec_FPRD  0x0000000000000000       0x54 /home/xwh/SOEM_ALL/SOEM-1.3.1-2can/lib/linux/libsoem.a(ethercatbase.o)
 .text.ec_FPRDw
                0x0000000000000000       0x73 /home/xwh/SOEM_ALL/SOEM-1.3.1-2can/lib/linux/libsoem.a(ethercatbase.o)
 .text.ec_APWR  0x0000000000000000       0x54 /home/xwh/SOEM_ALL/SOEM-1.3.1-2can/lib/linux/libsoem.a(ethercatbase.o)
 .text.ec_APWRw
                0x0000000000000000       0x45 /home/xwh/SOEM_ALL/SOEM-1.3.1-2can/lib/linux/libsoem.a(ethercatbase.o)
 .text.ec_FPWR  0x0000000000000000       0x54 /home/xwh/SOEM_ALL/SOEM-1.3.1-2can/lib/linux/libsoem.a(ethercatbase.o)
 .text.ec_FPWRw
                0x0000000000000000       0x45 /home/xwh/SOEM_ALL/SOEM-1.3.1-2can/lib/linux/libsoem.a(ethercatbase.o)
 .text.ec_LRW   0x0000000000000000       0x40 /home/xwh/SOEM_ALL/SOEM-1.3.1-2can/lib/linux/libsoem.a(ethercatbase.o)
 .text.ec_LRD   0x0000000000000000       0x40 /home/xwh/SOEM_ALL/SOEM-1.3.1-2can/lib/linux/libsoem.a(ethercatbase.o)
 .text.ec_LWR   0x0000000000000000       0x40 /home/xwh/SOEM_ALL/SOEM-1.3.1-2can/lib/linux/libsoem.a(ethercatbase.o)
 .text.ec_LRWDC
                0x0000000000000000       0x61 /home/xwh/SOEM_ALL/SOEM-1.3.1-2can/lib/linux/libsoem.a(ethercatbase.o)
 .note.GNU-stack
                0x0000000000000000        0x0 /home/xwh/SOEM_ALL/SOEM-1.3.1-2can/lib/linux/libsoem.a(ethercatbase.o)
 .data          0x0000000000000000        0x0 /usr/lib/x86_64-linux-gnu/libc_nonshared.a(elf-init.oS)
 .bss           0x0000000000000000        0x0 /usr/lib/x86_64-linux-gnu/libc_nonshared.a(elf-init.oS)
 .note.GNU-stack
                0x0000000000000000        0x0 /usr/lib/x86_64-linux-gnu/libc_nonshared.a(elf-init.oS)
 .text          0x0000000000000000        0x0 /home/xwh/SOEM_ALL/SOEM-1.3.1-2can/lib/linux/liboshw.a(nicdrv.o)
 .data          0x0000000000000000        0x0 /home/xwh/SOEM_ALL/SOEM-1.3.1-2can/lib/linux/liboshw.a(nicdrv.o)
 .bss           0x0000000000000000        0x0 /home/xwh/SOEM_ALL/SOEM-1.3.1-2can/lib/linux/liboshw.a(nicdrv.o)
 .rodata        0x0000000000000000        0xc /home/xwh/SOEM_ALL/SOEM-1.3.1-2can/lib/linux/liboshw.a(nicdrv.o)
 .text.ecx_closenic
                0x0000000000000000       0x68 /home/xwh/SOEM_ALL/SOEM-1.3.1-2can/lib/linux/liboshw.a(nicdrv.o)
 .text.ecx_waitinframe
                0x0000000000000000       0x8b /home/xwh/SOEM_ALL/SOEM-1.3.1-2can/lib/linux/liboshw.a(nicdrv.o)
 .text.ec_setupnic
                0x0000000000000000       0x2a /home/xwh/SOEM_ALL/SOEM-1.3.1-2can/lib/linux/liboshw.a(nicdrv.o)
 .text.ec_closenic
                0x0000000000000000       0x15 /home/xwh/SOEM_ALL/SOEM-1.3.1-2can/lib/linux/liboshw.a(nicdrv.o)
 .text.ec_getindex
                0x0000000000000000       0x15 /home/xwh/SOEM_ALL/SOEM-1.3.1-2can/lib/linux/liboshw.a(nicdrv.o)
 .text.ec_setbufstat
                0x0000000000000000       0x26 /home/xwh/SOEM_ALL/SOEM-1.3.1-2can/lib/linux/liboshw.a(nicdrv.o)
 .text.ec_outframe
                0x0000000000000000       0x27 /home/xwh/SOEM_ALL/SOEM-1.3.1-2can/lib/linux/liboshw.a(nicdrv.o)
 .text.ec_outframe_red
                0x0000000000000000       0x1f /home/xwh/SOEM_ALL/SOEM-1.3.1-2can/lib/linux/liboshw.a(nicdrv.o)
 .text.ec_inframe
                0x0000000000000000       0x27 /home/xwh/SOEM_ALL/SOEM-1.3.1-2can/lib/linux/liboshw.a(nicdrv.o)
 .text.ec_waitinframe
                0x0000000000000000       0x27 /home/xwh/SOEM_ALL/SOEM-1.3.1-2can/lib/linux/liboshw.a(nicdrv.o)
 .text.ec_srconfirm
                0x0000000000000000       0x27 /home/xwh/SOEM_ALL/SOEM-1.3.1-2can/lib/linux/liboshw.a(nicdrv.o)
 .note.GNU-stack
                0x0000000000000000        0x0 /home/xwh/SOEM_ALL/SOEM-1.3.1-2can/lib/linux/liboshw.a(nicdrv.o)
 .text          0x0000000000000000        0x0 /home/xwh/SOEM_ALL/SOEM-1.3.1-2can/lib/linux/liboshw.a(oshw.o)
 .data          0x0000000000000000        0x0 /home/xwh/SOEM_ALL/SOEM-1.3.1-2can/lib/linux/liboshw.a(oshw.o)
 .bss           0x0000000000000000        0x0 /home/xwh/SOEM_ALL/SOEM-1.3.1-2can/lib/linux/liboshw.a(oshw.o)
 .text.oshw_htons
                0x0000000000000000       0x26 /home/xwh/SOEM_ALL/SOEM-1.3.1-2can/lib/linux/liboshw.a(oshw.o)
 .text.oshw_ntohs
                0x0000000000000000       0x26 /home/xwh/SOEM_ALL/SOEM-1.3.1-2can/lib/linux/liboshw.a(oshw.o)
 .text.oshw_find_adapters
                0x0000000000000000      0x19e /home/xwh/SOEM_ALL/SOEM-1.3.1-2can/lib/linux/liboshw.a(oshw.o)
 .text.oshw_free_adapters
                0x0000000000000000       0x67 /home/xwh/SOEM_ALL/SOEM-1.3.1-2can/lib/linux/liboshw.a(oshw.o)
 .note.GNU-stack
                0x0000000000000000        0x0 /home/xwh/SOEM_ALL/SOEM-1.3.1-2can/lib/linux/liboshw.a(oshw.o)
 .text          0x0000000000000000        0x0 /usr/lib/gcc/x86_64-linux-gnu/7/crtendS.o
 .data          0x0000000000000000        0x0 /usr/lib/gcc/x86_64-linux-gnu/7/crtendS.o
 .bss           0x0000000000000000        0x0 /usr/lib/gcc/x86_64-linux-gnu/7/crtendS.o
 .note.GNU-stack
                0x0000000000000000        0x0 /usr/lib/gcc/x86_64-linux-gnu/7/crtendS.o
 .text          0x0000000000000000        0x0 /usr/lib/gcc/x86_64-linux-gnu/7/../../../x86_64-linux-gnu/crtn.o
 .data          0x0000000000000000        0x0 /usr/lib/gcc/x86_64-linux-gnu/7/../../../x86_64-linux-gnu/crtn.o
 .bss           0x0000000000000000        0x0 /usr/lib/gcc/x86_64-linux-gnu/7/../../../x86_64-linux-gnu/crtn.o
 .note.GNU-stack
                0x0000000000000000        0x0 /usr/lib/gcc/x86_64-linux-gnu/7/../../../x86_64-linux-gnu/crtn.o

内存配置

名称           来源             长度             属性
*default*        0x0000000000000000 0xffffffffffffffff

链结器命令稿和内存映射

LOAD /usr/lib/gcc/x86_64-linux-gnu/7/../../../x86_64-linux-gnu/Scrt1.o
LOAD /usr/lib/gcc/x86_64-linux-gnu/7/../../../x86_64-linux-gnu/crti.o
LOAD /usr/lib/gcc/x86_64-linux-gnu/7/crtbeginS.o
LOAD obj/linux/main.o
LOAD obj/linux/multican.o
LOAD obj/linux/read_csv.o
LOAD obj/linux/simple_test.o
START GROUP
LOAD /home/xwh/SOEM_ALL/SOEM-1.3.1-2can/lib/linux/liboshw.a
LOAD /home/xwh/SOEM_ALL/SOEM-1.3.1-2can/lib/linux/libosal.a
LOAD /home/xwh/SOEM_ALL/SOEM-1.3.1-2can/lib/linux/libsoem.a
LOAD /usr/lib/gcc/x86_64-linux-gnu/7/../../../x86_64-linux-gnu/libc.so
START GROUP
LOAD /lib/x86_64-linux-gnu/libc.so.6
LOAD /usr/lib/x86_64-linux-gnu/libc_nonshared.a
LOAD /lib/x86_64-linux-gnu/ld-linux-x86-64.so.2
END GROUP
LOAD /usr/lib/gcc/x86_64-linux-gnu/7/../../../x86_64-linux-gnu/libm.so
START GROUP
LOAD /lib/x86_64-linux-gnu/libm.so.6
LOAD /usr/lib/x86_64-linux-gnu/libmvec_nonshared.a
LOAD /lib/x86_64-linux-gnu/libmvec.so.1
END GROUP
END GROUP
LOAD /usr/lib/gcc/x86_64-linux-gnu/7/../../../x86_64-linux-gnu/libpthread.so
START GROUP
LOAD /lib/x86_64-linux-gnu/libpthread.so.0
LOAD /usr/lib/x86_64-linux-gnu/libpthread_nonshared.a
END GROUP
LOAD /usr/lib/gcc/x86_64-linux-gnu/7/../../../x86_64-linux-gnu/librt.so
LOAD /usr/lib/gcc/x86_64-linux-gnu/7/libgcc.a
LOAD /usr/lib/gcc/x86_64-linux-gnu/7/libgcc_s.so
START GROUP
LOAD /usr/lib/gcc/x86_64-linux-gnu/7/libgcc_s.so.1
LOAD /usr/lib/gcc/x86_64-linux-gnu/7/libgcc.a
END GROUP
LOAD /usr/lib/gcc/x86_64-linux-gnu/7/../../../x86_64-linux-gnu/libc.so
START GROUP
LOAD /lib/x86_64-linux-gnu/libc.so.6
LOAD /usr/lib/x86_64-linux-gnu/libc_nonshared.a
LOAD /lib/x86_64-linux-gnu/ld-linux-x86-64.so.2
END GROUP
LOAD /usr/lib/gcc/x86_64-linux-gnu/7/libgcc.a
LOAD /usr/lib/gcc/x86_64-linux-gnu/7/libgcc_s.so
START GROUP
LOAD /usr/lib/gcc/x86_64-linux-gnu/7/libgcc_s.so.1
LOAD /usr/lib/gcc/x86_64-linux-gnu/7/libgcc.a
END GROUP
LOAD /usr/lib/gcc/x86_64-linux-gnu/7/crtendS.o
LOAD /usr/lib/gcc/x86_64-linux-gnu/7/../../../x86_64-linux-gnu/crtn.o
                [!provide]                        PROVIDE (__executable_start = SEGMENT_START ("text-segment", 0x0))
                0x0000000000000238                . = (SEGMENT_START ("text-segment", 0x0) + SIZEOF_HEADERS)

.interp         0x0000000000000238       0x1c
 *(.interp)
 .interp        0x0000000000000238       0x1c /usr/lib/gcc/x86_64-linux-gnu/7/../../../x86_64-linux-gnu/Scrt1.o

.note.ABI-tag   0x0000000000000254       0x20
 .note.ABI-tag  0x0000000000000254       0x20 /usr/lib/gcc/x86_64-linux-gnu/7/../../../x86_64-linux-gnu/Scrt1.o

.note.gnu.build-id
                0x0000000000000274       0x24
 *(.note.gnu.build-id)
 .note.gnu.build-id
                0x0000000000000274       0x24 /usr/lib/gcc/x86_64-linux-gnu/7/../../../x86_64-linux-gnu/Scrt1.o

.hash
 *(.hash)

.gnu.hash       0x0000000000000298       0x1c
 *(.gnu.hash)
 .gnu.hash      0x0000000000000298       0x1c /usr/lib/gcc/x86_64-linux-gnu/7/../../../x86_64-linux-gnu/Scrt1.o

.dynsym         0x00000000000002b8      0x300
 *(.dynsym)
 .dynsym        0x00000000000002b8      0x300 /usr/lib/gcc/x86_64-linux-gnu/7/../../../x86_64-linux-gnu/Scrt1.o

.dynstr         0x00000000000005b8      0x1c0
 *(.dynstr)
 .dynstr        0x00000000000005b8      0x1c0 /usr/lib/gcc/x86_64-linux-gnu/7/../../../x86_64-linux-gnu/Scrt1.o

.gnu.version    0x0000000000000778       0x40
 *(.gnu.version)
 .gnu.version   0x0000000000000778       0x40 /usr/lib/gcc/x86_64-linux-gnu/7/../../../x86_64-linux-gnu/Scrt1.o

.gnu.version_d  0x00000000000007b8        0x0
 *(.gnu.version_d)
 .gnu.version_d
                0x00000000000007b8        0x0 /usr/lib/gcc/x86_64-linux-gnu/7/../../../x86_64-linux-gnu/Scrt1.o

.gnu.version_r  0x00000000000007b8       0x70
 *(.gnu.version_r)
 .gnu.version_r
                0x00000000000007b8       0x70 /usr/lib/gcc/x86_64-linux-gnu/7/../../../x86_64-linux-gnu/Scrt1.o

.rela.dyn       0x0000000000000828      0x240
 *(.rela.init)
 *(.rela.text .rela.text.* .rela.gnu.linkonce.t.*)
 .rela.text.init_setting
                0x0000000000000828        0x0 /usr/lib/gcc/x86_64-linux-gnu/7/../../../x86_64-linux-gnu/Scrt1.o
 .rela.text.main
                0x0000000000000828        0x0 /usr/lib/gcc/x86_64-linux-gnu/7/../../../x86_64-linux-gnu/Scrt1.o
 .rela.text.ethercatcheck
                0x0000000000000828        0x0 /usr/lib/gcc/x86_64-linux-gnu/7/../../../x86_64-linux-gnu/Scrt1.o
 .rela.text     0x0000000000000828        0x0 /usr/lib/gcc/x86_64-linux-gnu/7/../../../x86_64-linux-gnu/Scrt1.o
 *(.rela.fini)
 *(.rela.rodata .rela.rodata.* .rela.gnu.linkonce.r.*)
 *(.rela.data .rela.data.* .rela.gnu.linkonce.d.*)
 .rela.data.rel.ro
                0x0000000000000828        0x0 /usr/lib/gcc/x86_64-linux-gnu/7/../../../x86_64-linux-gnu/Scrt1.o
 .rela.data.rel.local
                0x0000000000000828      0x180 /usr/lib/gcc/x86_64-linux-gnu/7/../../../x86_64-linux-gnu/Scrt1.o
 *(.rela.tdata .rela.tdata.* .rela.gnu.linkonce.td.*)
 *(.rela.tbss .rela.tbss.* .rela.gnu.linkonce.tb.*)
 *(.rela.ctors)
 *(.rela.dtors)
 *(.rela.got)
 .rela.got      0x00000000000009a8       0x90 /usr/lib/gcc/x86_64-linux-gnu/7/../../../x86_64-linux-gnu/Scrt1.o
 *(.rela.bss .rela.bss.* .rela.gnu.linkonce.b.*)
 .rela.bss      0x0000000000000a38        0x0 /usr/lib/gcc/x86_64-linux-gnu/7/../../../x86_64-linux-gnu/Scrt1.o
 *(.rela.ldata .rela.ldata.* .rela.gnu.linkonce.l.*)
 *(.rela.lbss .rela.lbss.* .rela.gnu.linkonce.lb.*)
 *(.rela.lrodata .rela.lrodata.* .rela.gnu.linkonce.lr.*)
 *(.rela.ifunc)
 .rela.ifunc    0x0000000000000a38        0x0 /usr/lib/gcc/x86_64-linux-gnu/7/../../../x86_64-linux-gnu/Scrt1.o
 .rela.fini_array
                0x0000000000000a38       0x18 /usr/lib/gcc/x86_64-linux-gnu/7/../../../x86_64-linux-gnu/Scrt1.o
 .rela.init_array
                0x0000000000000a50       0x18 /usr/lib/gcc/x86_64-linux-gnu/7/../../../x86_64-linux-gnu/Scrt1.o

.rela.plt       0x0000000000000a68      0x258
 *(.rela.plt)
 .rela.plt      0x0000000000000a68      0x258 /usr/lib/gcc/x86_64-linux-gnu/7/../../../x86_64-linux-gnu/Scrt1.o
                [!provide]                        PROVIDE (__rela_iplt_start = .)
 *(.rela.iplt)
                [!provide]                        PROVIDE (__rela_iplt_end = .)

.init           0x0000000000000cc0       0x17
 *(SORT_NONE(.init))
 .init          0x0000000000000cc0       0x12 /usr/lib/gcc/x86_64-linux-gnu/7/../../../x86_64-linux-gnu/crti.o
                0x0000000000000cc0                _init
 .init          0x0000000000000cd2        0x5 /usr/lib/gcc/x86_64-linux-gnu/7/../../../x86_64-linux-gnu/crtn.o

.plt            0x0000000000000ce0      0x1a0
 *(.plt)
 .plt           0x0000000000000ce0      0x1a0 /usr/lib/gcc/x86_64-linux-gnu/7/../../../x86_64-linux-gnu/Scrt1.o
 *(.iplt)

.plt.got        0x0000000000000e80        0x8
 *(.plt.got)
 .plt.got       0x0000000000000e80        0x8 /usr/lib/gcc/x86_64-linux-gnu/7/../../../x86_64-linux-gnu/Scrt1.o

.plt.sec
 *(.plt.sec)

.text           0x0000000000000e90     0x759c
 *(.text.unlikely .text.*_unlikely .text.unlikely.*)
 *(.text.exit .text.exit.*)
 *(.text.startup .text.startup.*)
 *(.text.hot .text.hot.*)
 *(.text .stub .text.* .gnu.linkonce.t.*)
 .text          0x0000000000000e90       0x2b /usr/lib/gcc/x86_64-linux-gnu/7/../../../x86_64-linux-gnu/Scrt1.o
                0x0000000000000e90                _start
 *fill*         0x0000000000000ebb        0x5 
 .text          0x0000000000000ec0       0xda /usr/lib/gcc/x86_64-linux-gnu/7/crtbeginS.o
 .text.init_setting
                0x0000000000000f9a       0x99 obj/linux/multican.o
                0x0000000000000f9a                init_setting
 .text.main     0x0000000000001033       0x5e obj/linux/multican.o
                0x0000000000001033                main
 .text.ethercatcheck
                0x0000000000001091      0x4cd obj/linux/multican.o
                0x0000000000001091                ethercatcheck
 .text.osal_usleep
                0x000000000000155e       0x84 /home/xwh/SOEM_ALL/SOEM-1.3.1-2can/lib/linux/libosal.a(osal.o)
                0x000000000000155e                osal_usleep
 .text.osal_gettimeofday
                0x00000000000015e2       0x8a /home/xwh/SOEM_ALL/SOEM-1.3.1-2can/lib/linux/libosal.a(osal.o)
                0x00000000000015e2                osal_gettimeofday
 .text.osal_timer_start
                0x000000000000166c       0xf0 /home/xwh/SOEM_ALL/SOEM-1.3.1-2can/lib/linux/libosal.a(osal.o)
                0x000000000000166c                osal_timer_start
 .text.osal_timer_is_expired
                0x000000000000175c       0xa5 /home/xwh/SOEM_ALL/SOEM-1.3.1-2can/lib/linux/libosal.a(osal.o)
                0x000000000000175c                osal_timer_is_expired
 .text.osal_thread_create
                0x0000000000001801       0xa0 /home/xwh/SOEM_ALL/SOEM-1.3.1-2can/lib/linux/libosal.a(osal.o)
                0x0000000000001801                osal_thread_create
 .text.ec_findconfig
                0x00000000000018a1       0xc0 /home/xwh/SOEM_ALL/SOEM-1.3.1-2can/lib/linux/libsoem.a(ethercatconfig.o)
                0x00000000000018a1                ec_findconfig
 .text.ecx_init_context
                0x0000000000001961       0xd8 /home/xwh/SOEM_ALL/SOEM-1.3.1-2can/lib/linux/libsoem.a(ethercatconfig.o)
                0x0000000000001961                ecx_init_context
 .text.ecx_detect_slaves
                0x0000000000001a39      0x10f /home/xwh/SOEM_ALL/SOEM-1.3.1-2can/lib/linux/libsoem.a(ethercatconfig.o)
                0x0000000000001a39                ecx_detect_slaves
 .text.ecx_set_slaves_to_default
                0x0000000000001b48      0x295 /home/xwh/SOEM_ALL/SOEM-1.3.1-2can/lib/linux/libsoem.a(ethercatconfig.o)
 .text.ecx_config_from_table
                0x0000000000001ddd      0x3cc /home/xwh/SOEM_ALL/SOEM-1.3.1-2can/lib/linux/libsoem.a(ethercatconfig.o)
 .text.ecx_lookup_prev_sii
                0x00000000000021a9      0x751 /home/xwh/SOEM_ALL/SOEM-1.3.1-2can/lib/linux/libsoem.a(ethercatconfig.o)
 .text.ecx_config_init
                0x00000000000028fa     0x1790 /home/xwh/SOEM_ALL/SOEM-1.3.1-2can/lib/linux/libsoem.a(ethercatconfig.o)
                0x00000000000028fa                ecx_config_init
 .text.ecx_recover_slave
                0x000000000000408a      0x39c /home/xwh/SOEM_ALL/SOEM-1.3.1-2can/lib/linux/libsoem.a(ethercatconfig.o)
                0x000000000000408a                ecx_recover_slave
 .text.ecx_reconfig_slave
                0x0000000000004426      0x34c /home/xwh/SOEM_ALL/SOEM-1.3.1-2can/lib/linux/libsoem.a(ethercatconfig.o)
                0x0000000000004426                ecx_reconfig_slave
 .text.ec_config_init
                0x0000000000004772       0x22 /home/xwh/SOEM_ALL/SOEM-1.3.1-2can/lib/linux/libsoem.a(ethercatconfig.o)
                0x0000000000004772                ec_config_init
 .text.ec_recover_slave
                0x0000000000004794       0x2b /home/xwh/SOEM_ALL/SOEM-1.3.1-2can/lib/linux/libsoem.a(ethercatconfig.o)
                0x0000000000004794                ec_recover_slave
 .text.ec_reconfig_slave
                0x00000000000047bf       0x2b /home/xwh/SOEM_ALL/SOEM-1.3.1-2can/lib/linux/libsoem.a(ethercatconfig.o)
                0x00000000000047bf                ec_reconfig_slave
 .text.ecx_init
                0x00000000000047ea       0x2e /home/xwh/SOEM_ALL/SOEM-1.3.1-2can/lib/linux/libsoem.a(ethercatmain.o)
                0x00000000000047ea                ecx_init
 .text.ecx_siigetbyte
                0x0000000000004818      0x2a9 /home/xwh/SOEM_ALL/SOEM-1.3.1-2can/lib/linux/libsoem.a(ethercatmain.o)
                0x0000000000004818                ecx_siigetbyte
 .text.ecx_siifind
                0x0000000000004ac1      0x1d4 /home/xwh/SOEM_ALL/SOEM-1.3.1-2can/lib/linux/libsoem.a(ethercatmain.o)
                0x0000000000004ac1                ecx_siifind
 .text.ecx_siistring
                0x0000000000004c95      0x1e8 /home/xwh/SOEM_ALL/SOEM-1.3.1-2can/lib/linux/libsoem.a(ethercatmain.o)
                0x0000000000004c95                ecx_siistring
 .text.ecx_siiFMMU
                0x0000000000004e7d      0x226 /home/xwh/SOEM_ALL/SOEM-1.3.1-2can/lib/linux/libsoem.a(ethercatmain.o)
                0x0000000000004e7d                ecx_siiFMMU
 .text.ecx_siiSM
                0x00000000000050a3      0x2c2 /home/xwh/SOEM_ALL/SOEM-1.3.1-2can/lib/linux/libsoem.a(ethercatmain.o)
                0x00000000000050a3                ecx_siiSM
 .text.ecx_siiSMnext
                0x0000000000005365      0x249 /home/xwh/SOEM_ALL/SOEM-1.3.1-2can/lib/linux/libsoem.a(ethercatmain.o)
                0x0000000000005365                ecx_siiSMnext
 .text.ecx_FPRD_multi
                0x00000000000055ae      0x301 /home/xwh/SOEM_ALL/SOEM-1.3.1-2can/lib/linux/libsoem.a(ethercatmain.o)
                0x00000000000055ae                ecx_FPRD_multi
 .text.ecx_readstate
                0x00000000000058af      0x336 /home/xwh/SOEM_ALL/SOEM-1.3.1-2can/lib/linux/libsoem.a(ethercatmain.o)
                0x00000000000058af                ecx_readstate
 .text.ecx_writestate
                0x0000000000005be5      0x121 /home/xwh/SOEM_ALL/SOEM-1.3.1-2can/lib/linux/libsoem.a(ethercatmain.o)
                0x0000000000005be5                ecx_writestate
 .text.ecx_statecheck
                0x0000000000005d06      0x1da /home/xwh/SOEM_ALL/SOEM-1.3.1-2can/lib/linux/libsoem.a(ethercatmain.o)
                0x0000000000005d06                ecx_statecheck
 .text.ecx_readeeprom
                0x0000000000005ee0       0x7e /home/xwh/SOEM_ALL/SOEM-1.3.1-2can/lib/linux/libsoem.a(ethercatmain.o)
                0x0000000000005ee0                ecx_readeeprom
 .text.ecx_eeprom2master
                0x0000000000005f5e      0x181 /home/xwh/SOEM_ALL/SOEM-1.3.1-2can/lib/linux/libsoem.a(ethercatmain.o)
                0x0000000000005f5e                ecx_eeprom2master
 .text.ecx_eeprom2pdi
                0x00000000000060df      0x12c /home/xwh/SOEM_ALL/SOEM-1.3.1-2can/lib/linux/libsoem.a(ethercatmain.o)
                0x00000000000060df                ecx_eeprom2pdi
 .text.ecx_eeprom_waitnotbusyFP
                0x000000000000620b      0x113 /home/xwh/SOEM_ALL/SOEM-1.3.1-2can/lib/linux/libsoem.a(ethercatmain.o)
                0x000000000000620b                ecx_eeprom_waitnotbusyFP
 .text.ecx_readeepromFP
                0x000000000000631e      0x273 /home/xwh/SOEM_ALL/SOEM-1.3.1-2can/lib/linux/libsoem.a(ethercatmain.o)
                0x000000000000631e                ecx_readeepromFP
 .text.ecx_readeeprom1
                0x0000000000006591      0x15b /home/xwh/SOEM_ALL/SOEM-1.3.1-2can/lib/linux/libsoem.a(ethercatmain.o)
                0x0000000000006591                ecx_readeeprom1
 .text.ecx_readeeprom2
                0x00000000000066ec       0xee /home/xwh/SOEM_ALL/SOEM-1.3.1-2can/lib/linux/libsoem.a(ethercatmain.o)
                0x00000000000066ec                ecx_readeeprom2
 .text.ec_init  0x00000000000067da       0x22 /home/xwh/SOEM_ALL/SOEM-1.3.1-2can/lib/linux/libsoem.a(ethercatmain.o)
                0x00000000000067da                ec_init
 .text.ec_readstate
                0x00000000000067fc       0x15 /home/xwh/SOEM_ALL/SOEM-1.3.1-2can/lib/linux/libsoem.a(ethercatmain.o)
                0x00000000000067fc                ec_readstate
 .text.ec_writestate
                0x0000000000006811       0x23 /home/xwh/SOEM_ALL/SOEM-1.3.1-2can/lib/linux/libsoem.a(ethercatmain.o)
                0x0000000000006811                ec_writestate
 .text.ec_statecheck
                0x0000000000006834       0x39 /home/xwh/SOEM_ALL/SOEM-1.3.1-2can/lib/linux/libsoem.a(ethercatmain.o)
                0x0000000000006834                ec_statecheck
 .text.ecx_writedatagramdata
                0x000000000000686d       0x89 /home/xwh/SOEM_ALL/SOEM-1.3.1-2can/lib/linux/libsoem.a(ethercatbase.o)
 .text.ecx_setupdatagram
                0x00000000000068f6      0x118 /home/xwh/SOEM_ALL/SOEM-1.3.1-2can/lib/linux/libsoem.a(ethercatbase.o)
                0x00000000000068f6                ecx_setupdatagram
 .text.ecx_adddatagram
                0x0000000000006a0e      0x1ae /home/xwh/SOEM_ALL/SOEM-1.3.1-2can/lib/linux/libsoem.a(ethercatbase.o)
                0x0000000000006a0e                ecx_adddatagram
 .text.ecx_BWR  0x0000000000006bbc       0xc8 /home/xwh/SOEM_ALL/SOEM-1.3.1-2can/lib/linux/libsoem.a(ethercatbase.o)
                0x0000000000006bbc                ecx_BWR
 .text.ecx_BRD  0x0000000000006c84      0x101 /home/xwh/SOEM_ALL/SOEM-1.3.1-2can/lib/linux/libsoem.a(ethercatbase.o)
                0x0000000000006c84                ecx_BRD
 .text.ecx_APRD
                0x0000000000006d85      0x101 /home/xwh/SOEM_ALL/SOEM-1.3.1-2can/lib/linux/libsoem.a(ethercatbase.o)
                0x0000000000006d85                ecx_APRD
 .text.ecx_APRDw
                0x0000000000006e86       0x7c /home/xwh/SOEM_ALL/SOEM-1.3.1-2can/lib/linux/libsoem.a(ethercatbase.o)
                0x0000000000006e86                ecx_APRDw
 .text.ecx_FPRD
                0x0000000000006f02      0x101 /home/xwh/SOEM_ALL/SOEM-1.3.1-2can/lib/linux/libsoem.a(ethercatbase.o)
                0x0000000000006f02                ecx_FPRD
 .text.ecx_FPRDw
                0x0000000000007003       0x7c /home/xwh/SOEM_ALL/SOEM-1.3.1-2can/lib/linux/libsoem.a(ethercatbase.o)
                0x0000000000007003                ecx_FPRDw
 .text.ecx_APWR
                0x000000000000707f       0xc8 /home/xwh/SOEM_ALL/SOEM-1.3.1-2can/lib/linux/libsoem.a(ethercatbase.o)
                0x000000000000707f                ecx_APWR
 .text.ecx_APWRw
                0x0000000000007147       0x51 /home/xwh/SOEM_ALL/SOEM-1.3.1-2can/lib/linux/libsoem.a(ethercatbase.o)
                0x0000000000007147                ecx_APWRw
 .text.ecx_FPWR
                0x0000000000007198       0xc8 /home/xwh/SOEM_ALL/SOEM-1.3.1-2can/lib/linux/libsoem.a(ethercatbase.o)
                0x0000000000007198                ecx_FPWR
 .text.ecx_FPWRw
                0x0000000000007260       0x51 /home/xwh/SOEM_ALL/SOEM-1.3.1-2can/lib/linux/libsoem.a(ethercatbase.o)
                0x0000000000007260                ecx_FPWRw
 *fill*         0x00000000000072b1        0xf 
 .text          0x00000000000072c0       0x72 /usr/lib/x86_64-linux-gnu/libc_nonshared.a(elf-init.oS)
                0x00000000000072c0                __libc_csu_init
                0x0000000000007330                __libc_csu_fini
 .text.ecx_clear_rxbufstat
                0x0000000000007332       0x39 /home/xwh/SOEM_ALL/SOEM-1.3.1-2can/lib/linux/liboshw.a(nicdrv.o)
 .text.ecx_setupnic
                0x000000000000736b      0x4fc /home/xwh/SOEM_ALL/SOEM-1.3.1-2can/lib/linux/liboshw.a(nicdrv.o)
                0x000000000000736b                ecx_setupnic
 .text.ec_setupheader
                0x0000000000007867       0xba /home/xwh/SOEM_ALL/SOEM-1.3.1-2can/lib/linux/liboshw.a(nicdrv.o)
                0x0000000000007867                ec_setupheader
 .text.ecx_getindex
                0x0000000000007921       0xf9 /home/xwh/SOEM_ALL/SOEM-1.3.1-2can/lib/linux/liboshw.a(nicdrv.o)
                0x0000000000007921                ecx_getindex
 .text.ecx_setbufstat
                0x0000000000007a1a       0x5b /home/xwh/SOEM_ALL/SOEM-1.3.1-2can/lib/linux/liboshw.a(nicdrv.o)
                0x0000000000007a1a                ecx_setbufstat
 .text.ecx_outframe
                0x0000000000007a75       0xa5 /home/xwh/SOEM_ALL/SOEM-1.3.1-2can/lib/linux/liboshw.a(nicdrv.o)
                0x0000000000007a75                ecx_outframe
 .text.ecx_outframe_red
                0x0000000000007b1a      0x145 /home/xwh/SOEM_ALL/SOEM-1.3.1-2can/lib/linux/liboshw.a(nicdrv.o)
                0x0000000000007b1a                ecx_outframe_red
 .text.ecx_recvpkt
                0x0000000000007c5f       0x82 /home/xwh/SOEM_ALL/SOEM-1.3.1-2can/lib/linux/liboshw.a(nicdrv.o)
 .text.ecx_inframe
                0x0000000000007ce1      0x2fd /home/xwh/SOEM_ALL/SOEM-1.3.1-2can/lib/linux/liboshw.a(nicdrv.o)
                0x0000000000007ce1                ecx_inframe
 .text.ecx_waitinframe_red
                0x0000000000007fde      0x361 /home/xwh/SOEM_ALL/SOEM-1.3.1-2can/lib/linux/liboshw.a(nicdrv.o)
 .text.ecx_srconfirm
                0x000000000000833f       0xed /home/xwh/SOEM_ALL/SOEM-1.3.1-2can/lib/linux/liboshw.a(nicdrv.o)
                0x000000000000833f                ecx_srconfirm
 *(.gnu.warning)

.fini           0x000000000000842c        0x9
 *(SORT_NONE(.fini))
 .fini          0x000000000000842c        0x4 /usr/lib/gcc/x86_64-linux-gnu/7/../../../x86_64-linux-gnu/crti.o
                0x000000000000842c                _fini
 .fini          0x0000000000008430        0x5 /usr/lib/gcc/x86_64-linux-gnu/7/../../../x86_64-linux-gnu/crtn.o
                [!provide]                        PROVIDE (__etext = .)
                [!provide]                        PROVIDE (_etext = .)
                [!provide]                        PROVIDE (etext = .)

.rodata         0x0000000000008440      0x8e0
 *(.rodata .rodata.* .gnu.linkonce.r.*)
 .rodata        0x0000000000008440      0x1c5 obj/linux/multican.o
 *fill*         0x0000000000008605       0x1b 
 .rodata        0x0000000000008620      0x6d2 /home/xwh/SOEM_ALL/SOEM-1.3.1-2can/lib/linux/libsoem.a(ethercatconfig.o)
                0x0000000000008620                ec_configlist
 *fill*         0x0000000000008cf2        0x2 
 .rodata        0x0000000000008cf4       0x2c /home/xwh/SOEM_ALL/SOEM-1.3.1-2can/lib/linux/libsoem.a(ethercatbase.o)

.rodata1
 *(.rodata1)

.eh_frame_hdr   0x0000000000008d20      0x244
 *(.eh_frame_hdr)
 .eh_frame_hdr  0x0000000000008d20      0x244 /usr/lib/gcc/x86_64-linux-gnu/7/../../../x86_64-linux-gnu/Scrt1.o
                0x0000000000008d20                __GNU_EH_FRAME_HDR
 *(.eh_frame_entry .eh_frame_entry.*)

.eh_frame       0x0000000000008f68      0x814
 *(.eh_frame)
 .eh_frame      0x0000000000008f68       0x30 /usr/lib/gcc/x86_64-linux-gnu/7/../../../x86_64-linux-gnu/Scrt1.o
                                         0x2c (松开之前的大小)
 *fill*         0x0000000000008f98        0x0 
 .eh_frame      0x0000000000008f98       0x40 /usr/lib/gcc/x86_64-linux-gnu/7/../../../x86_64-linux-gnu/Scrt1.o
 .eh_frame      0x0000000000008fd8       0x18 /usr/lib/gcc/x86_64-linux-gnu/7/../../../x86_64-linux-gnu/Scrt1.o
                                         0x30 (松开之前的大小)
 .eh_frame      0x0000000000008ff0        0x0 obj/linux/main.o
                                         0x38 (松开之前的大小)
 .eh_frame      0x0000000000008ff0       0x48 obj/linux/multican.o
                                         0x60 (松开之前的大小)
 .eh_frame      0x0000000000009038        0x0 obj/linux/read_csv.o
                                         0x50 (松开之前的大小)
 .eh_frame      0x0000000000009038        0x0 obj/linux/simple_test.o
                                        0x260 (松开之前的大小)
 .eh_frame      0x0000000000009038       0x80 /home/xwh/SOEM_ALL/SOEM-1.3.1-2can/lib/linux/libosal.a(osal.o)
                                        0x110 (松开之前的大小)
 .eh_frame      0x00000000000090b8        0x0 /home/xwh/SOEM_ALL/SOEM-1.3.1-2can/lib/linux/libsoem.a(ethercatcoe.o)
                                        0x330 (松开之前的大小)
 .eh_frame      0x00000000000090b8      0x140 /home/xwh/SOEM_ALL/SOEM-1.3.1-2can/lib/linux/libsoem.a(ethercatconfig.o)
                                        0x268 (松开之前的大小)
 .eh_frame      0x00000000000091f8        0x0 /home/xwh/SOEM_ALL/SOEM-1.3.1-2can/lib/linux/libsoem.a(ethercatdc.o)
                                         0xf8 (松开之前的大小)
 .eh_frame      0x00000000000091f8      0x280 /home/xwh/SOEM_ALL/SOEM-1.3.1-2can/lib/linux/libsoem.a(ethercatmain.o)
                                        0x8c8 (松开之前的大小)
 .eh_frame      0x0000000000009478        0x0 /home/xwh/SOEM_ALL/SOEM-1.3.1-2can/lib/linux/libsoem.a(ethercatprint.o)
                                         0xc0 (松开之前的大小)
 .eh_frame      0x0000000000009478        0x0 /home/xwh/SOEM_ALL/SOEM-1.3.1-2can/lib/linux/libsoem.a(ethercatsoe.o)
                                        0x110 (松开之前的大小)
 .eh_frame      0x0000000000009478      0x188 /home/xwh/SOEM_ALL/SOEM-1.3.1-2can/lib/linux/libsoem.a(ethercatbase.o)
                                        0x460 (松开之前的大小)
 .eh_frame      0x0000000000009600       0x60 /usr/lib/x86_64-linux-gnu/libc_nonshared.a(elf-init.oS)
                                         0x78 (松开之前的大小)
 .eh_frame      0x0000000000009660      0x118 /home/xwh/SOEM_ALL/SOEM-1.3.1-2can/lib/linux/liboshw.a(nicdrv.o)
                                        0x238 (松开之前的大小)
 .eh_frame      0x0000000000009778        0x0 /home/xwh/SOEM_ALL/SOEM-1.3.1-2can/lib/linux/liboshw.a(oshw.o)
                                         0x80 (松开之前的大小)
 .eh_frame      0x0000000000009778        0x4 /usr/lib/gcc/x86_64-linux-gnu/7/crtendS.o
 *(.eh_frame.*)

.gcc_except_table
 *(.gcc_except_table .gcc_except_table.*)

.gnu_extab
 *(.gnu_extab*)

.exception_ranges
 *(.exception_ranges .exception_ranges*)
                0x0000000000209cd0                . = DATA_SEGMENT_ALIGN (CONSTANT (MAXPAGESIZE), CONSTANT (COMMONPAGESIZE))

.eh_frame
 *(.eh_frame)
 *(.eh_frame.*)

.gnu_extab
 *(.gnu_extab)

.gcc_except_table
 *(.gcc_except_table .gcc_except_table.*)

.exception_ranges
 *(.exception_ranges .exception_ranges*)

.tdata
 *(.tdata .tdata.* .gnu.linkonce.td.*)

.tbss
 *(.tbss .tbss.* .gnu.linkonce.tb.*)
 *(.tcommon)

.preinit_array  0x0000000000209cd0        0x0
                [!provide]                        PROVIDE (__preinit_array_start = .)
 *(.preinit_array)
                [!provide]                        PROVIDE (__preinit_array_end = .)

.init_array     0x0000000000209cd0        0x8
                0x0000000000209cd0                PROVIDE (__init_array_start = .)
 *(SORT_BY_INIT_PRIORITY(.init_array.*) SORT_BY_INIT_PRIORITY(.ctors.*))
 *(.init_array EXCLUDE_FILE(*crtend?.o *crtend.o *crtbegin?.o *crtbegin.o) .ctors)
 .init_array    0x0000000000209cd0        0x8 /usr/lib/gcc/x86_64-linux-gnu/7/crtbeginS.o
                0x0000000000209cd8                PROVIDE (__init_array_end = .)

.fini_array     0x0000000000209cd8        0x8
                [!provide]                        PROVIDE (__fini_array_start = .)
 *(SORT_BY_INIT_PRIORITY(.fini_array.*) SORT_BY_INIT_PRIORITY(.dtors.*))
 *(.fini_array EXCLUDE_FILE(*crtend?.o *crtend.o *crtbegin?.o *crtbegin.o) .dtors)
 .fini_array    0x0000000000209cd8        0x8 /usr/lib/gcc/x86_64-linux-gnu/7/crtbeginS.o
                [!provide]                        PROVIDE (__fini_array_end = .)

.ctors
 *crtbegin.o(.ctors)
 *crtbegin?.o(.ctors)
 *(EXCLUDE_FILE(*crtend?.o *crtend.o) .ctors)
 *(SORT_BY_NAME(.ctors.*))
 *(.ctors)

.dtors
 *crtbegin.o(.dtors)
 *crtbegin?.o(.dtors)
 *(EXCLUDE_FILE(*crtend?.o *crtend.o) .dtors)
 *(SORT_BY_NAME(.dtors.*))
 *(.dtors)

.jcr
 *(.jcr)

.data.rel.ro    0x0000000000209ce0        0x0
 *(.data.rel.ro.local* .gnu.linkonce.d.rel.ro.local.*)
 *(.data.rel.ro .data.rel.ro.* .gnu.linkonce.d.rel.ro.*)
 .data.rel.ro   0x0000000000209ce0        0x0 /usr/lib/gcc/x86_64-linux-gnu/7/../../../x86_64-linux-gnu/Scrt1.o

.dynamic        0x0000000000209ce0      0x210
 *(.dynamic)
 .dynamic       0x0000000000209ce0      0x210 /usr/lib/gcc/x86_64-linux-gnu/7/../../../x86_64-linux-gnu/Scrt1.o
                0x0000000000209ce0                _DYNAMIC

.got            0x0000000000209ef0      0x110
 *(.got.plt)
 .got.plt       0x0000000000209ef0       0xe0 /usr/lib/gcc/x86_64-linux-gnu/7/../../../x86_64-linux-gnu/Scrt1.o
                0x0000000000209ef0                _GLOBAL_OFFSET_TABLE_
 *(.igot.plt)
 *(.got)
 .got           0x0000000000209fd0       0x30 /usr/lib/gcc/x86_64-linux-gnu/7/../../../x86_64-linux-gnu/Scrt1.o
 *(.igot)
                0x000000000020a000                . = DATA_SEGMENT_RELRO_END (., 0x0)

.data           0x000000000020a000       0xc0
 *(.data .data.* .gnu.linkonce.d.*)
 .data.rel.local
                0x000000000020a000        0x8 /usr/lib/gcc/x86_64-linux-gnu/7/crtbeginS.o
                0x000000000020a000                __dso_handle
 *fill*         0x000000000020a008       0x18 
 .data.rel.local
                0x000000000020a020       0xa0 /home/xwh/SOEM_ALL/SOEM-1.3.1-2can/lib/linux/libsoem.a(ethercatmain.o)
                0x000000000020a020                ecx_context

.tm_clone_table
                0x000000000020a0c0        0x0
 .tm_clone_table
                0x000000000020a0c0        0x0 /usr/lib/gcc/x86_64-linux-gnu/7/crtbeginS.o
 .tm_clone_table
                0x000000000020a0c0        0x0 /usr/lib/gcc/x86_64-linux-gnu/7/crtendS.o

.data1
 *(.data1)
                0x000000000020a0c0                _edata = .
                [!provide]                        PROVIDE (edata = .)
                0x000000000020a0c0                . = .
                0x000000000020a0c0                __bss_start = .

.bss            0x000000000020a0c0    0x366c0
 *(.dynbss)
 .dynbss        0x000000000020a0c0        0x0 /usr/lib/gcc/x86_64-linux-gnu/7/../../../x86_64-linux-gnu/Scrt1.o
 *(.bss .bss.* .gnu.linkonce.b.*)
 .bss           0x000000000020a0c0        0x1 /usr/lib/gcc/x86_64-linux-gnu/7/crtbeginS.o
 *fill*         0x000000000020a0c1        0x7 
 .bss           0x000000000020a0c8        0x9 obj/linux/multican.o
 *fill*         0x000000000020a0d1        0xf 
 .bss           0x000000000020a0e0     0x2060 /home/xwh/SOEM_ALL/SOEM-1.3.1-2can/lib/linux/libsoem.a(ethercatmain.o)
                0x000000000020a0e0                EcatError
 *(COMMON)
 COMMON         0x000000000020c140    0x11290 obj/linux/main.o
                0x000000000020c140                waitTime
                0x000000000020c160                IOmap
                0x000000000020d160                thread_fresh
                0x000000000020d168                sendMsgNum
                0x000000000020d169                NumOf_csv
                0x000000000020d16a                inOP
                0x000000000020d16b                regNum
                0x000000000020d170                thread1
                0x000000000020d178                expectedWKC
                0x000000000020d180                reg_csv
                0x000000000021d180                needlf
                0x000000000021d1a0                msgSendDataLength
                0x000000000021d2a0                output_ptr
                0x000000000021d2c0                msgReadDataLength
                0x000000000021d3c0                readMsgNum
                0x000000000021d3c4                wkc
                0x000000000021d3c8                lastCycleTime
 *fill*         0x000000000021d3d0       0x10 
 COMMON         0x000000000021d3e0    0x233a0 /home/xwh/SOEM_ALL/SOEM-1.3.1-2can/lib/linux/libsoem.a(ethercatmain.o)
                0x000000000021d3e0                ecx_port
                0x0000000000229f20                ecx_redport
                0x00000000002304b0                ec_DCtime
                0x00000000002304b8                ec_slavecount
                0x00000000002304c0                ec_group
                0x0000000000230740                ec_slave
                0x0000000000240780                . = ALIGN ((. != 0x0)?0x8:0x1)

.lbss
 *(.dynlbss)
 *(.lbss .lbss.* .gnu.linkonce.lb.*)
 *(LARGE_COMMON)
                0x0000000000240780                . = ALIGN (0x8)
                0x0000000000240780                . = SEGMENT_START ("ldata-segment", .)

.lrodata
 *(.lrodata .lrodata.* .gnu.linkonce.lr.*)

.ldata          0x0000000000640780        0x0
 *(.ldata .ldata.* .gnu.linkonce.l.*)
                0x0000000000640780                . = ALIGN ((. != 0x0)?0x8:0x1)
                0x0000000000640780                . = ALIGN (0x8)
                0x0000000000640780                _end = .
                [!provide]                        PROVIDE (end = .)
                0x0000000000640780                . = DATA_SEGMENT_END (.)

.stab
 *(.stab)

.stabstr
 *(.stabstr)

.stab.excl
 *(.stab.excl)

.stab.exclstr
 *(.stab.exclstr)

.stab.index
 *(.stab.index)

.stab.indexstr
 *(.stab.indexstr)

.comment        0x0000000000000000       0x29
 *(.comment)
 .comment       0x0000000000000000       0x29 /usr/lib/gcc/x86_64-linux-gnu/7/crtbeginS.o
                                         0x2a (松开之前的大小)
 .comment       0x0000000000000029       0x2a obj/linux/main.o
 .comment       0x0000000000000029       0x2a obj/linux/multican.o
 .comment       0x0000000000000029       0x2a obj/linux/read_csv.o
 .comment       0x0000000000000029       0x2a obj/linux/simple_test.o
 .comment       0x0000000000000029       0x2a /home/xwh/SOEM_ALL/SOEM-1.3.1-2can/lib/linux/libosal.a(osal.o)
 .comment       0x0000000000000029       0x2a /home/xwh/SOEM_ALL/SOEM-1.3.1-2can/lib/linux/libsoem.a(ethercatcoe.o)
 .comment       0x0000000000000029       0x2a /home/xwh/SOEM_ALL/SOEM-1.3.1-2can/lib/linux/libsoem.a(ethercatconfig.o)
 .comment       0x0000000000000029       0x2a /home/xwh/SOEM_ALL/SOEM-1.3.1-2can/lib/linux/libsoem.a(ethercatdc.o)
 .comment       0x0000000000000029       0x2a /home/xwh/SOEM_ALL/SOEM-1.3.1-2can/lib/linux/libsoem.a(ethercatmain.o)
 .comment       0x0000000000000029       0x2a /home/xwh/SOEM_ALL/SOEM-1.3.1-2can/lib/linux/libsoem.a(ethercatprint.o)
 .comment       0x0000000000000029       0x2a /home/xwh/SOEM_ALL/SOEM-1.3.1-2can/lib/linux/libsoem.a(ethercatsoe.o)
 .comment       0x0000000000000029       0x2a /home/xwh/SOEM_ALL/SOEM-1.3.1-2can/lib/linux/libsoem.a(ethercatbase.o)
 .comment       0x0000000000000029       0x2a /home/xwh/SOEM_ALL/SOEM-1.3.1-2can/lib/linux/liboshw.a(nicdrv.o)
 .comment       0x0000000000000029       0x2a /home/xwh/SOEM_ALL/SOEM-1.3.1-2can/lib/linux/liboshw.a(oshw.o)
 .comment       0x0000000000000029       0x2a /usr/lib/gcc/x86_64-linux-gnu/7/crtendS.o

.debug
 *(.debug)

.line
 *(.line)

.debug_srcinfo
 *(.debug_srcinfo)

.debug_sfnames
 *(.debug_sfnames)

.debug_aranges  0x0000000000000000     0x1180
 *(.debug_aranges)
 .debug_aranges
                0x0000000000000000       0x30 obj/linux/main.o
 .debug_aranges
                0x0000000000000030       0x50 obj/linux/multican.o
 .debug_aranges
                0x0000000000000080       0x40 obj/linux/read_csv.o
 .debug_aranges
                0x00000000000000c0      0x140 obj/linux/simple_test.o
 .debug_aranges
                0x0000000000000200       0xc0 /home/xwh/SOEM_ALL/SOEM-1.3.1-2can/lib/linux/libosal.a(osal.o)
 .debug_aranges
                0x00000000000002c0      0x1d0 /home/xwh/SOEM_ALL/SOEM-1.3.1-2can/lib/linux/libsoem.a(ethercatcoe.o)
 .debug_aranges
                0x0000000000000490      0x190 /home/xwh/SOEM_ALL/SOEM-1.3.1-2can/lib/linux/libsoem.a(ethercatconfig.o)
 .debug_aranges
                0x0000000000000620       0xb0 /home/xwh/SOEM_ALL/SOEM-1.3.1-2can/lib/linux/libsoem.a(ethercatdc.o)
 .debug_aranges
                0x00000000000006d0      0x550 /home/xwh/SOEM_ALL/SOEM-1.3.1-2can/lib/linux/libsoem.a(ethercatmain.o)
 .debug_aranges
                0x0000000000000c20       0x80 /home/xwh/SOEM_ALL/SOEM-1.3.1-2can/lib/linux/libsoem.a(ethercatprint.o)
 .debug_aranges
                0x0000000000000ca0       0x90 /home/xwh/SOEM_ALL/SOEM-1.3.1-2can/lib/linux/libsoem.a(ethercatsoe.o)
 .debug_aranges
                0x0000000000000d30      0x270 /home/xwh/SOEM_ALL/SOEM-1.3.1-2can/lib/linux/libsoem.a(ethercatbase.o)
 .debug_aranges
                0x0000000000000fa0      0x180 /home/xwh/SOEM_ALL/SOEM-1.3.1-2can/lib/linux/liboshw.a(nicdrv.o)
 .debug_aranges
                0x0000000000001120       0x60 /home/xwh/SOEM_ALL/SOEM-1.3.1-2can/lib/linux/liboshw.a(oshw.o)

.debug_pubnames
 *(.debug_pubnames)

.debug_info     0x0000000000000000    0x17b6b
 *(.debug_info .gnu.linkonce.wi.*)
 .debug_info    0x0000000000000000     0x15fd obj/linux/main.o
 .debug_info    0x00000000000015fd     0x14b3 obj/linux/multican.o
 .debug_info    0x0000000000002ab0      0x4f6 obj/linux/read_csv.o
 .debug_info    0x0000000000002fa6     0x20fb obj/linux/simple_test.o
 .debug_info    0x00000000000050a1      0x64c /home/xwh/SOEM_ALL/SOEM-1.3.1-2can/lib/linux/libosal.a(osal.o)
 .debug_info    0x00000000000056ed     0x2718 /home/xwh/SOEM_ALL/SOEM-1.3.1-2can/lib/linux/libsoem.a(ethercatcoe.o)
 .debug_info    0x0000000000007e05     0x2054 /home/xwh/SOEM_ALL/SOEM-1.3.1-2can/lib/linux/libsoem.a(ethercatconfig.o)
 .debug_info    0x0000000000009e59     0x169e /home/xwh/SOEM_ALL/SOEM-1.3.1-2can/lib/linux/libsoem.a(ethercatdc.o)
 .debug_info    0x000000000000b4f7     0x3b0b /home/xwh/SOEM_ALL/SOEM-1.3.1-2can/lib/linux/libsoem.a(ethercatmain.o)
 .debug_info    0x000000000000f002     0x1591 /home/xwh/SOEM_ALL/SOEM-1.3.1-2can/lib/linux/libsoem.a(ethercatprint.o)
 .debug_info    0x0000000000010593     0x1a32 /home/xwh/SOEM_ALL/SOEM-1.3.1-2can/lib/linux/libsoem.a(ethercatsoe.o)
 .debug_info    0x0000000000011fc5     0x279c /home/xwh/SOEM_ALL/SOEM-1.3.1-2can/lib/linux/libsoem.a(ethercatbase.o)
 .debug_info    0x0000000000014761     0x1f54 /home/xwh/SOEM_ALL/SOEM-1.3.1-2can/lib/linux/liboshw.a(nicdrv.o)
 .debug_info    0x00000000000166b5     0x14b6 /home/xwh/SOEM_ALL/SOEM-1.3.1-2can/lib/linux/liboshw.a(oshw.o)

.debug_abbrev   0x0000000000000000     0x24f8
 *(.debug_abbrev)
 .debug_abbrev  0x0000000000000000      0x24a obj/linux/main.o
 .debug_abbrev  0x000000000000024a      0x273 obj/linux/multican.o
 .debug_abbrev  0x00000000000004bd      0x169 obj/linux/read_csv.o
 .debug_abbrev  0x0000000000000626      0x3a2 obj/linux/simple_test.o
 .debug_abbrev  0x00000000000009c8      0x17e /home/xwh/SOEM_ALL/SOEM-1.3.1-2can/lib/linux/libosal.a(osal.o)
 .debug_abbrev  0x0000000000000b46      0x2c5 /home/xwh/SOEM_ALL/SOEM-1.3.1-2can/lib/linux/libsoem.a(ethercatcoe.o)
 .debug_abbrev  0x0000000000000e0b      0x33e /home/xwh/SOEM_ALL/SOEM-1.3.1-2can/lib/linux/libsoem.a(ethercatconfig.o)
 .debug_abbrev  0x0000000000001149      0x2c2 /home/xwh/SOEM_ALL/SOEM-1.3.1-2can/lib/linux/libsoem.a(ethercatdc.o)
 .debug_abbrev  0x000000000000140b      0x39e /home/xwh/SOEM_ALL/SOEM-1.3.1-2can/lib/linux/libsoem.a(ethercatmain.o)
 .debug_abbrev  0x00000000000017a9      0x268 /home/xwh/SOEM_ALL/SOEM-1.3.1-2can/lib/linux/libsoem.a(ethercatprint.o)
 .debug_abbrev  0x0000000000001a11      0x2a8 /home/xwh/SOEM_ALL/SOEM-1.3.1-2can/lib/linux/libsoem.a(ethercatsoe.o)
 .debug_abbrev  0x0000000000001cb9      0x2a5 /home/xwh/SOEM_ALL/SOEM-1.3.1-2can/lib/linux/libsoem.a(ethercatbase.o)
 .debug_abbrev  0x0000000000001f5e      0x350 /home/xwh/SOEM_ALL/SOEM-1.3.1-2can/lib/linux/liboshw.a(nicdrv.o)
 .debug_abbrev  0x00000000000022ae      0x24a /home/xwh/SOEM_ALL/SOEM-1.3.1-2can/lib/linux/liboshw.a(oshw.o)

.debug_line     0x0000000000000000     0x51f6
 *(.debug_line .debug_line.* .debug_line_end)
 .debug_line    0x0000000000000000      0x283 obj/linux/main.o
 .debug_line    0x0000000000000283      0x2bb obj/linux/multican.o
 .debug_line    0x000000000000053e      0x190 obj/linux/read_csv.o
 .debug_line    0x00000000000006ce      0x7d1 obj/linux/simple_test.o
 .debug_line    0x0000000000000e9f      0x301 /home/xwh/SOEM_ALL/SOEM-1.3.1-2can/lib/linux/libosal.a(osal.o)
 .debug_line    0x00000000000011a0      0x923 /home/xwh/SOEM_ALL/SOEM-1.3.1-2can/lib/linux/libsoem.a(ethercatcoe.o)
 .debug_line    0x0000000000001ac3      0xc3b /home/xwh/SOEM_ALL/SOEM-1.3.1-2can/lib/linux/libsoem.a(ethercatconfig.o)
 .debug_line    0x00000000000026fe      0x420 /home/xwh/SOEM_ALL/SOEM-1.3.1-2can/lib/linux/libsoem.a(ethercatdc.o)
 .debug_line    0x0000000000002b1e     0x107e /home/xwh/SOEM_ALL/SOEM-1.3.1-2can/lib/linux/libsoem.a(ethercatmain.o)
 .debug_line    0x0000000000003b9c      0x2fb /home/xwh/SOEM_ALL/SOEM-1.3.1-2can/lib/linux/libsoem.a(ethercatprint.o)
 .debug_line    0x0000000000003e97      0x41a /home/xwh/SOEM_ALL/SOEM-1.3.1-2can/lib/linux/libsoem.a(ethercatsoe.o)
 .debug_line    0x00000000000042b1      0x660 /home/xwh/SOEM_ALL/SOEM-1.3.1-2can/lib/linux/libsoem.a(ethercatbase.o)
 .debug_line    0x0000000000004911      0x679 /home/xwh/SOEM_ALL/SOEM-1.3.1-2can/lib/linux/liboshw.a(nicdrv.o)
 .debug_line    0x0000000000004f8a      0x26c /home/xwh/SOEM_ALL/SOEM-1.3.1-2can/lib/linux/liboshw.a(oshw.o)

.debug_frame
 *(.debug_frame)

.debug_str      0x0000000000000000     0x30d1
 *(.debug_str)
 .debug_str     0x0000000000000000      0xb74 obj/linux/main.o
                                        0xd42 (松开之前的大小)
 .debug_str     0x0000000000000b74       0xaa obj/linux/multican.o
                                        0xd11 (松开之前的大小)
 .debug_str     0x0000000000000c1e       0x28 obj/linux/read_csv.o
                                        0x399 (松开之前的大小)
 .debug_str     0x0000000000000c46      0x2bb obj/linux/simple_test.o
                                       0x1077 (松开之前的大小)
 .debug_str     0x0000000000000f01      0x1f4 /home/xwh/SOEM_ALL/SOEM-1.3.1-2can/lib/linux/libosal.a(osal.o)
                                        0x41d (松开之前的大小)
 .debug_str     0x00000000000010f5      0x563 /home/xwh/SOEM_ALL/SOEM-1.3.1-2can/lib/linux/libsoem.a(ethercatcoe.o)
                                       0x1138 (松开之前的大小)
 .debug_str     0x0000000000001658      0x6fe /home/xwh/SOEM_ALL/SOEM-1.3.1-2can/lib/linux/libsoem.a(ethercatconfig.o)
                                       0x1362 (松开之前的大小)
 .debug_str     0x0000000000001d56      0x107 /home/xwh/SOEM_ALL/SOEM-1.3.1-2can/lib/linux/libsoem.a(ethercatdc.o)
                                        0xe5c (松开之前的大小)
 .debug_str     0x0000000000001e5d      0x839 /home/xwh/SOEM_ALL/SOEM-1.3.1-2can/lib/linux/libsoem.a(ethercatmain.o)
                                       0x1893 (松开之前的大小)
 .debug_str     0x0000000000002696      0x157 /home/xwh/SOEM_ALL/SOEM-1.3.1-2can/lib/linux/libsoem.a(ethercatprint.o)
                                        0xd19 (松开之前的大小)
 .debug_str     0x00000000000027ed      0x1d6 /home/xwh/SOEM_ALL/SOEM-1.3.1-2can/lib/linux/libsoem.a(ethercatsoe.o)
                                        0xe91 (松开之前的大小)
 .debug_str     0x00000000000029c3      0x1ca /home/xwh/SOEM_ALL/SOEM-1.3.1-2can/lib/linux/libsoem.a(ethercatbase.o)
                                       0x11eb (松开之前的大小)
 .debug_str     0x0000000000002b8d      0x4b1 /home/xwh/SOEM_ALL/SOEM-1.3.1-2can/lib/linux/liboshw.a(nicdrv.o)
                                       0x117c (松开之前的大小)
 .debug_str     0x000000000000303e       0x93 /home/xwh/SOEM_ALL/SOEM-1.3.1-2can/lib/linux/liboshw.a(oshw.o)
                                        0xccf (松开之前的大小)

.debug_loc
 *(.debug_loc)

.debug_macinfo
 *(.debug_macinfo)

.debug_weaknames
 *(.debug_weaknames)

.debug_funcnames
 *(.debug_funcnames)

.debug_typenames
 *(.debug_typenames)

.debug_varnames
 *(.debug_varnames)

.debug_pubtypes
 *(.debug_pubtypes)

.debug_ranges   0x0000000000000000     0x10a0
 *(.debug_ranges)
 .debug_ranges  0x0000000000000000       0x20 obj/linux/main.o
 .debug_ranges  0x0000000000000020       0x40 obj/linux/multican.o
 .debug_ranges  0x0000000000000060       0x30 obj/linux/read_csv.o
 .debug_ranges  0x0000000000000090      0x130 obj/linux/simple_test.o
 .debug_ranges  0x00000000000001c0       0xb0 /home/xwh/SOEM_ALL/SOEM-1.3.1-2can/lib/linux/libosal.a(osal.o)
 .debug_ranges  0x0000000000000270      0x1c0 /home/xwh/SOEM_ALL/SOEM-1.3.1-2can/lib/linux/libsoem.a(ethercatcoe.o)
 .debug_ranges  0x0000000000000430      0x180 /home/xwh/SOEM_ALL/SOEM-1.3.1-2can/lib/linux/libsoem.a(ethercatconfig.o)
 .debug_ranges  0x00000000000005b0       0xa0 /home/xwh/SOEM_ALL/SOEM-1.3.1-2can/lib/linux/libsoem.a(ethercatdc.o)
 .debug_ranges  0x0000000000000650      0x540 /home/xwh/SOEM_ALL/SOEM-1.3.1-2can/lib/linux/libsoem.a(ethercatmain.o)
 .debug_ranges  0x0000000000000b90       0x70 /home/xwh/SOEM_ALL/SOEM-1.3.1-2can/lib/linux/libsoem.a(ethercatprint.o)
 .debug_ranges  0x0000000000000c00       0x80 /home/xwh/SOEM_ALL/SOEM-1.3.1-2can/lib/linux/libsoem.a(ethercatsoe.o)
 .debug_ranges  0x0000000000000c80      0x260 /home/xwh/SOEM_ALL/SOEM-1.3.1-2can/lib/linux/libsoem.a(ethercatbase.o)
 .debug_ranges  0x0000000000000ee0      0x170 /home/xwh/SOEM_ALL/SOEM-1.3.1-2can/lib/linux/liboshw.a(nicdrv.o)
 .debug_ranges  0x0000000000001050       0x50 /home/xwh/SOEM_ALL/SOEM-1.3.1-2can/lib/linux/liboshw.a(oshw.o)

.debug_macro
 *(.debug_macro)

.debug_addr
 *(.debug_addr)

.gnu.attributes
 *(.gnu.attributes)

/DISCARD/
 *(.note.GNU-stack)
 *(.gnu_debuglink)
 *(.gnu.lto_*)
OUTPUT(main elf64-x86-64)
