由于文件 (符号) 而包含了归档成员

/home/lx/SOEM_ALL/SOEM-1.3.1-2can/lib/linux/libosal.a(osal.o)
                              obj/linux/multican.o (osal_usleep)
/home/lx/SOEM_ALL/SOEM-1.3.1-2can/lib/linux/libsoem.a(ethercatcoe.o)
                              obj/linux/multican.o (ec_SDOwrite)
/home/lx/SOEM_ALL/SOEM-1.3.1-2can/lib/linux/libsoem.a(ethercatconfig.o)
                              obj/linux/multican.o (ec_config_init)
/home/lx/SOEM_ALL/SOEM-1.3.1-2can/lib/linux/libsoem.a(ethercatmain.o)
                              obj/linux/multican.o (ec_slave)
/home/lx/SOEM_ALL/SOEM-1.3.1-2can/lib/linux/libsoem.a(ethercatprint.o)
                              obj/linux/multican.o (ec_ALstatuscode2string)
/home/lx/SOEM_ALL/SOEM-1.3.1-2can/lib/linux/libsoem.a(ethercatsoe.o)
                              /home/lx/SOEM_ALL/SOEM-1.3.1-2can/lib/linux/libsoem.a(ethercatconfig.o) (ecx_readIDNmap)
/home/lx/SOEM_ALL/SOEM-1.3.1-2can/lib/linux/libsoem.a(ethercatbase.o)
                              /home/lx/SOEM_ALL/SOEM-1.3.1-2can/lib/linux/libsoem.a(ethercatmain.o) (ecx_setupdatagram)
/usr/lib/x86_64-linux-gnu/libc_nonshared.a(elf-init.oS)
                              /usr/lib/gcc/x86_64-linux-gnu/7/../../../x86_64-linux-gnu/Scrt1.o (__libc_csu_init)
/home/lx/SOEM_ALL/SOEM-1.3.1-2can/lib/linux/liboshw.a(nicdrv.o)
                              /home/lx/SOEM_ALL/SOEM-1.3.1-2can/lib/linux/libsoem.a(ethercatmain.o) (secMAC)
/home/lx/SOEM_ALL/SOEM-1.3.1-2can/lib/linux/liboshw.a(oshw.o)
                              /home/lx/SOEM_ALL/SOEM-1.3.1-2can/lib/linux/libsoem.a(ethercatmain.o) (oshw_htons)

按需库被包含以满足文件 (符号) 引用

libc.so.6                     obj/linux/sendUdp.o (socket@@GLIBC_2.2.5)
libm.so.6                     obj/linux/multican.o (pow@@GLIBC_2.2.5)
libpthread.so.0               obj/linux/main.o (pthread_create@@GLIBC_2.2.5)

分配公共符号
公共符号            大小              文件

waitTime            0x8               obj/linux/main.o
IOmap               0x1000            obj/linux/main.o
gapTIme             0x8               obj/linux/main.o
ecx_port            0xcb30            /home/lx/SOEM_ALL/SOEM-1.3.1-2can/lib/linux/libsoem.a(ethercatmain.o)
ecx_redport         0x6590            /home/lx/SOEM_ALL/SOEM-1.3.1-2can/lib/linux/libsoem.a(ethercatmain.o)
udp_socket_fd       0x4               obj/linux/main.o
thread_fresh        0x8               obj/linux/main.o
totalReadDataByteLength
                    0x200             obj/linux/main.o
ecx_mapt            0xc0              /home/lx/SOEM_ALL/SOEM-1.3.1-2can/lib/linux/libsoem.a(ethercatconfig.o)
totalSendDataByteLength
                    0x200             obj/linux/main.o
sendMsgNum          0x100             obj/linux/main.o
data3               0x10              obj/linux/multican.o
data5               0x10              obj/linux/multican.o
len_of_eachCsv      0x80              obj/linux/main.o
dataTest            0x4               obj/linux/multican.o
ecx_threadh         0x40              /home/lx/SOEM_ALL/SOEM-1.3.1-2can/lib/linux/libsoem.a(ethercatconfig.o)
inOP                0x1               obj/linux/main.o
ec_DCtime           0x8               /home/lx/SOEM_ALL/SOEM-1.3.1-2can/lib/linux/libsoem.a(ethercatmain.o)
udp_struct_float    0x24              obj/linux/multican.o
msgSendCOBID        0x40000           obj/linux/main.o
thread1             0x8               obj/linux/main.o
data9               0x10              obj/linux/multican.o
nowCycleTime        0x8               obj/linux/main.o
expectedWKC         0x4               obj/linux/main.o
readData            0x40              obj/linux/main.o
msgReadOffset       0x20000           obj/linux/main.o
float_data_toBe_display
                    0x400             obj/linux/multican.o
_udp_msg            0x200             obj/linux/main.o
estring             0x7f              /home/lx/SOEM_ALL/SOEM-1.3.1-2can/lib/linux/libsoem.a(ethercatprint.o)
udp_struct_uint8    0x24              obj/linux/multican.o
beginCycleTime      0x8               obj/linux/main.o
needlf              0x1               obj/linux/main.o
msgReadCOBID        0x40000           obj/linux/main.o
data                0x8               obj/linux/multican.o
msgSendDataLength   0x8000            obj/linux/main.o
msgSendOffset       0x20000           obj/linux/main.o
ec_slavecount       0x4               /home/lx/SOEM_ALL/SOEM-1.3.1-2can/lib/linux/libsoem.a(ethercatmain.o)
data4               0x10              obj/linux/multican.o
data6               0x10              obj/linux/multican.o
uint8_data_toBe_display
                    0x80              obj/linux/multican.o
msgReadDataLength   0x8000            obj/linux/main.o
readMsgNum          0x100             obj/linux/main.o
thread2             0x8               obj/linux/main.o
wkc                 0x4               obj/linux/main.o
udp_flag            0x1               obj/linux/main.o
lastCycleTime       0x8               obj/linux/main.o
ec_group            0x270             /home/lx/SOEM_ALL/SOEM-1.3.1-2can/lib/linux/libsoem.a(ethercatmain.o)
ec_slave            0x10040           /home/lx/SOEM_ALL/SOEM-1.3.1-2can/lib/linux/libsoem.a(ethercatmain.o)
mVeh_DW             0xd8              obj/linux/multican.o
reg0x80_Num         0x100             obj/linux/main.o
iCurStateRead       0x2               obj/linux/main.o
msg                 0x400             obj/linux/main.o

舍弃的输入节

 .rodata.cst4   0x0000000000000000        0x4 /usr/lib/gcc/x86_64-linux-gnu/7/../../../x86_64-linux-gnu/Scrt1.o
 .data          0x0000000000000000        0x4 /usr/lib/gcc/x86_64-linux-gnu/7/../../../x86_64-linux-gnu/Scrt1.o
 .bss           0x0000000000000000        0x0 /usr/lib/gcc/x86_64-linux-gnu/7/../../../x86_64-linux-gnu/Scrt1.o
 .note.GNU-stack
                0x0000000000000000        0x0 /usr/lib/gcc/x86_64-linux-gnu/7/../../../x86_64-linux-gnu/Scrt1.o
 .text          0x0000000000000000        0x0 /usr/lib/gcc/x86_64-linux-gnu/7/../../../x86_64-linux-gnu/crti.o
 .data          0x0000000000000000        0x0 /usr/lib/gcc/x86_64-linux-gnu/7/../../../x86_64-linux-gnu/crti.o
 .bss           0x0000000000000000        0x0 /usr/lib/gcc/x86_64-linux-gnu/7/../../../x86_64-linux-gnu/crti.o
 .note.GNU-stack
                0x0000000000000000        0x0 /usr/lib/gcc/x86_64-linux-gnu/7/../../../x86_64-linux-gnu/crti.o
 .data          0x0000000000000000        0x0 /usr/lib/gcc/x86_64-linux-gnu/7/crtbeginS.o
 .note.GNU-stack
                0x0000000000000000        0x0 /usr/lib/gcc/x86_64-linux-gnu/7/crtbeginS.o
 .text          0x0000000000000000        0x0 obj/linux/main.o
 .data          0x0000000000000000     0x10cc obj/linux/main.o
 .bss           0x0000000000000000      0x809 obj/linux/main.o
 .note.GNU-stack
                0x0000000000000000        0x0 obj/linux/main.o
 .text          0x0000000000000000        0x0 obj/linux/multican.o
 .note.GNU-stack
                0x0000000000000000        0x0 obj/linux/multican.o
 .text          0x0000000000000000        0x0 obj/linux/save.o
 .data          0x0000000000000000        0x0 obj/linux/save.o
 .bss           0x0000000000000000        0x0 obj/linux/save.o
 .debug_line    0x0000000000000000        0x0 obj/linux/save.o
 .debug_str     0x0000000000000000       0xc9 obj/linux/save.o
 .comment       0x0000000000000000       0x2a obj/linux/save.o
 .note.GNU-stack
                0x0000000000000000        0x0 obj/linux/save.o
 .text          0x0000000000000000        0x0 obj/linux/sendUdp.o
 .data          0x0000000000000000        0x0 obj/linux/sendUdp.o
 .bss           0x0000000000000000        0x0 obj/linux/sendUdp.o
 .note.GNU-stack
                0x0000000000000000        0x0 obj/linux/sendUdp.o
 .text          0x0000000000000000        0x0 /home/lx/SOEM_ALL/SOEM-1.3.1-2can/lib/linux/libosal.a(osal.o)
 .data          0x0000000000000000        0x0 /home/lx/SOEM_ALL/SOEM-1.3.1-2can/lib/linux/libosal.a(osal.o)
 .bss           0x0000000000000000        0x0 /home/lx/SOEM_ALL/SOEM-1.3.1-2can/lib/linux/libosal.a(osal.o)
 .text.osal_time_diff
                0x0000000000000000       0x75 /home/lx/SOEM_ALL/SOEM-1.3.1-2can/lib/linux/libosal.a(osal.o)
 .text.osal_malloc
                0x0000000000000000       0x1b /home/lx/SOEM_ALL/SOEM-1.3.1-2can/lib/linux/libosal.a(osal.o)
 .text.osal_free
                0x0000000000000000       0x1c /home/lx/SOEM_ALL/SOEM-1.3.1-2can/lib/linux/libosal.a(osal.o)
 .text.osal_thread_create_rt
                0x0000000000000000       0xf8 /home/lx/SOEM_ALL/SOEM-1.3.1-2can/lib/linux/libosal.a(osal.o)
 .note.GNU-stack
                0x0000000000000000        0x0 /home/lx/SOEM_ALL/SOEM-1.3.1-2can/lib/linux/libosal.a(osal.o)
 .text          0x0000000000000000        0x0 /home/lx/SOEM_ALL/SOEM-1.3.1-2can/lib/linux/libsoem.a(ethercatcoe.o)
 .data          0x0000000000000000        0x0 /home/lx/SOEM_ALL/SOEM-1.3.1-2can/lib/linux/libsoem.a(ethercatcoe.o)
 .bss           0x0000000000000000        0x0 /home/lx/SOEM_ALL/SOEM-1.3.1-2can/lib/linux/libsoem.a(ethercatcoe.o)
 .text.ecx_SDOinfoerror
                0x0000000000000000       0xb0 /home/lx/SOEM_ALL/SOEM-1.3.1-2can/lib/linux/libsoem.a(ethercatcoe.o)
 .text.ecx_RxPDO
                0x0000000000000000      0x1f3 /home/lx/SOEM_ALL/SOEM-1.3.1-2can/lib/linux/libsoem.a(ethercatcoe.o)
 .text.ecx_TxPDO
                0x0000000000000000      0x2d7 /home/lx/SOEM_ALL/SOEM-1.3.1-2can/lib/linux/libsoem.a(ethercatcoe.o)
 .text.ecx_readODlist
                0x0000000000000000      0x42b /home/lx/SOEM_ALL/SOEM-1.3.1-2can/lib/linux/libsoem.a(ethercatcoe.o)
 .text.ecx_readODdescription
                0x0000000000000000      0x417 /home/lx/SOEM_ALL/SOEM-1.3.1-2can/lib/linux/libsoem.a(ethercatcoe.o)
 .text.ecx_readOEsingle
                0x0000000000000000      0x3f9 /home/lx/SOEM_ALL/SOEM-1.3.1-2can/lib/linux/libsoem.a(ethercatcoe.o)
 .text.ecx_readOE
                0x0000000000000000       0x97 /home/lx/SOEM_ALL/SOEM-1.3.1-2can/lib/linux/libsoem.a(ethercatcoe.o)
 .text.ec_SDOerror
                0x0000000000000000       0x44 /home/lx/SOEM_ALL/SOEM-1.3.1-2can/lib/linux/libsoem.a(ethercatcoe.o)
 .text.ec_SDOread
                0x0000000000000000       0x64 /home/lx/SOEM_ALL/SOEM-1.3.1-2can/lib/linux/libsoem.a(ethercatcoe.o)
 .text.ec_RxPDO
                0x0000000000000000       0x44 /home/lx/SOEM_ALL/SOEM-1.3.1-2can/lib/linux/libsoem.a(ethercatcoe.o)
 .text.ec_TxPDO
                0x0000000000000000       0x52 /home/lx/SOEM_ALL/SOEM-1.3.1-2can/lib/linux/libsoem.a(ethercatcoe.o)
 .text.ec_readPDOassign
                0x0000000000000000       0x2f /home/lx/SOEM_ALL/SOEM-1.3.1-2can/lib/linux/libsoem.a(ethercatcoe.o)
 .text.ec_readPDOassignCA
                0x0000000000000000       0x2f /home/lx/SOEM_ALL/SOEM-1.3.1-2can/lib/linux/libsoem.a(ethercatcoe.o)
 .text.ec_readPDOmap
                0x0000000000000000       0x37 /home/lx/SOEM_ALL/SOEM-1.3.1-2can/lib/linux/libsoem.a(ethercatcoe.o)
 .text.ec_readPDOmapCA
                0x0000000000000000       0x37 /home/lx/SOEM_ALL/SOEM-1.3.1-2can/lib/linux/libsoem.a(ethercatcoe.o)
 .text.ec_readODlist
                0x0000000000000000       0x2b /home/lx/SOEM_ALL/SOEM-1.3.1-2can/lib/linux/libsoem.a(ethercatcoe.o)
 .text.ec_readODdescription
                0x0000000000000000       0x2b /home/lx/SOEM_ALL/SOEM-1.3.1-2can/lib/linux/libsoem.a(ethercatcoe.o)
 .text.ec_readOEsingle
                0x0000000000000000       0x45 /home/lx/SOEM_ALL/SOEM-1.3.1-2can/lib/linux/libsoem.a(ethercatcoe.o)
 .text.ec_readOE
                0x0000000000000000       0x37 /home/lx/SOEM_ALL/SOEM-1.3.1-2can/lib/linux/libsoem.a(ethercatcoe.o)
 .note.GNU-stack
                0x0000000000000000        0x0 /home/lx/SOEM_ALL/SOEM-1.3.1-2can/lib/linux/libsoem.a(ethercatcoe.o)
 .text          0x0000000000000000        0x0 /home/lx/SOEM_ALL/SOEM-1.3.1-2can/lib/linux/libsoem.a(ethercatconfig.o)
 .data          0x0000000000000000        0x0 /home/lx/SOEM_ALL/SOEM-1.3.1-2can/lib/linux/libsoem.a(ethercatconfig.o)
 .bss           0x0000000000000000        0x0 /home/lx/SOEM_ALL/SOEM-1.3.1-2can/lib/linux/libsoem.a(ethercatconfig.o)
 .text.ecx_recover_slave
                0x0000000000000000      0x39c /home/lx/SOEM_ALL/SOEM-1.3.1-2can/lib/linux/libsoem.a(ethercatconfig.o)
 .text.ecx_reconfig_slave
                0x0000000000000000      0x34c /home/lx/SOEM_ALL/SOEM-1.3.1-2can/lib/linux/libsoem.a(ethercatconfig.o)
 .text.ec_config
                0x0000000000000000       0x3a /home/lx/SOEM_ALL/SOEM-1.3.1-2can/lib/linux/libsoem.a(ethercatconfig.o)
 .text.ec_recover_slave
                0x0000000000000000       0x2b /home/lx/SOEM_ALL/SOEM-1.3.1-2can/lib/linux/libsoem.a(ethercatconfig.o)
 .text.ec_reconfig_slave
                0x0000000000000000       0x2b /home/lx/SOEM_ALL/SOEM-1.3.1-2can/lib/linux/libsoem.a(ethercatconfig.o)
 .note.GNU-stack
                0x0000000000000000        0x0 /home/lx/SOEM_ALL/SOEM-1.3.1-2can/lib/linux/libsoem.a(ethercatconfig.o)
 .text          0x0000000000000000        0x0 /home/lx/SOEM_ALL/SOEM-1.3.1-2can/lib/linux/libsoem.a(ethercatmain.o)
 .data          0x0000000000000000        0x0 /home/lx/SOEM_ALL/SOEM-1.3.1-2can/lib/linux/libsoem.a(ethercatmain.o)
 .text.ec_find_adapters
                0x0000000000000000       0x18 /home/lx/SOEM_ALL/SOEM-1.3.1-2can/lib/linux/libsoem.a(ethercatmain.o)
 .text.ec_free_adapters
                0x0000000000000000       0x1c /home/lx/SOEM_ALL/SOEM-1.3.1-2can/lib/linux/libsoem.a(ethercatmain.o)
 .text.ecx_init_redundant
                0x0000000000000000      0x120 /home/lx/SOEM_ALL/SOEM-1.3.1-2can/lib/linux/libsoem.a(ethercatmain.o)
 .text.ecx_esidump
                0x0000000000000000      0x163 /home/lx/SOEM_ALL/SOEM-1.3.1-2can/lib/linux/libsoem.a(ethercatmain.o)
 .text.ecx_readeeprom
                0x0000000000000000       0x7e /home/lx/SOEM_ALL/SOEM-1.3.1-2can/lib/linux/libsoem.a(ethercatmain.o)
 .text.ecx_writeeeprom
                0x0000000000000000       0x8c /home/lx/SOEM_ALL/SOEM-1.3.1-2can/lib/linux/libsoem.a(ethercatmain.o)
 .text.ecx_eeprom_waitnotbusyAP
                0x0000000000000000      0x113 /home/lx/SOEM_ALL/SOEM-1.3.1-2can/lib/linux/libsoem.a(ethercatmain.o)
 .text.ecx_readeepromAP
                0x0000000000000000      0x273 /home/lx/SOEM_ALL/SOEM-1.3.1-2can/lib/linux/libsoem.a(ethercatmain.o)
 .text.ecx_writeeepromAP
                0x0000000000000000      0x208 /home/lx/SOEM_ALL/SOEM-1.3.1-2can/lib/linux/libsoem.a(ethercatmain.o)
 .text.ecx_writeeepromFP
                0x0000000000000000      0x208 /home/lx/SOEM_ALL/SOEM-1.3.1-2can/lib/linux/libsoem.a(ethercatmain.o)
 .text.ecx_send_processdata
                0x0000000000000000       0x20 /home/lx/SOEM_ALL/SOEM-1.3.1-2can/lib/linux/libsoem.a(ethercatmain.o)
 .text.ecx_receive_processdata
                0x0000000000000000       0x28 /home/lx/SOEM_ALL/SOEM-1.3.1-2can/lib/linux/libsoem.a(ethercatmain.o)
 .text.ec_pusherror
                0x0000000000000000       0x21 /home/lx/SOEM_ALL/SOEM-1.3.1-2can/lib/linux/libsoem.a(ethercatmain.o)
 .text.ec_poperror
                0x0000000000000000       0x20 /home/lx/SOEM_ALL/SOEM-1.3.1-2can/lib/linux/libsoem.a(ethercatmain.o)
 .text.ec_packeterror
                0x0000000000000000       0x46 /home/lx/SOEM_ALL/SOEM-1.3.1-2can/lib/linux/libsoem.a(ethercatmain.o)
 .text.ec_init_redundant
                0x0000000000000000       0x34 /home/lx/SOEM_ALL/SOEM-1.3.1-2can/lib/linux/libsoem.a(ethercatmain.o)
 .text.ec_siigetbyte
                0x0000000000000000       0x2f /home/lx/SOEM_ALL/SOEM-1.3.1-2can/lib/linux/libsoem.a(ethercatmain.o)
 .text.ec_siifind
                0x0000000000000000       0x2f /home/lx/SOEM_ALL/SOEM-1.3.1-2can/lib/linux/libsoem.a(ethercatmain.o)
 .text.ec_siistring
                0x0000000000000000       0x3b /home/lx/SOEM_ALL/SOEM-1.3.1-2can/lib/linux/libsoem.a(ethercatmain.o)
 .text.ec_siiFMMU
                0x0000000000000000       0x2b /home/lx/SOEM_ALL/SOEM-1.3.1-2can/lib/linux/libsoem.a(ethercatmain.o)
 .text.ec_siiSM
                0x0000000000000000       0x2b /home/lx/SOEM_ALL/SOEM-1.3.1-2can/lib/linux/libsoem.a(ethercatmain.o)
 .text.ec_siiSMnext
                0x0000000000000000       0x39 /home/lx/SOEM_ALL/SOEM-1.3.1-2can/lib/linux/libsoem.a(ethercatmain.o)
 .text.ec_siiPDO
                0x0000000000000000       0x38 /home/lx/SOEM_ALL/SOEM-1.3.1-2can/lib/linux/libsoem.a(ethercatmain.o)
 .text.ec_mbxempty
                0x0000000000000000       0x2b /home/lx/SOEM_ALL/SOEM-1.3.1-2can/lib/linux/libsoem.a(ethercatmain.o)
 .text.ec_mbxsend
                0x0000000000000000       0x33 /home/lx/SOEM_ALL/SOEM-1.3.1-2can/lib/linux/libsoem.a(ethercatmain.o)
 .text.ec_mbxreceive
                0x0000000000000000       0x33 /home/lx/SOEM_ALL/SOEM-1.3.1-2can/lib/linux/libsoem.a(ethercatmain.o)
 .text.ec_esidump
                0x0000000000000000       0x2c /home/lx/SOEM_ALL/SOEM-1.3.1-2can/lib/linux/libsoem.a(ethercatmain.o)
 .text.ec_readeeprom
                0x0000000000000000       0x39 /home/lx/SOEM_ALL/SOEM-1.3.1-2can/lib/linux/libsoem.a(ethercatmain.o)
 .text.ec_writeeeprom
                0x0000000000000000       0x44 /home/lx/SOEM_ALL/SOEM-1.3.1-2can/lib/linux/libsoem.a(ethercatmain.o)
 .text.ec_eeprom2master
                0x0000000000000000       0x23 /home/lx/SOEM_ALL/SOEM-1.3.1-2can/lib/linux/libsoem.a(ethercatmain.o)
 .text.ec_eeprom2pdi
                0x0000000000000000       0x23 /home/lx/SOEM_ALL/SOEM-1.3.1-2can/lib/linux/libsoem.a(ethercatmain.o)
 .text.ec_eeprom_waitnotbusyAP
                0x0000000000000000       0x33 /home/lx/SOEM_ALL/SOEM-1.3.1-2can/lib/linux/libsoem.a(ethercatmain.o)
 .text.ec_readeepromAP
                0x0000000000000000       0x39 /home/lx/SOEM_ALL/SOEM-1.3.1-2can/lib/linux/libsoem.a(ethercatmain.o)
 .text.ec_writeeepromAP
                0x0000000000000000       0x44 /home/lx/SOEM_ALL/SOEM-1.3.1-2can/lib/linux/libsoem.a(ethercatmain.o)
 .text.ec_eeprom_waitnotbusyFP
                0x0000000000000000       0x33 /home/lx/SOEM_ALL/SOEM-1.3.1-2can/lib/linux/libsoem.a(ethercatmain.o)
 .text.ec_readeepromFP
                0x0000000000000000       0x39 /home/lx/SOEM_ALL/SOEM-1.3.1-2can/lib/linux/libsoem.a(ethercatmain.o)
 .text.ec_writeeepromFP
                0x0000000000000000       0x44 /home/lx/SOEM_ALL/SOEM-1.3.1-2can/lib/linux/libsoem.a(ethercatmain.o)
 .text.ec_readeeprom1
                0x0000000000000000       0x30 /home/lx/SOEM_ALL/SOEM-1.3.1-2can/lib/linux/libsoem.a(ethercatmain.o)
 .text.ec_readeeprom2
                0x0000000000000000       0x2b /home/lx/SOEM_ALL/SOEM-1.3.1-2can/lib/linux/libsoem.a(ethercatmain.o)
 .note.GNU-stack
                0x0000000000000000        0x0 /home/lx/SOEM_ALL/SOEM-1.3.1-2can/lib/linux/libsoem.a(ethercatmain.o)
 .text          0x0000000000000000        0x0 /home/lx/SOEM_ALL/SOEM-1.3.1-2can/lib/linux/libsoem.a(ethercatprint.o)
 .data          0x0000000000000000        0x0 /home/lx/SOEM_ALL/SOEM-1.3.1-2can/lib/linux/libsoem.a(ethercatprint.o)
 .bss           0x0000000000000000        0x0 /home/lx/SOEM_ALL/SOEM-1.3.1-2can/lib/linux/libsoem.a(ethercatprint.o)
 .note.GNU-stack
                0x0000000000000000        0x0 /home/lx/SOEM_ALL/SOEM-1.3.1-2can/lib/linux/libsoem.a(ethercatprint.o)
 .text          0x0000000000000000        0x0 /home/lx/SOEM_ALL/SOEM-1.3.1-2can/lib/linux/libsoem.a(ethercatsoe.o)
 .data          0x0000000000000000        0x0 /home/lx/SOEM_ALL/SOEM-1.3.1-2can/lib/linux/libsoem.a(ethercatsoe.o)
 .bss           0x0000000000000000        0x0 /home/lx/SOEM_ALL/SOEM-1.3.1-2can/lib/linux/libsoem.a(ethercatsoe.o)
 .text.ecx_SoEwrite
                0x0000000000000000      0x476 /home/lx/SOEM_ALL/SOEM-1.3.1-2can/lib/linux/libsoem.a(ethercatsoe.o)
 .text.ec_SoEread
                0x0000000000000000       0x64 /home/lx/SOEM_ALL/SOEM-1.3.1-2can/lib/linux/libsoem.a(ethercatsoe.o)
 .text.ec_SoEwrite
                0x0000000000000000       0x64 /home/lx/SOEM_ALL/SOEM-1.3.1-2can/lib/linux/libsoem.a(ethercatsoe.o)
 .text.ec_readIDNmap
                0x0000000000000000       0x37 /home/lx/SOEM_ALL/SOEM-1.3.1-2can/lib/linux/libsoem.a(ethercatsoe.o)
 .note.GNU-stack
                0x0000000000000000        0x0 /home/lx/SOEM_ALL/SOEM-1.3.1-2can/lib/linux/libsoem.a(ethercatsoe.o)
 .text          0x0000000000000000        0x0 /home/lx/SOEM_ALL/SOEM-1.3.1-2can/lib/linux/libsoem.a(ethercatbase.o)
 .data          0x0000000000000000        0x0 /home/lx/SOEM_ALL/SOEM-1.3.1-2can/lib/linux/libsoem.a(ethercatbase.o)
 .bss           0x0000000000000000        0x0 /home/lx/SOEM_ALL/SOEM-1.3.1-2can/lib/linux/libsoem.a(ethercatbase.o)
 .text.ecx_ARMW
                0x0000000000000000      0x101 /home/lx/SOEM_ALL/SOEM-1.3.1-2can/lib/linux/libsoem.a(ethercatbase.o)
 .text.ecx_FRMW
                0x0000000000000000      0x101 /home/lx/SOEM_ALL/SOEM-1.3.1-2can/lib/linux/libsoem.a(ethercatbase.o)
 .text.ecx_LRW  0x0000000000000000      0x124 /home/lx/SOEM_ALL/SOEM-1.3.1-2can/lib/linux/libsoem.a(ethercatbase.o)
 .text.ecx_LRD  0x0000000000000000      0x124 /home/lx/SOEM_ALL/SOEM-1.3.1-2can/lib/linux/libsoem.a(ethercatbase.o)
 .text.ecx_LWR  0x0000000000000000       0xc9 /home/lx/SOEM_ALL/SOEM-1.3.1-2can/lib/linux/libsoem.a(ethercatbase.o)
 .text.ecx_LRWDC
                0x0000000000000000      0x23b /home/lx/SOEM_ALL/SOEM-1.3.1-2can/lib/linux/libsoem.a(ethercatbase.o)
 .text.ec_setupdatagram
                0x0000000000000000       0x6e /home/lx/SOEM_ALL/SOEM-1.3.1-2can/lib/linux/libsoem.a(ethercatbase.o)
 .text.ec_adddatagram
                0x0000000000000000       0x83 /home/lx/SOEM_ALL/SOEM-1.3.1-2can/lib/linux/libsoem.a(ethercatbase.o)
 .text.ec_BWR   0x0000000000000000       0x54 /home/lx/SOEM_ALL/SOEM-1.3.1-2can/lib/linux/libsoem.a(ethercatbase.o)
 .text.ec_BRD   0x0000000000000000       0x54 /home/lx/SOEM_ALL/SOEM-1.3.1-2can/lib/linux/libsoem.a(ethercatbase.o)
 .text.ec_APRD  0x0000000000000000       0x54 /home/lx/SOEM_ALL/SOEM-1.3.1-2can/lib/linux/libsoem.a(ethercatbase.o)
 .text.ec_ARMW  0x0000000000000000       0x54 /home/lx/SOEM_ALL/SOEM-1.3.1-2can/lib/linux/libsoem.a(ethercatbase.o)
 .text.ec_FRMW  0x0000000000000000       0x54 /home/lx/SOEM_ALL/SOEM-1.3.1-2can/lib/linux/libsoem.a(ethercatbase.o)
 .text.ec_APRDw
                0x0000000000000000       0x73 /home/lx/SOEM_ALL/SOEM-1.3.1-2can/lib/linux/libsoem.a(ethercatbase.o)
 .text.ec_FPRD  0x0000000000000000       0x54 /home/lx/SOEM_ALL/SOEM-1.3.1-2can/lib/linux/libsoem.a(ethercatbase.o)
 .text.ec_FPRDw
                0x0000000000000000       0x73 /home/lx/SOEM_ALL/SOEM-1.3.1-2can/lib/linux/libsoem.a(ethercatbase.o)
 .text.ec_APWR  0x0000000000000000       0x54 /home/lx/SOEM_ALL/SOEM-1.3.1-2can/lib/linux/libsoem.a(ethercatbase.o)
 .text.ec_APWRw
                0x0000000000000000       0x45 /home/lx/SOEM_ALL/SOEM-1.3.1-2can/lib/linux/libsoem.a(ethercatbase.o)
 .text.ec_FPWR  0x0000000000000000       0x54 /home/lx/SOEM_ALL/SOEM-1.3.1-2can/lib/linux/libsoem.a(ethercatbase.o)
 .text.ec_FPWRw
                0x0000000000000000       0x45 /home/lx/SOEM_ALL/SOEM-1.3.1-2can/lib/linux/libsoem.a(ethercatbase.o)
 .text.ec_LRW   0x0000000000000000       0x40 /home/lx/SOEM_ALL/SOEM-1.3.1-2can/lib/linux/libsoem.a(ethercatbase.o)
 .text.ec_LRD   0x0000000000000000       0x40 /home/lx/SOEM_ALL/SOEM-1.3.1-2can/lib/linux/libsoem.a(ethercatbase.o)
 .text.ec_LWR   0x0000000000000000       0x40 /home/lx/SOEM_ALL/SOEM-1.3.1-2can/lib/linux/libsoem.a(ethercatbase.o)
 .text.ec_LRWDC
                0x0000000000000000       0x61 /home/lx/SOEM_ALL/SOEM-1.3.1-2can/lib/linux/libsoem.a(ethercatbase.o)
 .note.GNU-stack
                0x0000000000000000        0x0 /home/lx/SOEM_ALL/SOEM-1.3.1-2can/lib/linux/libsoem.a(ethercatbase.o)
 .data          0x0000000000000000        0x0 /usr/lib/x86_64-linux-gnu/libc_nonshared.a(elf-init.oS)
 .bss           0x0000000000000000        0x0 /usr/lib/x86_64-linux-gnu/libc_nonshared.a(elf-init.oS)
 .note.GNU-stack
                0x0000000000000000        0x0 /usr/lib/x86_64-linux-gnu/libc_nonshared.a(elf-init.oS)
 .text          0x0000000000000000        0x0 /home/lx/SOEM_ALL/SOEM-1.3.1-2can/lib/linux/liboshw.a(nicdrv.o)
 .data          0x0000000000000000        0x0 /home/lx/SOEM_ALL/SOEM-1.3.1-2can/lib/linux/liboshw.a(nicdrv.o)
 .bss           0x0000000000000000        0x0 /home/lx/SOEM_ALL/SOEM-1.3.1-2can/lib/linux/liboshw.a(nicdrv.o)
 .rodata        0x0000000000000000        0xc /home/lx/SOEM_ALL/SOEM-1.3.1-2can/lib/linux/liboshw.a(nicdrv.o)
 .text.ec_setupnic
                0x0000000000000000       0x2a /home/lx/SOEM_ALL/SOEM-1.3.1-2can/lib/linux/liboshw.a(nicdrv.o)
 .text.ec_closenic
                0x0000000000000000       0x15 /home/lx/SOEM_ALL/SOEM-1.3.1-2can/lib/linux/liboshw.a(nicdrv.o)
 .text.ec_getindex
                0x0000000000000000       0x15 /home/lx/SOEM_ALL/SOEM-1.3.1-2can/lib/linux/liboshw.a(nicdrv.o)
 .text.ec_setbufstat
                0x0000000000000000       0x26 /home/lx/SOEM_ALL/SOEM-1.3.1-2can/lib/linux/liboshw.a(nicdrv.o)
 .text.ec_outframe
                0x0000000000000000       0x27 /home/lx/SOEM_ALL/SOEM-1.3.1-2can/lib/linux/liboshw.a(nicdrv.o)
 .text.ec_outframe_red
                0x0000000000000000       0x1f /home/lx/SOEM_ALL/SOEM-1.3.1-2can/lib/linux/liboshw.a(nicdrv.o)
 .text.ec_inframe
                0x0000000000000000       0x27 /home/lx/SOEM_ALL/SOEM-1.3.1-2can/lib/linux/liboshw.a(nicdrv.o)
 .text.ec_waitinframe
                0x0000000000000000       0x27 /home/lx/SOEM_ALL/SOEM-1.3.1-2can/lib/linux/liboshw.a(nicdrv.o)
 .text.ec_srconfirm
                0x0000000000000000       0x27 /home/lx/SOEM_ALL/SOEM-1.3.1-2can/lib/linux/liboshw.a(nicdrv.o)
 .note.GNU-stack
                0x0000000000000000        0x0 /home/lx/SOEM_ALL/SOEM-1.3.1-2can/lib/linux/liboshw.a(nicdrv.o)
 .text          0x0000000000000000        0x0 /home/lx/SOEM_ALL/SOEM-1.3.1-2can/lib/linux/liboshw.a(oshw.o)
 .data          0x0000000000000000        0x0 /home/lx/SOEM_ALL/SOEM-1.3.1-2can/lib/linux/liboshw.a(oshw.o)
 .bss           0x0000000000000000        0x0 /home/lx/SOEM_ALL/SOEM-1.3.1-2can/lib/linux/liboshw.a(oshw.o)
 .text.oshw_htons
                0x0000000000000000       0x26 /home/lx/SOEM_ALL/SOEM-1.3.1-2can/lib/linux/liboshw.a(oshw.o)
 .text.oshw_ntohs
                0x0000000000000000       0x26 /home/lx/SOEM_ALL/SOEM-1.3.1-2can/lib/linux/liboshw.a(oshw.o)
 .text.oshw_find_adapters
                0x0000000000000000      0x19e /home/lx/SOEM_ALL/SOEM-1.3.1-2can/lib/linux/liboshw.a(oshw.o)
 .text.oshw_free_adapters
                0x0000000000000000       0x67 /home/lx/SOEM_ALL/SOEM-1.3.1-2can/lib/linux/liboshw.a(oshw.o)
 .note.GNU-stack
                0x0000000000000000        0x0 /home/lx/SOEM_ALL/SOEM-1.3.1-2can/lib/linux/liboshw.a(oshw.o)
 .text          0x0000000000000000        0x0 /usr/lib/gcc/x86_64-linux-gnu/7/crtendS.o
 .data          0x0000000000000000        0x0 /usr/lib/gcc/x86_64-linux-gnu/7/crtendS.o
 .bss           0x0000000000000000        0x0 /usr/lib/gcc/x86_64-linux-gnu/7/crtendS.o
 .note.GNU-stack
                0x0000000000000000        0x0 /usr/lib/gcc/x86_64-linux-gnu/7/crtendS.o
 .text          0x0000000000000000        0x0 /usr/lib/gcc/x86_64-linux-gnu/7/../../../x86_64-linux-gnu/crtn.o
 .data          0x0000000000000000        0x0 /usr/lib/gcc/x86_64-linux-gnu/7/../../../x86_64-linux-gnu/crtn.o
 .bss           0x0000000000000000        0x0 /usr/lib/gcc/x86_64-linux-gnu/7/../../../x86_64-linux-gnu/crtn.o
 .note.GNU-stack
                0x0000000000000000        0x0 /usr/lib/gcc/x86_64-linux-gnu/7/../../../x86_64-linux-gnu/crtn.o

内存配置

名称           来源             长度             属性
*default*        0x0000000000000000 0xffffffffffffffff

链结器命令稿和内存映射

LOAD /usr/lib/gcc/x86_64-linux-gnu/7/../../../x86_64-linux-gnu/Scrt1.o
LOAD /usr/lib/gcc/x86_64-linux-gnu/7/../../../x86_64-linux-gnu/crti.o
LOAD /usr/lib/gcc/x86_64-linux-gnu/7/crtbeginS.o
LOAD obj/linux/main.o
LOAD obj/linux/multican.o
LOAD obj/linux/save.o
LOAD obj/linux/sendUdp.o
START GROUP
LOAD /home/lx/SOEM_ALL/SOEM-1.3.1-2can/lib/linux/liboshw.a
LOAD /home/lx/SOEM_ALL/SOEM-1.3.1-2can/lib/linux/libosal.a
LOAD /home/lx/SOEM_ALL/SOEM-1.3.1-2can/lib/linux/libsoem.a
LOAD /usr/lib/gcc/x86_64-linux-gnu/7/../../../x86_64-linux-gnu/libc.so
START GROUP
LOAD /lib/x86_64-linux-gnu/libc.so.6
LOAD /usr/lib/x86_64-linux-gnu/libc_nonshared.a
LOAD /lib/x86_64-linux-gnu/ld-linux-x86-64.so.2
END GROUP
LOAD /usr/lib/gcc/x86_64-linux-gnu/7/../../../x86_64-linux-gnu/libm.so
START GROUP
LOAD /lib/x86_64-linux-gnu/libm.so.6
LOAD /usr/lib/x86_64-linux-gnu/libmvec_nonshared.a
LOAD /lib/x86_64-linux-gnu/libmvec.so.1
END GROUP
END GROUP
LOAD /usr/lib/gcc/x86_64-linux-gnu/7/../../../x86_64-linux-gnu/libpthread.so
START GROUP
LOAD /lib/x86_64-linux-gnu/libpthread.so.0
LOAD /usr/lib/x86_64-linux-gnu/libpthread_nonshared.a
END GROUP
LOAD /usr/lib/gcc/x86_64-linux-gnu/7/../../../x86_64-linux-gnu/librt.so
LOAD /usr/lib/gcc/x86_64-linux-gnu/7/libgcc.a
LOAD /usr/lib/gcc/x86_64-linux-gnu/7/libgcc_s.so
START GROUP
LOAD /usr/lib/gcc/x86_64-linux-gnu/7/libgcc_s.so.1
LOAD /usr/lib/gcc/x86_64-linux-gnu/7/libgcc.a
END GROUP
LOAD /usr/lib/gcc/x86_64-linux-gnu/7/../../../x86_64-linux-gnu/libc.so
START GROUP
LOAD /lib/x86_64-linux-gnu/libc.so.6
LOAD /usr/lib/x86_64-linux-gnu/libc_nonshared.a
LOAD /lib/x86_64-linux-gnu/ld-linux-x86-64.so.2
END GROUP
LOAD /usr/lib/gcc/x86_64-linux-gnu/7/libgcc.a
LOAD /usr/lib/gcc/x86_64-linux-gnu/7/libgcc_s.so
START GROUP
LOAD /usr/lib/gcc/x86_64-linux-gnu/7/libgcc_s.so.1
LOAD /usr/lib/gcc/x86_64-linux-gnu/7/libgcc.a
END GROUP
LOAD /usr/lib/gcc/x86_64-linux-gnu/7/crtendS.o
LOAD /usr/lib/gcc/x86_64-linux-gnu/7/../../../x86_64-linux-gnu/crtn.o
                [!provide]                        PROVIDE (__executable_start = SEGMENT_START ("text-segment", 0x0))
                0x0000000000000238                . = (SEGMENT_START ("text-segment", 0x0) + SIZEOF_HEADERS)

.interp         0x0000000000000238       0x1c
 *(.interp)
 .interp        0x0000000000000238       0x1c /usr/lib/gcc/x86_64-linux-gnu/7/../../../x86_64-linux-gnu/Scrt1.o

.note.ABI-tag   0x0000000000000254       0x20
 .note.ABI-tag  0x0000000000000254       0x20 /usr/lib/gcc/x86_64-linux-gnu/7/../../../x86_64-linux-gnu/Scrt1.o

.note.gnu.build-id
                0x0000000000000274       0x24
 *(.note.gnu.build-id)
 .note.gnu.build-id
                0x0000000000000274       0x24 /usr/lib/gcc/x86_64-linux-gnu/7/../../../x86_64-linux-gnu/Scrt1.o

.hash
 *(.hash)

.gnu.hash       0x0000000000000298       0x28
 *(.gnu.hash)
 .gnu.hash      0x0000000000000298       0x28 /usr/lib/gcc/x86_64-linux-gnu/7/../../../x86_64-linux-gnu/Scrt1.o

.dynsym         0x00000000000002c0      0x498
 *(.dynsym)
 .dynsym        0x00000000000002c0      0x498 /usr/lib/gcc/x86_64-linux-gnu/7/../../../x86_64-linux-gnu/Scrt1.o

.dynstr         0x0000000000000758      0x22e
 *(.dynstr)
 .dynstr        0x0000000000000758      0x22e /usr/lib/gcc/x86_64-linux-gnu/7/../../../x86_64-linux-gnu/Scrt1.o

.gnu.version    0x0000000000000986       0x62
 *(.gnu.version)
 .gnu.version   0x0000000000000986       0x62 /usr/lib/gcc/x86_64-linux-gnu/7/../../../x86_64-linux-gnu/Scrt1.o

.gnu.version_d  0x00000000000009e8        0x0
 *(.gnu.version_d)
 .gnu.version_d
                0x00000000000009e8        0x0 /usr/lib/gcc/x86_64-linux-gnu/7/../../../x86_64-linux-gnu/Scrt1.o

.gnu.version_r  0x00000000000009e8       0x90
 *(.gnu.version_r)
 .gnu.version_r
                0x00000000000009e8       0x90 /usr/lib/gcc/x86_64-linux-gnu/7/../../../x86_64-linux-gnu/Scrt1.o

.rela.dyn       0x0000000000000a78      0x258
 *(.rela.init)
 *(.rela.text .rela.text.* .rela.gnu.linkonce.t.*)
 .rela.text.interactWith_etherCAT
                0x0000000000000a78        0x0 /usr/lib/gcc/x86_64-linux-gnu/7/../../../x86_64-linux-gnu/Scrt1.o
 .rela.text.deal_data
                0x0000000000000a78        0x0 /usr/lib/gcc/x86_64-linux-gnu/7/../../../x86_64-linux-gnu/Scrt1.o
 .rela.text.load_udp_msgToBuffer
                0x0000000000000a78        0x0 /usr/lib/gcc/x86_64-linux-gnu/7/../../../x86_64-linux-gnu/Scrt1.o
 .rela.text.slave_setup
                0x0000000000000a78        0x0 /usr/lib/gcc/x86_64-linux-gnu/7/../../../x86_64-linux-gnu/Scrt1.o
 .rela.text.get_csv
                0x0000000000000a78        0x0 /usr/lib/gcc/x86_64-linux-gnu/7/../../../x86_64-linux-gnu/Scrt1.o
 .rela.text.setting_register
                0x0000000000000a78        0x0 /usr/lib/gcc/x86_64-linux-gnu/7/../../../x86_64-linux-gnu/Scrt1.o
 .rela.text.init_setting
                0x0000000000000a78        0x0 /usr/lib/gcc/x86_64-linux-gnu/7/../../../x86_64-linux-gnu/Scrt1.o
 .rela.text.write_Into_pos
                0x0000000000000a78        0x0 /usr/lib/gcc/x86_64-linux-gnu/7/../../../x86_64-linux-gnu/Scrt1.o
 .rela.text.use_COB_ID_find_k
                0x0000000000000a78        0x0 /usr/lib/gcc/x86_64-linux-gnu/7/../../../x86_64-linux-gnu/Scrt1.o
 .rela.text.show_data
                0x0000000000000a78        0x0 /usr/lib/gcc/x86_64-linux-gnu/7/../../../x86_64-linux-gnu/Scrt1.o
 .rela.text.read_from_pos
                0x0000000000000a78        0x0 /usr/lib/gcc/x86_64-linux-gnu/7/../../../x86_64-linux-gnu/Scrt1.o
 .rela.text.use_Read_COB_ID_find_k
                0x0000000000000a78        0x0 /usr/lib/gcc/x86_64-linux-gnu/7/../../../x86_64-linux-gnu/Scrt1.o
 .rela.text.SendUdpMsg
                0x0000000000000a78        0x0 /usr/lib/gcc/x86_64-linux-gnu/7/../../../x86_64-linux-gnu/Scrt1.o
 .rela.text.ecx_find_mapt
                0x0000000000000a78        0x0 /usr/lib/gcc/x86_64-linux-gnu/7/../../../x86_64-linux-gnu/Scrt1.o
 .rela.text.ecx_get_threadcount
                0x0000000000000a78        0x0 /usr/lib/gcc/x86_64-linux-gnu/7/../../../x86_64-linux-gnu/Scrt1.o
 .rela.text.ecx_config_map_group
                0x0000000000000a78        0x0 /usr/lib/gcc/x86_64-linux-gnu/7/../../../x86_64-linux-gnu/Scrt1.o
 .rela.text.ecx_elist2string
                0x0000000000000a78        0x0 /usr/lib/gcc/x86_64-linux-gnu/7/../../../x86_64-linux-gnu/Scrt1.o
 .rela.text     0x0000000000000a78        0x0 /usr/lib/gcc/x86_64-linux-gnu/7/../../../x86_64-linux-gnu/Scrt1.o
 *(.rela.fini)
 *(.rela.rodata .rela.rodata.* .rela.gnu.linkonce.r.*)
 *(.rela.data .rela.data.* .rela.gnu.linkonce.d.*)
 .rela.data.rel.ro
                0x0000000000000a78        0x0 /usr/lib/gcc/x86_64-linux-gnu/7/../../../x86_64-linux-gnu/Scrt1.o
 .rela.data.rel.local
                0x0000000000000a78      0x180 /usr/lib/gcc/x86_64-linux-gnu/7/../../../x86_64-linux-gnu/Scrt1.o
 *(.rela.tdata .rela.tdata.* .rela.gnu.linkonce.td.*)
 *(.rela.tbss .rela.tbss.* .rela.gnu.linkonce.tb.*)
 *(.rela.ctors)
 *(.rela.dtors)
 *(.rela.got)
 .rela.got      0x0000000000000bf8       0x78 /usr/lib/gcc/x86_64-linux-gnu/7/../../../x86_64-linux-gnu/Scrt1.o
 *(.rela.bss .rela.bss.* .rela.gnu.linkonce.b.*)
 .rela.bss      0x0000000000000c70       0x30 /usr/lib/gcc/x86_64-linux-gnu/7/../../../x86_64-linux-gnu/Scrt1.o
 *(.rela.ldata .rela.ldata.* .rela.gnu.linkonce.l.*)
 *(.rela.lbss .rela.lbss.* .rela.gnu.linkonce.lb.*)
 *(.rela.lrodata .rela.lrodata.* .rela.gnu.linkonce.lr.*)
 *(.rela.ifunc)
 .rela.ifunc    0x0000000000000ca0        0x0 /usr/lib/gcc/x86_64-linux-gnu/7/../../../x86_64-linux-gnu/Scrt1.o
 .rela.fini_array
                0x0000000000000ca0       0x18 /usr/lib/gcc/x86_64-linux-gnu/7/../../../x86_64-linux-gnu/Scrt1.o
 .rela.init_array
                0x0000000000000cb8       0x18 /usr/lib/gcc/x86_64-linux-gnu/7/../../../x86_64-linux-gnu/Scrt1.o

.rela.plt       0x0000000000000cd0      0x3d8
 *(.rela.plt)
 .rela.plt      0x0000000000000cd0      0x3d8 /usr/lib/gcc/x86_64-linux-gnu/7/../../../x86_64-linux-gnu/Scrt1.o
                [!provide]                        PROVIDE (__rela_iplt_start = .)
 *(.rela.iplt)
                [!provide]                        PROVIDE (__rela_iplt_end = .)

.init           0x00000000000010a8       0x17
 *(SORT_NONE(.init))
 .init          0x00000000000010a8       0x12 /usr/lib/gcc/x86_64-linux-gnu/7/../../../x86_64-linux-gnu/crti.o
                0x00000000000010a8                _init
 .init          0x00000000000010ba        0x5 /usr/lib/gcc/x86_64-linux-gnu/7/../../../x86_64-linux-gnu/crtn.o

.plt            0x00000000000010c0      0x2a0
 *(.plt)
 .plt           0x00000000000010c0      0x2a0 /usr/lib/gcc/x86_64-linux-gnu/7/../../../x86_64-linux-gnu/Scrt1.o
 *(.iplt)

.plt.got        0x0000000000001360        0x8
 *(.plt.got)
 .plt.got       0x0000000000001360        0x8 /usr/lib/gcc/x86_64-linux-gnu/7/../../../x86_64-linux-gnu/Scrt1.o

.plt.sec
 *(.plt.sec)

.text           0x0000000000001370    0x102bf
 *(.text.unlikely .text.*_unlikely .text.unlikely.*)
 *(.text.exit .text.exit.*)
 *(.text.startup .text.startup.*)
 *(.text.hot .text.hot.*)
 *(.text .stub .text.* .gnu.linkonce.t.*)
 .text          0x0000000000001370       0x2b /usr/lib/gcc/x86_64-linux-gnu/7/../../../x86_64-linux-gnu/Scrt1.o
                0x0000000000001370                _start
 *fill*         0x000000000000139b        0x5 
 .text          0x00000000000013a0       0xda /usr/lib/gcc/x86_64-linux-gnu/7/crtbeginS.o
 .text.main     0x000000000000147a       0xdd obj/linux/main.o
                0x000000000000147a                main
 .text.interactWith_etherCAT
                0x0000000000001557      0x10d obj/linux/multican.o
                0x0000000000001557                interactWith_etherCAT
 .text.deal_data
                0x0000000000001664      0x249 obj/linux/multican.o
                0x0000000000001664                deal_data
 .text.load_udp_msgToBuffer
                0x00000000000018ad      0x3a2 obj/linux/multican.o
                0x00000000000018ad                load_udp_msgToBuffer
 .text.slave_setup
                0x0000000000001c4f      0x69b obj/linux/multican.o
                0x0000000000001c4f                slave_setup
 .text.get_csv  0x00000000000022ea      0x325 obj/linux/multican.o
                0x00000000000022ea                get_csv
 .text.read_uint8Data
                0x000000000000260f      0x10f obj/linux/multican.o
                0x000000000000260f                read_uint8Data
 .text.setting_register
                0x000000000000271e      0x6b0 obj/linux/multican.o
                0x000000000000271e                setting_register
 .text.init_setting
                0x0000000000002dce      0x3d6 obj/linux/multican.o
                0x0000000000002dce                init_setting
 .text.write_Into_pos
                0x00000000000031a4      0x10b obj/linux/multican.o
                0x00000000000031a4                write_Into_pos
 .text.use_COB_ID_find_k
                0x00000000000032af       0x71 obj/linux/multican.o
                0x00000000000032af                use_COB_ID_find_k
 .text.show_data
                0x0000000000003320      0x272 obj/linux/multican.o
                0x0000000000003320                show_data
 .text.read_from_pos
                0x0000000000003592      0x109 obj/linux/multican.o
                0x0000000000003592                read_from_pos
 .text.use_Read_COB_ID_find_k
                0x000000000000369b       0x71 obj/linux/multican.o
                0x000000000000369b                use_Read_COB_ID_find_k
 .text.SendUdpMsg
                0x000000000000370c       0x70 obj/linux/multican.o
                0x000000000000370c                SendUdpMsg
 .text.init_udp
                0x000000000000377c       0xf7 obj/linux/sendUdp.o
                0x000000000000377c                init_udp
 .text.sendUdpMsg
                0x0000000000003873       0x48 obj/linux/sendUdp.o
                0x0000000000003873                sendUdpMsg
 .text.osal_usleep
                0x00000000000038bb       0x84 /home/lx/SOEM_ALL/SOEM-1.3.1-2can/lib/linux/libosal.a(osal.o)
                0x00000000000038bb                osal_usleep
 .text.osal_gettimeofday
                0x000000000000393f       0x8a /home/lx/SOEM_ALL/SOEM-1.3.1-2can/lib/linux/libosal.a(osal.o)
                0x000000000000393f                osal_gettimeofday
 .text.osal_current_time
                0x00000000000039c9       0x57 /home/lx/SOEM_ALL/SOEM-1.3.1-2can/lib/linux/libosal.a(osal.o)
                0x00000000000039c9                osal_current_time
 .text.osal_timer_start
                0x0000000000003a20       0xf0 /home/lx/SOEM_ALL/SOEM-1.3.1-2can/lib/linux/libosal.a(osal.o)
                0x0000000000003a20                osal_timer_start
 .text.osal_timer_is_expired
                0x0000000000003b10       0xa5 /home/lx/SOEM_ALL/SOEM-1.3.1-2can/lib/linux/libosal.a(osal.o)
                0x0000000000003b10                osal_timer_is_expired
 .text.osal_thread_create
                0x0000000000003bb5       0xa0 /home/lx/SOEM_ALL/SOEM-1.3.1-2can/lib/linux/libosal.a(osal.o)
                0x0000000000003bb5                osal_thread_create
 .text.ecx_SDOerror
                0x0000000000003c55       0xba /home/lx/SOEM_ALL/SOEM-1.3.1-2can/lib/linux/libsoem.a(ethercatcoe.o)
                0x0000000000003c55                ecx_SDOerror
 .text.ecx_SDOread
                0x0000000000003d0f      0x728 /home/lx/SOEM_ALL/SOEM-1.3.1-2can/lib/linux/libsoem.a(ethercatcoe.o)
                0x0000000000003d0f                ecx_SDOread
 .text.ecx_SDOwrite
                0x0000000000004437      0x87f /home/lx/SOEM_ALL/SOEM-1.3.1-2can/lib/linux/libsoem.a(ethercatcoe.o)
                0x0000000000004437                ecx_SDOwrite
 .text.ecx_readPDOassign
                0x0000000000004cb6      0x269 /home/lx/SOEM_ALL/SOEM-1.3.1-2can/lib/linux/libsoem.a(ethercatcoe.o)
                0x0000000000004cb6                ecx_readPDOassign
 .text.ecx_readPDOassignCA
                0x0000000000004f1f      0x1ec /home/lx/SOEM_ALL/SOEM-1.3.1-2can/lib/linux/libsoem.a(ethercatcoe.o)
                0x0000000000004f1f                ecx_readPDOassignCA
 .text.ecx_readPDOmap
                0x000000000000510b      0x34c /home/lx/SOEM_ALL/SOEM-1.3.1-2can/lib/linux/libsoem.a(ethercatcoe.o)
                0x000000000000510b                ecx_readPDOmap
 .text.ecx_readPDOmapCA
                0x0000000000005457      0x304 /home/lx/SOEM_ALL/SOEM-1.3.1-2can/lib/linux/libsoem.a(ethercatcoe.o)
                0x0000000000005457                ecx_readPDOmapCA
 .text.ec_SDOwrite
                0x000000000000575b       0x64 /home/lx/SOEM_ALL/SOEM-1.3.1-2can/lib/linux/libsoem.a(ethercatcoe.o)
                0x000000000000575b                ec_SDOwrite
 .text.ec_findconfig
                0x00000000000057bf       0xc0 /home/lx/SOEM_ALL/SOEM-1.3.1-2can/lib/linux/libsoem.a(ethercatconfig.o)
                0x00000000000057bf                ec_findconfig
 .text.ecx_init_context
                0x000000000000587f       0xd8 /home/lx/SOEM_ALL/SOEM-1.3.1-2can/lib/linux/libsoem.a(ethercatconfig.o)
                0x000000000000587f                ecx_init_context
 .text.ecx_detect_slaves
                0x0000000000005957      0x10f /home/lx/SOEM_ALL/SOEM-1.3.1-2can/lib/linux/libsoem.a(ethercatconfig.o)
                0x0000000000005957                ecx_detect_slaves
 .text.ecx_set_slaves_to_default
                0x0000000000005a66      0x295 /home/lx/SOEM_ALL/SOEM-1.3.1-2can/lib/linux/libsoem.a(ethercatconfig.o)
 .text.ecx_config_from_table
                0x0000000000005cfb      0x3cc /home/lx/SOEM_ALL/SOEM-1.3.1-2can/lib/linux/libsoem.a(ethercatconfig.o)
 .text.ecx_lookup_prev_sii
                0x00000000000060c7      0x751 /home/lx/SOEM_ALL/SOEM-1.3.1-2can/lib/linux/libsoem.a(ethercatconfig.o)
 .text.ecx_config_init
                0x0000000000006818     0x1790 /home/lx/SOEM_ALL/SOEM-1.3.1-2can/lib/linux/libsoem.a(ethercatconfig.o)
                0x0000000000006818                ecx_config_init
 .text.ecx_lookup_mapping
                0x0000000000007fa8      0x33b /home/lx/SOEM_ALL/SOEM-1.3.1-2can/lib/linux/libsoem.a(ethercatconfig.o)
 .text.ecx_map_coe_soe
                0x00000000000082e3      0x31d /home/lx/SOEM_ALL/SOEM-1.3.1-2can/lib/linux/libsoem.a(ethercatconfig.o)
 .text.ecx_map_sii
                0x0000000000008600      0x332 /home/lx/SOEM_ALL/SOEM-1.3.1-2can/lib/linux/libsoem.a(ethercatconfig.o)
 .text.ecx_map_sm
                0x0000000000008932      0x45f /home/lx/SOEM_ALL/SOEM-1.3.1-2can/lib/linux/libsoem.a(ethercatconfig.o)
 .text.ecx_mapper_thread
                0x0000000000008d91       0x43 /home/lx/SOEM_ALL/SOEM-1.3.1-2can/lib/linux/libsoem.a(ethercatconfig.o)
                0x0000000000008d91                ecx_mapper_thread
 .text.ecx_find_mapt
                0x0000000000008dd4       0x4d /home/lx/SOEM_ALL/SOEM-1.3.1-2can/lib/linux/libsoem.a(ethercatconfig.o)
 .text.ecx_get_threadcount
                0x0000000000008e21       0x48 /home/lx/SOEM_ALL/SOEM-1.3.1-2can/lib/linux/libsoem.a(ethercatconfig.o)
 .text.ecx_config_map_group
                0x0000000000008e69     0x1ddb /home/lx/SOEM_ALL/SOEM-1.3.1-2can/lib/linux/libsoem.a(ethercatconfig.o)
                0x0000000000008e69                ecx_config_map_group
 .text.ec_config_init
                0x000000000000ac44       0x22 /home/lx/SOEM_ALL/SOEM-1.3.1-2can/lib/linux/libsoem.a(ethercatconfig.o)
                0x000000000000ac44                ec_config_init
 .text.ec_config_map_group
                0x000000000000ac66       0x2d /home/lx/SOEM_ALL/SOEM-1.3.1-2can/lib/linux/libsoem.a(ethercatconfig.o)
                0x000000000000ac66                ec_config_map_group
 .text.ec_config_map
                0x000000000000ac93       0x20 /home/lx/SOEM_ALL/SOEM-1.3.1-2can/lib/linux/libsoem.a(ethercatconfig.o)
                0x000000000000ac93                ec_config_map
 .text.ecx_pusherror
                0x000000000000acb3      0x11c /home/lx/SOEM_ALL/SOEM-1.3.1-2can/lib/linux/libsoem.a(ethercatmain.o)
                0x000000000000acb3                ecx_pusherror
 .text.ecx_poperror
                0x000000000000adcf       0xfd /home/lx/SOEM_ALL/SOEM-1.3.1-2can/lib/linux/libsoem.a(ethercatmain.o)
                0x000000000000adcf                ecx_poperror
 .text.ecx_iserror
                0x000000000000aecc       0x25 /home/lx/SOEM_ALL/SOEM-1.3.1-2can/lib/linux/libsoem.a(ethercatmain.o)
                0x000000000000aecc                ecx_iserror
 .text.ecx_packeterror
                0x000000000000aef1       0xc1 /home/lx/SOEM_ALL/SOEM-1.3.1-2can/lib/linux/libsoem.a(ethercatmain.o)
                0x000000000000aef1                ecx_packeterror
 .text.ecx_mbxerror
                0x000000000000afb2       0xa0 /home/lx/SOEM_ALL/SOEM-1.3.1-2can/lib/linux/libsoem.a(ethercatmain.o)
 .text.ecx_mbxemergencyerror
                0x000000000000b052       0xed /home/lx/SOEM_ALL/SOEM-1.3.1-2can/lib/linux/libsoem.a(ethercatmain.o)
 .text.ecx_init
                0x000000000000b13f       0x2e /home/lx/SOEM_ALL/SOEM-1.3.1-2can/lib/linux/libsoem.a(ethercatmain.o)
                0x000000000000b13f                ecx_init
 .text.ecx_close
                0x000000000000b16d       0x1f /home/lx/SOEM_ALL/SOEM-1.3.1-2can/lib/linux/libsoem.a(ethercatmain.o)
                0x000000000000b16d                ecx_close
 .text.ecx_siigetbyte
                0x000000000000b18c      0x2a9 /home/lx/SOEM_ALL/SOEM-1.3.1-2can/lib/linux/libsoem.a(ethercatmain.o)
                0x000000000000b18c                ecx_siigetbyte
 .text.ecx_siifind
                0x000000000000b435      0x1d4 /home/lx/SOEM_ALL/SOEM-1.3.1-2can/lib/linux/libsoem.a(ethercatmain.o)
                0x000000000000b435                ecx_siifind
 .text.ecx_siistring
                0x000000000000b609      0x1e8 /home/lx/SOEM_ALL/SOEM-1.3.1-2can/lib/linux/libsoem.a(ethercatmain.o)
                0x000000000000b609                ecx_siistring
 .text.ecx_siiFMMU
                0x000000000000b7f1      0x226 /home/lx/SOEM_ALL/SOEM-1.3.1-2can/lib/linux/libsoem.a(ethercatmain.o)
                0x000000000000b7f1                ecx_siiFMMU
 .text.ecx_siiSM
                0x000000000000ba17      0x2c2 /home/lx/SOEM_ALL/SOEM-1.3.1-2can/lib/linux/libsoem.a(ethercatmain.o)
                0x000000000000ba17                ecx_siiSM
 .text.ecx_siiSMnext
                0x000000000000bcd9      0x249 /home/lx/SOEM_ALL/SOEM-1.3.1-2can/lib/linux/libsoem.a(ethercatmain.o)
                0x000000000000bcd9                ecx_siiSMnext
 .text.ecx_siiPDO
                0x000000000000bf22      0x4e8 /home/lx/SOEM_ALL/SOEM-1.3.1-2can/lib/linux/libsoem.a(ethercatmain.o)
                0x000000000000bf22                ecx_siiPDO
 .text.ecx_FPRD_multi
                0x000000000000c40a      0x301 /home/lx/SOEM_ALL/SOEM-1.3.1-2can/lib/linux/libsoem.a(ethercatmain.o)
                0x000000000000c40a                ecx_FPRD_multi
 .text.ecx_readstate
                0x000000000000c70b      0x336 /home/lx/SOEM_ALL/SOEM-1.3.1-2can/lib/linux/libsoem.a(ethercatmain.o)
                0x000000000000c70b                ecx_readstate
 .text.ecx_writestate
                0x000000000000ca41      0x121 /home/lx/SOEM_ALL/SOEM-1.3.1-2can/lib/linux/libsoem.a(ethercatmain.o)
                0x000000000000ca41                ecx_writestate
 .text.ecx_statecheck
                0x000000000000cb62      0x1da /home/lx/SOEM_ALL/SOEM-1.3.1-2can/lib/linux/libsoem.a(ethercatmain.o)
                0x000000000000cb62                ecx_statecheck
 .text.ec_nextmbxcnt
                0x000000000000cd3c       0x24 /home/lx/SOEM_ALL/SOEM-1.3.1-2can/lib/linux/libsoem.a(ethercatmain.o)
                0x000000000000cd3c                ec_nextmbxcnt
 .text.ec_clearmbx
                0x000000000000cd60       0x26 /home/lx/SOEM_ALL/SOEM-1.3.1-2can/lib/linux/libsoem.a(ethercatmain.o)
                0x000000000000cd60                ec_clearmbx
 .text.ecx_mbxempty
                0x000000000000cd86      0x12c /home/lx/SOEM_ALL/SOEM-1.3.1-2can/lib/linux/libsoem.a(ethercatmain.o)
                0x000000000000cd86                ecx_mbxempty
 .text.ecx_mbxsend
                0x000000000000ceb2      0x12d /home/lx/SOEM_ALL/SOEM-1.3.1-2can/lib/linux/libsoem.a(ethercatmain.o)
                0x000000000000ceb2                ecx_mbxsend
 .text.ecx_mbxreceive
                0x000000000000cfdf      0x46f /home/lx/SOEM_ALL/SOEM-1.3.1-2can/lib/linux/libsoem.a(ethercatmain.o)
                0x000000000000cfdf                ecx_mbxreceive
 .text.ecx_eeprom2master
                0x000000000000d44e      0x181 /home/lx/SOEM_ALL/SOEM-1.3.1-2can/lib/linux/libsoem.a(ethercatmain.o)
                0x000000000000d44e                ecx_eeprom2master
 .text.ecx_eeprom2pdi
                0x000000000000d5cf      0x12c /home/lx/SOEM_ALL/SOEM-1.3.1-2can/lib/linux/libsoem.a(ethercatmain.o)
                0x000000000000d5cf                ecx_eeprom2pdi
 .text.ecx_eeprom_waitnotbusyFP
                0x000000000000d6fb      0x113 /home/lx/SOEM_ALL/SOEM-1.3.1-2can/lib/linux/libsoem.a(ethercatmain.o)
                0x000000000000d6fb                ecx_eeprom_waitnotbusyFP
 .text.ecx_readeepromFP
                0x000000000000d80e      0x273 /home/lx/SOEM_ALL/SOEM-1.3.1-2can/lib/linux/libsoem.a(ethercatmain.o)
                0x000000000000d80e                ecx_readeepromFP
 .text.ecx_readeeprom1
                0x000000000000da81      0x15b /home/lx/SOEM_ALL/SOEM-1.3.1-2can/lib/linux/libsoem.a(ethercatmain.o)
                0x000000000000da81                ecx_readeeprom1
 .text.ecx_readeeprom2
                0x000000000000dbdc       0xee /home/lx/SOEM_ALL/SOEM-1.3.1-2can/lib/linux/libsoem.a(ethercatmain.o)
                0x000000000000dbdc                ecx_readeeprom2
 .text.ecx_pushindex
                0x000000000000dcca       0xb3 /home/lx/SOEM_ALL/SOEM-1.3.1-2can/lib/linux/libsoem.a(ethercatmain.o)
 .text.ecx_pullindex
                0x000000000000dd7d       0x56 /home/lx/SOEM_ALL/SOEM-1.3.1-2can/lib/linux/libsoem.a(ethercatmain.o)
 .text.ecx_send_processdata_group
                0x000000000000ddd3      0x950 /home/lx/SOEM_ALL/SOEM-1.3.1-2can/lib/linux/libsoem.a(ethercatmain.o)
                0x000000000000ddd3                ecx_send_processdata_group
 .text.ecx_receive_processdata_group
                0x000000000000e723      0x3a3 /home/lx/SOEM_ALL/SOEM-1.3.1-2can/lib/linux/libsoem.a(ethercatmain.o)
                0x000000000000e723                ecx_receive_processdata_group
 .text.ec_iserror
                0x000000000000eac6        0xd /home/lx/SOEM_ALL/SOEM-1.3.1-2can/lib/linux/libsoem.a(ethercatmain.o)
                0x000000000000eac6                ec_iserror
 .text.ec_init  0x000000000000ead3       0x22 /home/lx/SOEM_ALL/SOEM-1.3.1-2can/lib/linux/libsoem.a(ethercatmain.o)
                0x000000000000ead3                ec_init
 .text.ec_close
                0x000000000000eaf5       0x16 /home/lx/SOEM_ALL/SOEM-1.3.1-2can/lib/linux/libsoem.a(ethercatmain.o)
                0x000000000000eaf5                ec_close
 .text.ec_readstate
                0x000000000000eb0b       0x15 /home/lx/SOEM_ALL/SOEM-1.3.1-2can/lib/linux/libsoem.a(ethercatmain.o)
                0x000000000000eb0b                ec_readstate
 .text.ec_writestate
                0x000000000000eb20       0x23 /home/lx/SOEM_ALL/SOEM-1.3.1-2can/lib/linux/libsoem.a(ethercatmain.o)
                0x000000000000eb20                ec_writestate
 .text.ec_statecheck
                0x000000000000eb43       0x39 /home/lx/SOEM_ALL/SOEM-1.3.1-2can/lib/linux/libsoem.a(ethercatmain.o)
                0x000000000000eb43                ec_statecheck
 .text.ec_send_processdata_group
                0x000000000000eb7c       0x22 /home/lx/SOEM_ALL/SOEM-1.3.1-2can/lib/linux/libsoem.a(ethercatmain.o)
                0x000000000000eb7c                ec_send_processdata_group
 .text.ec_receive_processdata_group
                0x000000000000eb9e       0x2a /home/lx/SOEM_ALL/SOEM-1.3.1-2can/lib/linux/libsoem.a(ethercatmain.o)
                0x000000000000eb9e                ec_receive_processdata_group
 .text.ec_send_processdata
                0x000000000000ebc8       0x13 /home/lx/SOEM_ALL/SOEM-1.3.1-2can/lib/linux/libsoem.a(ethercatmain.o)
                0x000000000000ebc8                ec_send_processdata
 .text.ec_receive_processdata
                0x000000000000ebdb       0x1d /home/lx/SOEM_ALL/SOEM-1.3.1-2can/lib/linux/libsoem.a(ethercatmain.o)
                0x000000000000ebdb                ec_receive_processdata
 .text.ec_sdoerror2string
                0x000000000000ebf8       0x86 /home/lx/SOEM_ALL/SOEM-1.3.1-2can/lib/linux/libsoem.a(ethercatprint.o)
                0x000000000000ebf8                ec_sdoerror2string
 .text.ec_ALstatuscode2string
                0x000000000000ec7e       0x8a /home/lx/SOEM_ALL/SOEM-1.3.1-2can/lib/linux/libsoem.a(ethercatprint.o)
                0x000000000000ec7e                ec_ALstatuscode2string
 .text.ec_soeerror2string
                0x000000000000ed08       0x8a /home/lx/SOEM_ALL/SOEM-1.3.1-2can/lib/linux/libsoem.a(ethercatprint.o)
                0x000000000000ed08                ec_soeerror2string
 .text.ec_mbxerror2string
                0x000000000000ed92       0x8a /home/lx/SOEM_ALL/SOEM-1.3.1-2can/lib/linux/libsoem.a(ethercatprint.o)
                0x000000000000ed92                ec_mbxerror2string
 .text.ecx_elist2string
                0x000000000000ee1c      0x30a /home/lx/SOEM_ALL/SOEM-1.3.1-2can/lib/linux/libsoem.a(ethercatprint.o)
                0x000000000000ee1c                ecx_elist2string
 .text.ec_elist2string
                0x000000000000f126       0x15 /home/lx/SOEM_ALL/SOEM-1.3.1-2can/lib/linux/libsoem.a(ethercatprint.o)
                0x000000000000f126                ec_elist2string
 .text.ecx_SoEerror
                0x000000000000f13b       0xb4 /home/lx/SOEM_ALL/SOEM-1.3.1-2can/lib/linux/libsoem.a(ethercatsoe.o)
                0x000000000000f13b                ecx_SoEerror
 .text.ecx_SoEread
                0x000000000000f1ef      0x467 /home/lx/SOEM_ALL/SOEM-1.3.1-2can/lib/linux/libsoem.a(ethercatsoe.o)
                0x000000000000f1ef                ecx_SoEread
 .text.ecx_readIDNmap
                0x000000000000f656      0x32f /home/lx/SOEM_ALL/SOEM-1.3.1-2can/lib/linux/libsoem.a(ethercatsoe.o)
                0x000000000000f656                ecx_readIDNmap
 .text.ecx_writedatagramdata
                0x000000000000f985       0x89 /home/lx/SOEM_ALL/SOEM-1.3.1-2can/lib/linux/libsoem.a(ethercatbase.o)
 .text.ecx_setupdatagram
                0x000000000000fa0e      0x118 /home/lx/SOEM_ALL/SOEM-1.3.1-2can/lib/linux/libsoem.a(ethercatbase.o)
                0x000000000000fa0e                ecx_setupdatagram
 .text.ecx_adddatagram
                0x000000000000fb26      0x1ae /home/lx/SOEM_ALL/SOEM-1.3.1-2can/lib/linux/libsoem.a(ethercatbase.o)
                0x000000000000fb26                ecx_adddatagram
 .text.ecx_BWR  0x000000000000fcd4       0xc8 /home/lx/SOEM_ALL/SOEM-1.3.1-2can/lib/linux/libsoem.a(ethercatbase.o)
                0x000000000000fcd4                ecx_BWR
 .text.ecx_BRD  0x000000000000fd9c      0x101 /home/lx/SOEM_ALL/SOEM-1.3.1-2can/lib/linux/libsoem.a(ethercatbase.o)
                0x000000000000fd9c                ecx_BRD
 .text.ecx_APRD
                0x000000000000fe9d      0x101 /home/lx/SOEM_ALL/SOEM-1.3.1-2can/lib/linux/libsoem.a(ethercatbase.o)
                0x000000000000fe9d                ecx_APRD
 .text.ecx_APRDw
                0x000000000000ff9e       0x7c /home/lx/SOEM_ALL/SOEM-1.3.1-2can/lib/linux/libsoem.a(ethercatbase.o)
                0x000000000000ff9e                ecx_APRDw
 .text.ecx_FPRD
                0x000000000001001a      0x101 /home/lx/SOEM_ALL/SOEM-1.3.1-2can/lib/linux/libsoem.a(ethercatbase.o)
                0x000000000001001a                ecx_FPRD
 .text.ecx_FPRDw
                0x000000000001011b       0x7c /home/lx/SOEM_ALL/SOEM-1.3.1-2can/lib/linux/libsoem.a(ethercatbase.o)
                0x000000000001011b                ecx_FPRDw
 .text.ecx_APWR
                0x0000000000010197       0xc8 /home/lx/SOEM_ALL/SOEM-1.3.1-2can/lib/linux/libsoem.a(ethercatbase.o)
                0x0000000000010197                ecx_APWR
 .text.ecx_APWRw
                0x000000000001025f       0x51 /home/lx/SOEM_ALL/SOEM-1.3.1-2can/lib/linux/libsoem.a(ethercatbase.o)
                0x000000000001025f                ecx_APWRw
 .text.ecx_FPWR
                0x00000000000102b0       0xc8 /home/lx/SOEM_ALL/SOEM-1.3.1-2can/lib/linux/libsoem.a(ethercatbase.o)
                0x00000000000102b0                ecx_FPWR
 .text.ecx_FPWRw
                0x0000000000010378       0x51 /home/lx/SOEM_ALL/SOEM-1.3.1-2can/lib/linux/libsoem.a(ethercatbase.o)
                0x0000000000010378                ecx_FPWRw
 *fill*         0x00000000000103c9        0x7 
 .text          0x00000000000103d0       0x72 /usr/lib/x86_64-linux-gnu/libc_nonshared.a(elf-init.oS)
                0x00000000000103d0                __libc_csu_init
                0x0000000000010440                __libc_csu_fini
 .text.ecx_clear_rxbufstat
                0x0000000000010442       0x39 /home/lx/SOEM_ALL/SOEM-1.3.1-2can/lib/linux/liboshw.a(nicdrv.o)
 .text.ecx_setupnic
                0x000000000001047b      0x4fc /home/lx/SOEM_ALL/SOEM-1.3.1-2can/lib/linux/liboshw.a(nicdrv.o)
                0x000000000001047b                ecx_setupnic
 .text.ecx_closenic
                0x0000000000010977       0x68 /home/lx/SOEM_ALL/SOEM-1.3.1-2can/lib/linux/liboshw.a(nicdrv.o)
                0x0000000000010977                ecx_closenic
 .text.ec_setupheader
                0x00000000000109df       0xba /home/lx/SOEM_ALL/SOEM-1.3.1-2can/lib/linux/liboshw.a(nicdrv.o)
                0x00000000000109df                ec_setupheader
 .text.ecx_getindex
                0x0000000000010a99       0xf9 /home/lx/SOEM_ALL/SOEM-1.3.1-2can/lib/linux/liboshw.a(nicdrv.o)
                0x0000000000010a99                ecx_getindex
 .text.ecx_setbufstat
                0x0000000000010b92       0x5b /home/lx/SOEM_ALL/SOEM-1.3.1-2can/lib/linux/liboshw.a(nicdrv.o)
                0x0000000000010b92                ecx_setbufstat
 .text.ecx_outframe
                0x0000000000010bed       0xa5 /home/lx/SOEM_ALL/SOEM-1.3.1-2can/lib/linux/liboshw.a(nicdrv.o)
                0x0000000000010bed                ecx_outframe
 .text.ecx_outframe_red
                0x0000000000010c92      0x145 /home/lx/SOEM_ALL/SOEM-1.3.1-2can/lib/linux/liboshw.a(nicdrv.o)
                0x0000000000010c92                ecx_outframe_red
 .text.ecx_recvpkt
                0x0000000000010dd7       0x82 /home/lx/SOEM_ALL/SOEM-1.3.1-2can/lib/linux/liboshw.a(nicdrv.o)
 .text.ecx_inframe
                0x0000000000010e59      0x2fd /home/lx/SOEM_ALL/SOEM-1.3.1-2can/lib/linux/liboshw.a(nicdrv.o)
                0x0000000000010e59                ecx_inframe
 .text.ecx_waitinframe_red
                0x0000000000011156      0x361 /home/lx/SOEM_ALL/SOEM-1.3.1-2can/lib/linux/liboshw.a(nicdrv.o)
 .text.ecx_waitinframe
                0x00000000000114b7       0x8b /home/lx/SOEM_ALL/SOEM-1.3.1-2can/lib/linux/liboshw.a(nicdrv.o)
                0x00000000000114b7                ecx_waitinframe
 .text.ecx_srconfirm
                0x0000000000011542       0xed /home/lx/SOEM_ALL/SOEM-1.3.1-2can/lib/linux/liboshw.a(nicdrv.o)
                0x0000000000011542                ecx_srconfirm
 *(.gnu.warning)

.fini           0x0000000000011630        0x9
 *(SORT_NONE(.fini))
 .fini          0x0000000000011630        0x4 /usr/lib/gcc/x86_64-linux-gnu/7/../../../x86_64-linux-gnu/crti.o
                0x0000000000011630                _fini
 .fini          0x0000000000011634        0x5 /usr/lib/gcc/x86_64-linux-gnu/7/../../../x86_64-linux-gnu/crtn.o
                [!provide]                        PROVIDE (__etext = .)
                [!provide]                        PROVIDE (_etext = .)
                [!provide]                        PROVIDE (etext = .)

.rodata         0x0000000000011640     0x5574
 *(.rodata .rodata.* .gnu.linkonce.r.*)
 .rodata        0x0000000000011640       0x15 obj/linux/main.o
 *fill*         0x0000000000011655        0x3 
 .rodata        0x0000000000011658      0x2d8 obj/linux/multican.o
 .rodata        0x0000000000011930       0x13 obj/linux/sendUdp.o
 *fill*         0x0000000000011943       0x1d 
 .rodata        0x0000000000011960      0x6d2 /home/lx/SOEM_ALL/SOEM-1.3.1-2can/lib/linux/libsoem.a(ethercatconfig.o)
                0x0000000000011960                ec_configlist
 *fill*         0x0000000000012032        0xe 
 .rodata        0x0000000000012040     0x4b48 /home/lx/SOEM_ALL/SOEM-1.3.1-2can/lib/linux/libsoem.a(ethercatprint.o)
                0x0000000000012040                ec_sdoerrorlist
                0x00000000000130c0                ec_ALstatuscodelist
                0x0000000000014b40                ec_soeerrorlist
                0x0000000000016540                ec_mbxerrorlist
 .rodata        0x0000000000016b88       0x2c /home/lx/SOEM_ALL/SOEM-1.3.1-2can/lib/linux/libsoem.a(ethercatbase.o)

.rodata1
 *(.rodata1)

.eh_frame_hdr   0x0000000000016bb4      0x434
 *(.eh_frame_hdr)
 .eh_frame_hdr  0x0000000000016bb4      0x434 /usr/lib/gcc/x86_64-linux-gnu/7/../../../x86_64-linux-gnu/Scrt1.o
                0x0000000000016bb4                __GNU_EH_FRAME_HDR
 *(.eh_frame_entry .eh_frame_entry.*)

.eh_frame       0x0000000000016fe8      0xfc4
 *(.eh_frame)
 .eh_frame      0x0000000000016fe8       0x30 /usr/lib/gcc/x86_64-linux-gnu/7/../../../x86_64-linux-gnu/Scrt1.o
                                         0x2c (松开之前的大小)
 *fill*         0x0000000000017018        0x0 
 .eh_frame      0x0000000000017018       0x40 /usr/lib/gcc/x86_64-linux-gnu/7/../../../x86_64-linux-gnu/Scrt1.o
 .eh_frame      0x0000000000017058       0x18 /usr/lib/gcc/x86_64-linux-gnu/7/../../../x86_64-linux-gnu/Scrt1.o
                                         0x30 (松开之前的大小)
 .eh_frame      0x0000000000017070       0x18 obj/linux/main.o
                                         0x30 (松开之前的大小)
 .eh_frame      0x0000000000017088      0x210 obj/linux/multican.o
                                        0x228 (松开之前的大小)
 .eh_frame      0x0000000000017298       0x30 obj/linux/sendUdp.o
                                         0x48 (松开之前的大小)
 .eh_frame      0x00000000000172c8       0x98 /home/lx/SOEM_ALL/SOEM-1.3.1-2can/lib/linux/libosal.a(osal.o)
                                        0x110 (松开之前的大小)
 .eh_frame      0x0000000000017360      0x130 /home/lx/SOEM_ALL/SOEM-1.3.1-2can/lib/linux/libsoem.a(ethercatcoe.o)
                                        0x330 (松开之前的大小)
 .eh_frame      0x0000000000017490      0x1d0 /home/lx/SOEM_ALL/SOEM-1.3.1-2can/lib/linux/libsoem.a(ethercatconfig.o)
                                        0x268 (松开之前的大小)
 .eh_frame      0x0000000000017660      0x4e8 /home/lx/SOEM_ALL/SOEM-1.3.1-2can/lib/linux/libsoem.a(ethercatmain.o)
                                        0x8c8 (松开之前的大小)
 .eh_frame      0x0000000000017b48       0xa8 /home/lx/SOEM_ALL/SOEM-1.3.1-2can/lib/linux/libsoem.a(ethercatprint.o)
                                         0xc0 (松开之前的大小)
 .eh_frame      0x0000000000017bf0       0x88 /home/lx/SOEM_ALL/SOEM-1.3.1-2can/lib/linux/libsoem.a(ethercatsoe.o)
                                        0x110 (松开之前的大小)
 .eh_frame      0x0000000000017c78      0x188 /home/lx/SOEM_ALL/SOEM-1.3.1-2can/lib/linux/libsoem.a(ethercatbase.o)
                                        0x460 (松开之前的大小)
 .eh_frame      0x0000000000017e00       0x60 /usr/lib/x86_64-linux-gnu/libc_nonshared.a(elf-init.oS)
                                         0x78 (松开之前的大小)
 .eh_frame      0x0000000000017e60      0x148 /home/lx/SOEM_ALL/SOEM-1.3.1-2can/lib/linux/liboshw.a(nicdrv.o)
                                        0x238 (松开之前的大小)
 .eh_frame      0x0000000000017fa8        0x0 /home/lx/SOEM_ALL/SOEM-1.3.1-2can/lib/linux/liboshw.a(oshw.o)
                                         0x80 (松开之前的大小)
 .eh_frame      0x0000000000017fa8        0x4 /usr/lib/gcc/x86_64-linux-gnu/7/crtendS.o
 *(.eh_frame.*)

.gcc_except_table
 *(.gcc_except_table .gcc_except_table.*)

.gnu_extab
 *(.gnu_extab*)

.exception_ranges
 *(.exception_ranges .exception_ranges*)
                0x0000000000218c58                . = DATA_SEGMENT_ALIGN (CONSTANT (MAXPAGESIZE), CONSTANT (COMMONPAGESIZE))

.eh_frame
 *(.eh_frame)
 *(.eh_frame.*)

.gnu_extab
 *(.gnu_extab)

.gcc_except_table
 *(.gcc_except_table .gcc_except_table.*)

.exception_ranges
 *(.exception_ranges .exception_ranges*)

.tdata
 *(.tdata .tdata.* .gnu.linkonce.td.*)

.tbss
 *(.tbss .tbss.* .gnu.linkonce.tb.*)
 *(.tcommon)

.preinit_array  0x0000000000218c58        0x0
                [!provide]                        PROVIDE (__preinit_array_start = .)
 *(.preinit_array)
                [!provide]                        PROVIDE (__preinit_array_end = .)

.init_array     0x0000000000218c58        0x8
                0x0000000000218c58                PROVIDE (__init_array_start = .)
 *(SORT_BY_INIT_PRIORITY(.init_array.*) SORT_BY_INIT_PRIORITY(.ctors.*))
 *(.init_array EXCLUDE_FILE(*crtend?.o *crtend.o *crtbegin?.o *crtbegin.o) .ctors)
 .init_array    0x0000000000218c58        0x8 /usr/lib/gcc/x86_64-linux-gnu/7/crtbeginS.o
                0x0000000000218c60                PROVIDE (__init_array_end = .)

.fini_array     0x0000000000218c60        0x8
                [!provide]                        PROVIDE (__fini_array_start = .)
 *(SORT_BY_INIT_PRIORITY(.fini_array.*) SORT_BY_INIT_PRIORITY(.dtors.*))
 *(.fini_array EXCLUDE_FILE(*crtend?.o *crtend.o *crtbegin?.o *crtbegin.o) .dtors)
 .fini_array    0x0000000000218c60        0x8 /usr/lib/gcc/x86_64-linux-gnu/7/crtbeginS.o
                [!provide]                        PROVIDE (__fini_array_end = .)

.ctors
 *crtbegin.o(.ctors)
 *crtbegin?.o(.ctors)
 *(EXCLUDE_FILE(*crtend?.o *crtend.o) .ctors)
 *(SORT_BY_NAME(.ctors.*))
 *(.ctors)

.dtors
 *crtbegin.o(.dtors)
 *crtbegin?.o(.dtors)
 *(EXCLUDE_FILE(*crtend?.o *crtend.o) .dtors)
 *(SORT_BY_NAME(.dtors.*))
 *(.dtors)

.jcr
 *(.jcr)

.data.rel.ro    0x0000000000218c68        0x0
 *(.data.rel.ro.local* .gnu.linkonce.d.rel.ro.local.*)
 *(.data.rel.ro .data.rel.ro.* .gnu.linkonce.d.rel.ro.*)
 .data.rel.ro   0x0000000000218c68        0x0 /usr/lib/gcc/x86_64-linux-gnu/7/../../../x86_64-linux-gnu/Scrt1.o

.dynamic        0x0000000000218c68      0x210
 *(.dynamic)
 .dynamic       0x0000000000218c68      0x210 /usr/lib/gcc/x86_64-linux-gnu/7/../../../x86_64-linux-gnu/Scrt1.o
                0x0000000000218c68                _DYNAMIC

.got            0x0000000000218e78      0x188
 *(.got.plt)
 .got.plt       0x0000000000218e78      0x160 /usr/lib/gcc/x86_64-linux-gnu/7/../../../x86_64-linux-gnu/Scrt1.o
                0x0000000000218e78                _GLOBAL_OFFSET_TABLE_
 *(.igot.plt)
 *(.got)
 .got           0x0000000000218fd8       0x28 /usr/lib/gcc/x86_64-linux-gnu/7/../../../x86_64-linux-gnu/Scrt1.o
 *(.igot)
                0x0000000000219000                . = DATA_SEGMENT_RELRO_END (., 0x0)

.data           0x0000000000219000      0x100
 *(.data .data.* .gnu.linkonce.d.*)
 .data.rel.local
                0x0000000000219000        0x8 /usr/lib/gcc/x86_64-linux-gnu/7/crtbeginS.o
                0x0000000000219000                __dso_handle
 *fill*         0x0000000000219008        0x8 
 .data          0x0000000000219010       0x4e obj/linux/multican.o
                0x0000000000219010                data1
                0x0000000000219020                data2
                0x0000000000219030                data7
 *fill*         0x000000000021905e        0x2 
 .data.rel.local
                0x0000000000219060       0xa0 /home/lx/SOEM_ALL/SOEM-1.3.1-2can/lib/linux/libsoem.a(ethercatmain.o)
                0x0000000000219060                ecx_context

.tm_clone_table
                0x0000000000219100        0x0
 .tm_clone_table
                0x0000000000219100        0x0 /usr/lib/gcc/x86_64-linux-gnu/7/crtbeginS.o
 .tm_clone_table
                0x0000000000219100        0x0 /usr/lib/gcc/x86_64-linux-gnu/7/crtendS.o

.data1
 *(.data1)
                0x0000000000219100                _edata = .
                [!provide]                        PROVIDE (edata = .)
                0x0000000000219100                . = .
                0x0000000000219100                __bss_start = .

.bss            0x0000000000219100    0xf7aa0
 *(.dynbss)
 .dynbss        0x0000000000219100       0x28 /usr/lib/gcc/x86_64-linux-gnu/7/../../../x86_64-linux-gnu/Scrt1.o
                0x0000000000219100                stdout@@GLIBC_2.2.5
                0x0000000000219120                stderr@@GLIBC_2.2.5
 *(.bss .bss.* .gnu.linkonce.b.*)
 .bss           0x0000000000219128        0x1 /usr/lib/gcc/x86_64-linux-gnu/7/crtbeginS.o
 *fill*         0x0000000000219129        0x7 
 .bss           0x0000000000219130       0x10 obj/linux/multican.o
                0x0000000000219130                data8
 .bss           0x0000000000219140     0x2060 /home/lx/SOEM_ALL/SOEM-1.3.1-2can/lib/linux/libsoem.a(ethercatmain.o)
                0x0000000000219140                EcatError
 *(COMMON)
 COMMON         0x000000000021b1a0    0xd1ea0 obj/linux/main.o
                0x000000000021b1a0                waitTime
                0x000000000021b1c0                IOmap
                0x000000000021c1c0                gapTIme
                0x000000000021c1c8                udp_socket_fd
                0x000000000021c1d0                thread_fresh
                0x000000000021c1e0                totalReadDataByteLength
                0x000000000021c3e0                totalSendDataByteLength
                0x000000000021c5e0                sendMsgNum
                0x000000000021c6e0                len_of_eachCsv
                0x000000000021c760                inOP
                0x000000000021c780                msgSendCOBID
                0x000000000025c780                thread1
                0x000000000025c788                nowCycleTime
                0x000000000025c790                expectedWKC
                0x000000000025c7a0                readData
                0x000000000025c7e0                msgReadOffset
                0x000000000027c7e0                _udp_msg
                0x000000000027c9e0                beginCycleTime
                0x000000000027c9e8                needlf
                0x000000000027ca00                msgReadCOBID
                0x00000000002bca00                msgSendDataLength
                0x00000000002c4a00                msgSendOffset
                0x00000000002e4a00                msgReadDataLength
                0x00000000002eca00                readMsgNum
                0x00000000002ecb00                thread2
                0x00000000002ecb08                wkc
                0x00000000002ecb0c                udp_flag
                0x00000000002ecb10                lastCycleTime
                0x00000000002ecb20                reg0x80_Num
                0x00000000002ecc20                iCurStateRead
                0x00000000002ecc40                msg
 COMMON         0x00000000002ed040      0x638 obj/linux/multican.o
                0x00000000002ed040                data3
                0x00000000002ed050                data5
                0x00000000002ed060                dataTest
                0x00000000002ed080                udp_struct_float
                0x00000000002ed0b0                data9
                0x00000000002ed0c0                float_data_toBe_display
                0x00000000002ed4c0                udp_struct_uint8
                0x00000000002ed4e8                data
                0x00000000002ed4f0                data4
                0x00000000002ed500                data6
                0x00000000002ed520                uint8_data_toBe_display
                0x00000000002ed5a0                mVeh_DW
 *fill*         0x00000000002ed678        0x8 
 COMMON         0x00000000002ed680      0x100 /home/lx/SOEM_ALL/SOEM-1.3.1-2can/lib/linux/libsoem.a(ethercatconfig.o)
                0x00000000002ed680                ecx_mapt
                0x00000000002ed740                ecx_threadh
 COMMON         0x00000000002ed780    0x233a0 /home/lx/SOEM_ALL/SOEM-1.3.1-2can/lib/linux/libsoem.a(ethercatmain.o)
                0x00000000002ed780                ecx_port
                0x00000000002fa2c0                ecx_redport
                0x0000000000300850                ec_DCtime
                0x0000000000300858                ec_slavecount
                0x0000000000300860                ec_group
                0x0000000000300ae0                ec_slave
 COMMON         0x0000000000310b20       0x7f /home/lx/SOEM_ALL/SOEM-1.3.1-2can/lib/linux/libsoem.a(ethercatprint.o)
                0x0000000000310b20                estring
                0x0000000000310ba0                . = ALIGN ((. != 0x0)?0x8:0x1)
 *fill*         0x0000000000310b9f        0x1 

.lbss
 *(.dynlbss)
 *(.lbss .lbss.* .gnu.linkonce.lb.*)
 *(LARGE_COMMON)
                0x0000000000310ba0                . = ALIGN (0x8)
                0x0000000000310ba0                . = SEGMENT_START ("ldata-segment", .)

.lrodata
 *(.lrodata .lrodata.* .gnu.linkonce.lr.*)

.ldata          0x0000000000710ba0        0x0
 *(.ldata .ldata.* .gnu.linkonce.l.*)
                0x0000000000710ba0                . = ALIGN ((. != 0x0)?0x8:0x1)
                0x0000000000710ba0                . = ALIGN (0x8)
                0x0000000000710ba0                _end = .
                [!provide]                        PROVIDE (end = .)
                0x0000000000710ba0                . = DATA_SEGMENT_END (.)

.stab
 *(.stab)

.stabstr
 *(.stabstr)

.stab.excl
 *(.stab.excl)

.stab.exclstr
 *(.stab.exclstr)

.stab.index
 *(.stab.index)

.stab.indexstr
 *(.stab.indexstr)

.comment        0x0000000000000000       0x29
 *(.comment)
 .comment       0x0000000000000000       0x29 /usr/lib/gcc/x86_64-linux-gnu/7/crtbeginS.o
                                         0x2a (松开之前的大小)
 .comment       0x0000000000000029       0x2a obj/linux/main.o
 .comment       0x0000000000000029       0x2a obj/linux/multican.o
 .comment       0x0000000000000029       0x2a obj/linux/sendUdp.o
 .comment       0x0000000000000029       0x2a /home/lx/SOEM_ALL/SOEM-1.3.1-2can/lib/linux/libosal.a(osal.o)
 .comment       0x0000000000000029       0x2a /home/lx/SOEM_ALL/SOEM-1.3.1-2can/lib/linux/libsoem.a(ethercatcoe.o)
 .comment       0x0000000000000029       0x2a /home/lx/SOEM_ALL/SOEM-1.3.1-2can/lib/linux/libsoem.a(ethercatconfig.o)
 .comment       0x0000000000000029       0x2a /home/lx/SOEM_ALL/SOEM-1.3.1-2can/lib/linux/libsoem.a(ethercatmain.o)
 .comment       0x0000000000000029       0x2a /home/lx/SOEM_ALL/SOEM-1.3.1-2can/lib/linux/libsoem.a(ethercatprint.o)
 .comment       0x0000000000000029       0x2a /home/lx/SOEM_ALL/SOEM-1.3.1-2can/lib/linux/libsoem.a(ethercatsoe.o)
 .comment       0x0000000000000029       0x2a /home/lx/SOEM_ALL/SOEM-1.3.1-2can/lib/linux/libsoem.a(ethercatbase.o)
 .comment       0x0000000000000029       0x2a /home/lx/SOEM_ALL/SOEM-1.3.1-2can/lib/linux/liboshw.a(nicdrv.o)
 .comment       0x0000000000000029       0x2a /home/lx/SOEM_ALL/SOEM-1.3.1-2can/lib/linux/liboshw.a(oshw.o)
 .comment       0x0000000000000029       0x2a /usr/lib/gcc/x86_64-linux-gnu/7/crtendS.o

.debug
 *(.debug)

.line
 *(.line)

.debug_srcinfo
 *(.debug_srcinfo)

.debug_sfnames
 *(.debug_sfnames)

.debug_aranges  0x0000000000000000     0x1040
 *(.debug_aranges)
 .debug_aranges
                0x0000000000000000       0x30 obj/linux/main.o
 .debug_aranges
                0x0000000000000030      0x100 obj/linux/multican.o
 .debug_aranges
                0x0000000000000130       0x40 obj/linux/sendUdp.o
 .debug_aranges
                0x0000000000000170       0xc0 /home/lx/SOEM_ALL/SOEM-1.3.1-2can/lib/linux/libosal.a(osal.o)
 .debug_aranges
                0x0000000000000230      0x1d0 /home/lx/SOEM_ALL/SOEM-1.3.1-2can/lib/linux/libsoem.a(ethercatcoe.o)
 .debug_aranges
                0x0000000000000400      0x190 /home/lx/SOEM_ALL/SOEM-1.3.1-2can/lib/linux/libsoem.a(ethercatconfig.o)
 .debug_aranges
                0x0000000000000590      0x550 /home/lx/SOEM_ALL/SOEM-1.3.1-2can/lib/linux/libsoem.a(ethercatmain.o)
 .debug_aranges
                0x0000000000000ae0       0x80 /home/lx/SOEM_ALL/SOEM-1.3.1-2can/lib/linux/libsoem.a(ethercatprint.o)
 .debug_aranges
                0x0000000000000b60       0x90 /home/lx/SOEM_ALL/SOEM-1.3.1-2can/lib/linux/libsoem.a(ethercatsoe.o)
 .debug_aranges
                0x0000000000000bf0      0x270 /home/lx/SOEM_ALL/SOEM-1.3.1-2can/lib/linux/libsoem.a(ethercatbase.o)
 .debug_aranges
                0x0000000000000e60      0x180 /home/lx/SOEM_ALL/SOEM-1.3.1-2can/lib/linux/liboshw.a(nicdrv.o)
 .debug_aranges
                0x0000000000000fe0       0x60 /home/lx/SOEM_ALL/SOEM-1.3.1-2can/lib/linux/liboshw.a(oshw.o)

.debug_pubnames
 *(.debug_pubnames)

.debug_info     0x0000000000000000    0x1591c
 *(.debug_info .gnu.linkonce.wi.*)
 .debug_info    0x0000000000000000     0x185f obj/linux/main.o
 .debug_info    0x000000000000185f     0x2638 obj/linux/multican.o
 .debug_info    0x0000000000003e97      0x637 obj/linux/sendUdp.o
 .debug_info    0x00000000000044ce      0x64c /home/lx/SOEM_ALL/SOEM-1.3.1-2can/lib/linux/libosal.a(osal.o)
 .debug_info    0x0000000000004b1a     0x2718 /home/lx/SOEM_ALL/SOEM-1.3.1-2can/lib/linux/libsoem.a(ethercatcoe.o)
 .debug_info    0x0000000000007232     0x2076 /home/lx/SOEM_ALL/SOEM-1.3.1-2can/lib/linux/libsoem.a(ethercatconfig.o)
 .debug_info    0x00000000000092a8     0x3b0b /home/lx/SOEM_ALL/SOEM-1.3.1-2can/lib/linux/libsoem.a(ethercatmain.o)
 .debug_info    0x000000000000cdb3     0x1591 /home/lx/SOEM_ALL/SOEM-1.3.1-2can/lib/linux/libsoem.a(ethercatprint.o)
 .debug_info    0x000000000000e344     0x1a32 /home/lx/SOEM_ALL/SOEM-1.3.1-2can/lib/linux/libsoem.a(ethercatsoe.o)
 .debug_info    0x000000000000fd76     0x279c /home/lx/SOEM_ALL/SOEM-1.3.1-2can/lib/linux/libsoem.a(ethercatbase.o)
 .debug_info    0x0000000000012512     0x1f54 /home/lx/SOEM_ALL/SOEM-1.3.1-2can/lib/linux/liboshw.a(nicdrv.o)
 .debug_info    0x0000000000014466     0x14b6 /home/lx/SOEM_ALL/SOEM-1.3.1-2can/lib/linux/liboshw.a(oshw.o)

.debug_abbrev   0x0000000000000000     0x1f82
 *(.debug_abbrev)
 .debug_abbrev  0x0000000000000000      0x237 obj/linux/main.o
 .debug_abbrev  0x0000000000000237      0x36a obj/linux/multican.o
 .debug_abbrev  0x00000000000005a1      0x173 obj/linux/sendUdp.o
 .debug_abbrev  0x0000000000000714      0x17e /home/lx/SOEM_ALL/SOEM-1.3.1-2can/lib/linux/libosal.a(osal.o)
 .debug_abbrev  0x0000000000000892      0x2c5 /home/lx/SOEM_ALL/SOEM-1.3.1-2can/lib/linux/libsoem.a(ethercatcoe.o)
 .debug_abbrev  0x0000000000000b57      0x33e /home/lx/SOEM_ALL/SOEM-1.3.1-2can/lib/linux/libsoem.a(ethercatconfig.o)
 .debug_abbrev  0x0000000000000e95      0x39e /home/lx/SOEM_ALL/SOEM-1.3.1-2can/lib/linux/libsoem.a(ethercatmain.o)
 .debug_abbrev  0x0000000000001233      0x268 /home/lx/SOEM_ALL/SOEM-1.3.1-2can/lib/linux/libsoem.a(ethercatprint.o)
 .debug_abbrev  0x000000000000149b      0x2a8 /home/lx/SOEM_ALL/SOEM-1.3.1-2can/lib/linux/libsoem.a(ethercatsoe.o)
 .debug_abbrev  0x0000000000001743      0x2a5 /home/lx/SOEM_ALL/SOEM-1.3.1-2can/lib/linux/libsoem.a(ethercatbase.o)
 .debug_abbrev  0x00000000000019e8      0x350 /home/lx/SOEM_ALL/SOEM-1.3.1-2can/lib/linux/liboshw.a(nicdrv.o)
 .debug_abbrev  0x0000000000001d38      0x24a /home/lx/SOEM_ALL/SOEM-1.3.1-2can/lib/linux/liboshw.a(oshw.o)

.debug_line     0x0000000000000000     0x4b3a
 *(.debug_line .debug_line.* .debug_line_end)
 .debug_line    0x0000000000000000      0x286 obj/linux/main.o
 .debug_line    0x0000000000000286      0x7e9 obj/linux/multican.o
 .debug_line    0x0000000000000a6f      0x192 obj/linux/sendUdp.o
 .debug_line    0x0000000000000c01      0x301 /home/lx/SOEM_ALL/SOEM-1.3.1-2can/lib/linux/libosal.a(osal.o)
 .debug_line    0x0000000000000f02      0x923 /home/lx/SOEM_ALL/SOEM-1.3.1-2can/lib/linux/libsoem.a(ethercatcoe.o)
 .debug_line    0x0000000000001825      0xc3d /home/lx/SOEM_ALL/SOEM-1.3.1-2can/lib/linux/libsoem.a(ethercatconfig.o)
 .debug_line    0x0000000000002462     0x107e /home/lx/SOEM_ALL/SOEM-1.3.1-2can/lib/linux/libsoem.a(ethercatmain.o)
 .debug_line    0x00000000000034e0      0x2fb /home/lx/SOEM_ALL/SOEM-1.3.1-2can/lib/linux/libsoem.a(ethercatprint.o)
 .debug_line    0x00000000000037db      0x41a /home/lx/SOEM_ALL/SOEM-1.3.1-2can/lib/linux/libsoem.a(ethercatsoe.o)
 .debug_line    0x0000000000003bf5      0x660 /home/lx/SOEM_ALL/SOEM-1.3.1-2can/lib/linux/libsoem.a(ethercatbase.o)
 .debug_line    0x0000000000004255      0x679 /home/lx/SOEM_ALL/SOEM-1.3.1-2can/lib/linux/liboshw.a(nicdrv.o)
 .debug_line    0x00000000000048ce      0x26c /home/lx/SOEM_ALL/SOEM-1.3.1-2can/lib/linux/liboshw.a(oshw.o)

.debug_frame
 *(.debug_frame)

.debug_str      0x0000000000000000     0x3819
 *(.debug_str)
 .debug_str     0x0000000000000000      0xc73 obj/linux/main.o
                                        0xe2f (松开之前的大小)
 .debug_str     0x0000000000000c73      0xaf2 obj/linux/multican.o
                                       0x1861 (松开之前的大小)
 .debug_str     0x0000000000001765       0xae obj/linux/sendUdp.o
                                        0x54c (松开之前的大小)
 .debug_str     0x0000000000001813      0x1da /home/lx/SOEM_ALL/SOEM-1.3.1-2can/lib/linux/libosal.a(osal.o)
                                        0x41d (松开之前的大小)
 .debug_str     0x00000000000019ed      0x575 /home/lx/SOEM_ALL/SOEM-1.3.1-2can/lib/linux/libsoem.a(ethercatcoe.o)
                                       0x1138 (松开之前的大小)
 .debug_str     0x0000000000001f62      0x737 /home/lx/SOEM_ALL/SOEM-1.3.1-2can/lib/linux/libsoem.a(ethercatconfig.o)
                                       0x1373 (松开之前的大小)
 .debug_str     0x0000000000002699      0x834 /home/lx/SOEM_ALL/SOEM-1.3.1-2can/lib/linux/libsoem.a(ethercatmain.o)
                                       0x1893 (松开之前的大小)
 .debug_str     0x0000000000002ecd      0x157 /home/lx/SOEM_ALL/SOEM-1.3.1-2can/lib/linux/libsoem.a(ethercatprint.o)
                                        0xd19 (松开之前的大小)
 .debug_str     0x0000000000003024      0x1d6 /home/lx/SOEM_ALL/SOEM-1.3.1-2can/lib/linux/libsoem.a(ethercatsoe.o)
                                        0xe91 (松开之前的大小)
 .debug_str     0x00000000000031fa      0x1ca /home/lx/SOEM_ALL/SOEM-1.3.1-2can/lib/linux/libsoem.a(ethercatbase.o)
                                       0x11eb (松开之前的大小)
 .debug_str     0x00000000000033c4      0x3c2 /home/lx/SOEM_ALL/SOEM-1.3.1-2can/lib/linux/liboshw.a(nicdrv.o)
                                       0x117c (松开之前的大小)
 .debug_str     0x0000000000003786       0x93 /home/lx/SOEM_ALL/SOEM-1.3.1-2can/lib/linux/liboshw.a(oshw.o)
                                        0xccf (松开之前的大小)

.debug_loc
 *(.debug_loc)

.debug_macinfo
 *(.debug_macinfo)

.debug_weaknames
 *(.debug_weaknames)

.debug_funcnames
 *(.debug_funcnames)

.debug_typenames
 *(.debug_typenames)

.debug_varnames
 *(.debug_varnames)

.debug_pubtypes
 *(.debug_pubtypes)

.debug_ranges   0x0000000000000000      0xf80
 *(.debug_ranges)
 .debug_ranges  0x0000000000000000       0x20 obj/linux/main.o
 .debug_ranges  0x0000000000000020       0xf0 obj/linux/multican.o
 .debug_ranges  0x0000000000000110       0x30 obj/linux/sendUdp.o
 .debug_ranges  0x0000000000000140       0xb0 /home/lx/SOEM_ALL/SOEM-1.3.1-2can/lib/linux/libosal.a(osal.o)
 .debug_ranges  0x00000000000001f0      0x1c0 /home/lx/SOEM_ALL/SOEM-1.3.1-2can/lib/linux/libsoem.a(ethercatcoe.o)
 .debug_ranges  0x00000000000003b0      0x180 /home/lx/SOEM_ALL/SOEM-1.3.1-2can/lib/linux/libsoem.a(ethercatconfig.o)
 .debug_ranges  0x0000000000000530      0x540 /home/lx/SOEM_ALL/SOEM-1.3.1-2can/lib/linux/libsoem.a(ethercatmain.o)
 .debug_ranges  0x0000000000000a70       0x70 /home/lx/SOEM_ALL/SOEM-1.3.1-2can/lib/linux/libsoem.a(ethercatprint.o)
 .debug_ranges  0x0000000000000ae0       0x80 /home/lx/SOEM_ALL/SOEM-1.3.1-2can/lib/linux/libsoem.a(ethercatsoe.o)
 .debug_ranges  0x0000000000000b60      0x260 /home/lx/SOEM_ALL/SOEM-1.3.1-2can/lib/linux/libsoem.a(ethercatbase.o)
 .debug_ranges  0x0000000000000dc0      0x170 /home/lx/SOEM_ALL/SOEM-1.3.1-2can/lib/linux/liboshw.a(nicdrv.o)
 .debug_ranges  0x0000000000000f30       0x50 /home/lx/SOEM_ALL/SOEM-1.3.1-2can/lib/linux/liboshw.a(oshw.o)

.debug_macro
 *(.debug_macro)

.debug_addr
 *(.debug_addr)

.gnu.attributes
 *(.gnu.attributes)

/DISCARD/
 *(.note.GNU-stack)
 *(.gnu_debuglink)
 *(.gnu.lto_*)
OUTPUT(multican elf64-x86-64)
