由于文件 (符号) 而包含了归档成员

/home/lx/SOEM_ALL/SOEM-1.3.1-2can/lib/linux/libosal.a(osal.o)
                              obj/linux/red_test.o (osal_usleep)
/home/lx/SOEM_ALL/SOEM-1.3.1-2can/lib/linux/libsoem.a(ethercatconfig.o)
                              obj/linux/red_test.o (ec_config)
/home/lx/SOEM_ALL/SOEM-1.3.1-2can/lib/linux/libsoem.a(ethercatdc.o)
                              obj/linux/red_test.o (ec_configdc)
/home/lx/SOEM_ALL/SOEM-1.3.1-2can/lib/linux/libsoem.a(ethercatmain.o)
                              obj/linux/red_test.o (ec_slave)
/home/lx/SOEM_ALL/SOEM-1.3.1-2can/lib/linux/libsoem.a(ethercatprint.o)
                              obj/linux/red_test.o (ec_ALstatuscode2string)
/home/lx/SOEM_ALL/SOEM-1.3.1-2can/lib/linux/libsoem.a(ethercatsoe.o)
                              /home/lx/SOEM_ALL/SOEM-1.3.1-2can/lib/linux/libsoem.a(ethercatconfig.o) (ecx_readIDNmap)
/home/lx/SOEM_ALL/SOEM-1.3.1-2can/lib/linux/libsoem.a(ethercatbase.o)
                              /home/lx/SOEM_ALL/SOEM-1.3.1-2can/lib/linux/libsoem.a(ethercatmain.o) (ecx_setupdatagram)
/home/lx/SOEM_ALL/SOEM-1.3.1-2can/lib/linux/libsoem.a(ethercatcoe.o)
                              /home/lx/SOEM_ALL/SOEM-1.3.1-2can/lib/linux/libsoem.a(ethercatconfig.o) (ecx_readPDOmap)
/usr/lib/x86_64-linux-gnu/libc_nonshared.a(elf-init.oS)
                              /usr/lib/gcc/x86_64-linux-gnu/7/../../../x86_64-linux-gnu/Scrt1.o (__libc_csu_init)
/home/lx/SOEM_ALL/SOEM-1.3.1-2can/lib/linux/liboshw.a(nicdrv.o)
                              /home/lx/SOEM_ALL/SOEM-1.3.1-2can/lib/linux/libsoem.a(ethercatmain.o) (secMAC)
/home/lx/SOEM_ALL/SOEM-1.3.1-2can/lib/linux/liboshw.a(oshw.o)
                              /home/lx/SOEM_ALL/SOEM-1.3.1-2can/lib/linux/libsoem.a(ethercatmain.o) (oshw_htons)

按需库被包含以满足文件 (符号) 引用

libc.so.6                     obj/linux/red_test.o (fflush@@GLIBC_2.2.5)
libpthread.so.0               /home/lx/SOEM_ALL/SOEM-1.3.1-2can/lib/linux/libosal.a(osal.o) (pthread_create@@GLIBC_2.2.5)

分配公共符号
公共符号            大小              文件

IOmap               0x1000            obj/linux/red_test.o
ecx_port            0xcb30            /home/lx/SOEM_ALL/SOEM-1.3.1-2can/lib/linux/libsoem.a(ethercatmain.o)
ecx_redport         0x6590            /home/lx/SOEM_ALL/SOEM-1.3.1-2can/lib/linux/libsoem.a(ethercatmain.o)
gl_delta            0x8               obj/linux/red_test.o
ecx_mapt            0xc0              /home/lx/SOEM_ALL/SOEM-1.3.1-2can/lib/linux/libsoem.a(ethercatconfig.o)
os                  0x4               obj/linux/red_test.o
t1                  0x10              obj/linux/red_test.o
ecx_threadh         0x40              /home/lx/SOEM_ALL/SOEM-1.3.1-2can/lib/linux/libsoem.a(ethercatconfig.o)
inOP                0x1               obj/linux/red_test.o
ec_DCtime           0x8               /home/lx/SOEM_ALL/SOEM-1.3.1-2can/lib/linux/libsoem.a(ethercatmain.o)
thread1             0x8               obj/linux/red_test.o
expectedWKC         0x4               obj/linux/red_test.o
estring             0x7f              /home/lx/SOEM_ALL/SOEM-1.3.1-2can/lib/linux/libsoem.a(ethercatprint.o)
needlf              0x1               obj/linux/red_test.o
ec_slavecount       0x4               /home/lx/SOEM_ALL/SOEM-1.3.1-2can/lib/linux/libsoem.a(ethercatmain.o)
ob2                 0x2               obj/linux/red_test.o
ob                  0x1               obj/linux/red_test.o
t2                  0x10              obj/linux/red_test.o
tv                  0x10              obj/linux/red_test.o
thread2             0x8               obj/linux/red_test.o
wkc                 0x4               obj/linux/red_test.o
schedp              0x4               obj/linux/red_test.o
DCdiff              0x4               obj/linux/red_test.o
toff                0x8               obj/linux/red_test.o
ec_group            0x270             /home/lx/SOEM_ALL/SOEM-1.3.1-2can/lib/linux/libsoem.a(ethercatmain.o)
ec_slave            0x10040           /home/lx/SOEM_ALL/SOEM-1.3.1-2can/lib/linux/libsoem.a(ethercatmain.o)
deltat              0x4               obj/linux/red_test.o

舍弃的输入节

 .rodata.cst4   0x0000000000000000        0x4 /usr/lib/gcc/x86_64-linux-gnu/7/../../../x86_64-linux-gnu/Scrt1.o
 .data          0x0000000000000000        0x4 /usr/lib/gcc/x86_64-linux-gnu/7/../../../x86_64-linux-gnu/Scrt1.o
 .bss           0x0000000000000000        0x0 /usr/lib/gcc/x86_64-linux-gnu/7/../../../x86_64-linux-gnu/Scrt1.o
 .note.GNU-stack
                0x0000000000000000        0x0 /usr/lib/gcc/x86_64-linux-gnu/7/../../../x86_64-linux-gnu/Scrt1.o
 .text          0x0000000000000000        0x0 /usr/lib/gcc/x86_64-linux-gnu/7/../../../x86_64-linux-gnu/crti.o
 .data          0x0000000000000000        0x0 /usr/lib/gcc/x86_64-linux-gnu/7/../../../x86_64-linux-gnu/crti.o
 .bss           0x0000000000000000        0x0 /usr/lib/gcc/x86_64-linux-gnu/7/../../../x86_64-linux-gnu/crti.o
 .note.GNU-stack
                0x0000000000000000        0x0 /usr/lib/gcc/x86_64-linux-gnu/7/../../../x86_64-linux-gnu/crti.o
 .data          0x0000000000000000        0x0 /usr/lib/gcc/x86_64-linux-gnu/7/crtbeginS.o
 .note.GNU-stack
                0x0000000000000000        0x0 /usr/lib/gcc/x86_64-linux-gnu/7/crtbeginS.o
 .text          0x0000000000000000        0x0 obj/linux/red_test.o
 .data          0x0000000000000000        0x0 obj/linux/red_test.o
 .note.GNU-stack
                0x0000000000000000        0x0 obj/linux/red_test.o
 .text          0x0000000000000000        0x0 /home/lx/SOEM_ALL/SOEM-1.3.1-2can/lib/linux/libosal.a(osal.o)
 .data          0x0000000000000000        0x0 /home/lx/SOEM_ALL/SOEM-1.3.1-2can/lib/linux/libosal.a(osal.o)
 .bss           0x0000000000000000        0x0 /home/lx/SOEM_ALL/SOEM-1.3.1-2can/lib/linux/libosal.a(osal.o)
 .text.osal_time_diff
                0x0000000000000000       0x75 /home/lx/SOEM_ALL/SOEM-1.3.1-2can/lib/linux/libosal.a(osal.o)
 .text.osal_malloc
                0x0000000000000000       0x1b /home/lx/SOEM_ALL/SOEM-1.3.1-2can/lib/linux/libosal.a(osal.o)
 .text.osal_free
                0x0000000000000000       0x1c /home/lx/SOEM_ALL/SOEM-1.3.1-2can/lib/linux/libosal.a(osal.o)
 .note.GNU-stack
                0x0000000000000000        0x0 /home/lx/SOEM_ALL/SOEM-1.3.1-2can/lib/linux/libosal.a(osal.o)
 .text          0x0000000000000000        0x0 /home/lx/SOEM_ALL/SOEM-1.3.1-2can/lib/linux/libsoem.a(ethercatconfig.o)
 .data          0x0000000000000000        0x0 /home/lx/SOEM_ALL/SOEM-1.3.1-2can/lib/linux/libsoem.a(ethercatconfig.o)
 .bss           0x0000000000000000        0x0 /home/lx/SOEM_ALL/SOEM-1.3.1-2can/lib/linux/libsoem.a(ethercatconfig.o)
 .note.GNU-stack
                0x0000000000000000        0x0 /home/lx/SOEM_ALL/SOEM-1.3.1-2can/lib/linux/libsoem.a(ethercatconfig.o)
 .text          0x0000000000000000        0x0 /home/lx/SOEM_ALL/SOEM-1.3.1-2can/lib/linux/libsoem.a(ethercatdc.o)
 .data          0x0000000000000000        0x0 /home/lx/SOEM_ALL/SOEM-1.3.1-2can/lib/linux/libsoem.a(ethercatdc.o)
 .bss           0x0000000000000000        0x0 /home/lx/SOEM_ALL/SOEM-1.3.1-2can/lib/linux/libsoem.a(ethercatdc.o)
 .text.ecx_dcsync0
                0x0000000000000000      0x20f /home/lx/SOEM_ALL/SOEM-1.3.1-2can/lib/linux/libsoem.a(ethercatdc.o)
 .text.ecx_dcsync01
                0x0000000000000000      0x264 /home/lx/SOEM_ALL/SOEM-1.3.1-2can/lib/linux/libsoem.a(ethercatdc.o)
 .text.ec_dcsync0
                0x0000000000000000       0x40 /home/lx/SOEM_ALL/SOEM-1.3.1-2can/lib/linux/libsoem.a(ethercatdc.o)
 .text.ec_dcsync01
                0x0000000000000000       0x4e /home/lx/SOEM_ALL/SOEM-1.3.1-2can/lib/linux/libsoem.a(ethercatdc.o)
 .note.GNU-stack
                0x0000000000000000        0x0 /home/lx/SOEM_ALL/SOEM-1.3.1-2can/lib/linux/libsoem.a(ethercatdc.o)
 .text          0x0000000000000000        0x0 /home/lx/SOEM_ALL/SOEM-1.3.1-2can/lib/linux/libsoem.a(ethercatmain.o)
 .data          0x0000000000000000        0x0 /home/lx/SOEM_ALL/SOEM-1.3.1-2can/lib/linux/libsoem.a(ethercatmain.o)
 .text.ec_find_adapters
                0x0000000000000000       0x18 /home/lx/SOEM_ALL/SOEM-1.3.1-2can/lib/linux/libsoem.a(ethercatmain.o)
 .text.ec_free_adapters
                0x0000000000000000       0x1c /home/lx/SOEM_ALL/SOEM-1.3.1-2can/lib/linux/libsoem.a(ethercatmain.o)
 .text.ecx_iserror
                0x0000000000000000       0x25 /home/lx/SOEM_ALL/SOEM-1.3.1-2can/lib/linux/libsoem.a(ethercatmain.o)
 .text.ecx_init_redundant
                0x0000000000000000      0x120 /home/lx/SOEM_ALL/SOEM-1.3.1-2can/lib/linux/libsoem.a(ethercatmain.o)
 .text.ecx_esidump
                0x0000000000000000      0x163 /home/lx/SOEM_ALL/SOEM-1.3.1-2can/lib/linux/libsoem.a(ethercatmain.o)
 .text.ecx_writeeeprom
                0x0000000000000000       0x8c /home/lx/SOEM_ALL/SOEM-1.3.1-2can/lib/linux/libsoem.a(ethercatmain.o)
 .text.ecx_eeprom_waitnotbusyAP
                0x0000000000000000      0x113 /home/lx/SOEM_ALL/SOEM-1.3.1-2can/lib/linux/libsoem.a(ethercatmain.o)
 .text.ecx_readeepromAP
                0x0000000000000000      0x273 /home/lx/SOEM_ALL/SOEM-1.3.1-2can/lib/linux/libsoem.a(ethercatmain.o)
 .text.ecx_writeeepromAP
                0x0000000000000000      0x208 /home/lx/SOEM_ALL/SOEM-1.3.1-2can/lib/linux/libsoem.a(ethercatmain.o)
 .text.ecx_writeeepromFP
                0x0000000000000000      0x208 /home/lx/SOEM_ALL/SOEM-1.3.1-2can/lib/linux/libsoem.a(ethercatmain.o)
 .text.ecx_send_processdata
                0x0000000000000000       0x20 /home/lx/SOEM_ALL/SOEM-1.3.1-2can/lib/linux/libsoem.a(ethercatmain.o)
 .text.ecx_receive_processdata
                0x0000000000000000       0x28 /home/lx/SOEM_ALL/SOEM-1.3.1-2can/lib/linux/libsoem.a(ethercatmain.o)
 .text.ec_pusherror
                0x0000000000000000       0x21 /home/lx/SOEM_ALL/SOEM-1.3.1-2can/lib/linux/libsoem.a(ethercatmain.o)
 .text.ec_poperror
                0x0000000000000000       0x20 /home/lx/SOEM_ALL/SOEM-1.3.1-2can/lib/linux/libsoem.a(ethercatmain.o)
 .text.ec_iserror
                0x0000000000000000        0xd /home/lx/SOEM_ALL/SOEM-1.3.1-2can/lib/linux/libsoem.a(ethercatmain.o)
 .text.ec_packeterror
                0x0000000000000000       0x46 /home/lx/SOEM_ALL/SOEM-1.3.1-2can/lib/linux/libsoem.a(ethercatmain.o)
 .text.ec_init_redundant
                0x0000000000000000       0x34 /home/lx/SOEM_ALL/SOEM-1.3.1-2can/lib/linux/libsoem.a(ethercatmain.o)
 .text.ec_siigetbyte
                0x0000000000000000       0x2f /home/lx/SOEM_ALL/SOEM-1.3.1-2can/lib/linux/libsoem.a(ethercatmain.o)
 .text.ec_siifind
                0x0000000000000000       0x2f /home/lx/SOEM_ALL/SOEM-1.3.1-2can/lib/linux/libsoem.a(ethercatmain.o)
 .text.ec_siistring
                0x0000000000000000       0x3b /home/lx/SOEM_ALL/SOEM-1.3.1-2can/lib/linux/libsoem.a(ethercatmain.o)
 .text.ec_siiFMMU
                0x0000000000000000       0x2b /home/lx/SOEM_ALL/SOEM-1.3.1-2can/lib/linux/libsoem.a(ethercatmain.o)
 .text.ec_siiSM
                0x0000000000000000       0x2b /home/lx/SOEM_ALL/SOEM-1.3.1-2can/lib/linux/libsoem.a(ethercatmain.o)
 .text.ec_siiSMnext
                0x0000000000000000       0x39 /home/lx/SOEM_ALL/SOEM-1.3.1-2can/lib/linux/libsoem.a(ethercatmain.o)
 .text.ec_siiPDO
                0x0000000000000000       0x38 /home/lx/SOEM_ALL/SOEM-1.3.1-2can/lib/linux/libsoem.a(ethercatmain.o)
 .text.ec_mbxempty
                0x0000000000000000       0x2b /home/lx/SOEM_ALL/SOEM-1.3.1-2can/lib/linux/libsoem.a(ethercatmain.o)
 .text.ec_mbxsend
                0x0000000000000000       0x33 /home/lx/SOEM_ALL/SOEM-1.3.1-2can/lib/linux/libsoem.a(ethercatmain.o)
 .text.ec_mbxreceive
                0x0000000000000000       0x33 /home/lx/SOEM_ALL/SOEM-1.3.1-2can/lib/linux/libsoem.a(ethercatmain.o)
 .text.ec_esidump
                0x0000000000000000       0x2c /home/lx/SOEM_ALL/SOEM-1.3.1-2can/lib/linux/libsoem.a(ethercatmain.o)
 .text.ec_readeeprom
                0x0000000000000000       0x39 /home/lx/SOEM_ALL/SOEM-1.3.1-2can/lib/linux/libsoem.a(ethercatmain.o)
 .text.ec_writeeeprom
                0x0000000000000000       0x44 /home/lx/SOEM_ALL/SOEM-1.3.1-2can/lib/linux/libsoem.a(ethercatmain.o)
 .text.ec_eeprom2master
                0x0000000000000000       0x23 /home/lx/SOEM_ALL/SOEM-1.3.1-2can/lib/linux/libsoem.a(ethercatmain.o)
 .text.ec_eeprom2pdi
                0x0000000000000000       0x23 /home/lx/SOEM_ALL/SOEM-1.3.1-2can/lib/linux/libsoem.a(ethercatmain.o)
 .text.ec_eeprom_waitnotbusyAP
                0x0000000000000000       0x33 /home/lx/SOEM_ALL/SOEM-1.3.1-2can/lib/linux/libsoem.a(ethercatmain.o)
 .text.ec_readeepromAP
                0x0000000000000000       0x39 /home/lx/SOEM_ALL/SOEM-1.3.1-2can/lib/linux/libsoem.a(ethercatmain.o)
 .text.ec_writeeepromAP
                0x0000000000000000       0x44 /home/lx/SOEM_ALL/SOEM-1.3.1-2can/lib/linux/libsoem.a(ethercatmain.o)
 .text.ec_eeprom_waitnotbusyFP
                0x0000000000000000       0x33 /home/lx/SOEM_ALL/SOEM-1.3.1-2can/lib/linux/libsoem.a(ethercatmain.o)
 .text.ec_readeepromFP
                0x0000000000000000       0x39 /home/lx/SOEM_ALL/SOEM-1.3.1-2can/lib/linux/libsoem.a(ethercatmain.o)
 .text.ec_writeeepromFP
                0x0000000000000000       0x44 /home/lx/SOEM_ALL/SOEM-1.3.1-2can/lib/linux/libsoem.a(ethercatmain.o)
 .text.ec_readeeprom1
                0x0000000000000000       0x30 /home/lx/SOEM_ALL/SOEM-1.3.1-2can/lib/linux/libsoem.a(ethercatmain.o)
 .text.ec_readeeprom2
                0x0000000000000000       0x2b /home/lx/SOEM_ALL/SOEM-1.3.1-2can/lib/linux/libsoem.a(ethercatmain.o)
 .note.GNU-stack
                0x0000000000000000        0x0 /home/lx/SOEM_ALL/SOEM-1.3.1-2can/lib/linux/libsoem.a(ethercatmain.o)
 .text          0x0000000000000000        0x0 /home/lx/SOEM_ALL/SOEM-1.3.1-2can/lib/linux/libsoem.a(ethercatprint.o)
 .data          0x0000000000000000        0x0 /home/lx/SOEM_ALL/SOEM-1.3.1-2can/lib/linux/libsoem.a(ethercatprint.o)
 .bss           0x0000000000000000        0x0 /home/lx/SOEM_ALL/SOEM-1.3.1-2can/lib/linux/libsoem.a(ethercatprint.o)
 .text.ec_elist2string
                0x0000000000000000       0x15 /home/lx/SOEM_ALL/SOEM-1.3.1-2can/lib/linux/libsoem.a(ethercatprint.o)
 .note.GNU-stack
                0x0000000000000000        0x0 /home/lx/SOEM_ALL/SOEM-1.3.1-2can/lib/linux/libsoem.a(ethercatprint.o)
 .text          0x0000000000000000        0x0 /home/lx/SOEM_ALL/SOEM-1.3.1-2can/lib/linux/libsoem.a(ethercatsoe.o)
 .data          0x0000000000000000        0x0 /home/lx/SOEM_ALL/SOEM-1.3.1-2can/lib/linux/libsoem.a(ethercatsoe.o)
 .bss           0x0000000000000000        0x0 /home/lx/SOEM_ALL/SOEM-1.3.1-2can/lib/linux/libsoem.a(ethercatsoe.o)
 .text.ecx_SoEwrite
                0x0000000000000000      0x476 /home/lx/SOEM_ALL/SOEM-1.3.1-2can/lib/linux/libsoem.a(ethercatsoe.o)
 .text.ec_SoEread
                0x0000000000000000       0x64 /home/lx/SOEM_ALL/SOEM-1.3.1-2can/lib/linux/libsoem.a(ethercatsoe.o)
 .text.ec_SoEwrite
                0x0000000000000000       0x64 /home/lx/SOEM_ALL/SOEM-1.3.1-2can/lib/linux/libsoem.a(ethercatsoe.o)
 .text.ec_readIDNmap
                0x0000000000000000       0x37 /home/lx/SOEM_ALL/SOEM-1.3.1-2can/lib/linux/libsoem.a(ethercatsoe.o)
 .note.GNU-stack
                0x0000000000000000        0x0 /home/lx/SOEM_ALL/SOEM-1.3.1-2can/lib/linux/libsoem.a(ethercatsoe.o)
 .text          0x0000000000000000        0x0 /home/lx/SOEM_ALL/SOEM-1.3.1-2can/lib/linux/libsoem.a(ethercatbase.o)
 .data          0x0000000000000000        0x0 /home/lx/SOEM_ALL/SOEM-1.3.1-2can/lib/linux/libsoem.a(ethercatbase.o)
 .bss           0x0000000000000000        0x0 /home/lx/SOEM_ALL/SOEM-1.3.1-2can/lib/linux/libsoem.a(ethercatbase.o)
 .text.ecx_ARMW
                0x0000000000000000      0x101 /home/lx/SOEM_ALL/SOEM-1.3.1-2can/lib/linux/libsoem.a(ethercatbase.o)
 .text.ecx_FRMW
                0x0000000000000000      0x101 /home/lx/SOEM_ALL/SOEM-1.3.1-2can/lib/linux/libsoem.a(ethercatbase.o)
 .text.ecx_LRW  0x0000000000000000      0x124 /home/lx/SOEM_ALL/SOEM-1.3.1-2can/lib/linux/libsoem.a(ethercatbase.o)
 .text.ecx_LRD  0x0000000000000000      0x124 /home/lx/SOEM_ALL/SOEM-1.3.1-2can/lib/linux/libsoem.a(ethercatbase.o)
 .text.ecx_LWR  0x0000000000000000       0xc9 /home/lx/SOEM_ALL/SOEM-1.3.1-2can/lib/linux/libsoem.a(ethercatbase.o)
 .text.ecx_LRWDC
                0x0000000000000000      0x23b /home/lx/SOEM_ALL/SOEM-1.3.1-2can/lib/linux/libsoem.a(ethercatbase.o)
 .text.ec_setupdatagram
                0x0000000000000000       0x6e /home/lx/SOEM_ALL/SOEM-1.3.1-2can/lib/linux/libsoem.a(ethercatbase.o)
 .text.ec_adddatagram
                0x0000000000000000       0x83 /home/lx/SOEM_ALL/SOEM-1.3.1-2can/lib/linux/libsoem.a(ethercatbase.o)
 .text.ec_BWR   0x0000000000000000       0x54 /home/lx/SOEM_ALL/SOEM-1.3.1-2can/lib/linux/libsoem.a(ethercatbase.o)
 .text.ec_BRD   0x0000000000000000       0x54 /home/lx/SOEM_ALL/SOEM-1.3.1-2can/lib/linux/libsoem.a(ethercatbase.o)
 .text.ec_APRD  0x0000000000000000       0x54 /home/lx/SOEM_ALL/SOEM-1.3.1-2can/lib/linux/libsoem.a(ethercatbase.o)
 .text.ec_ARMW  0x0000000000000000       0x54 /home/lx/SOEM_ALL/SOEM-1.3.1-2can/lib/linux/libsoem.a(ethercatbase.o)
 .text.ec_FRMW  0x0000000000000000       0x54 /home/lx/SOEM_ALL/SOEM-1.3.1-2can/lib/linux/libsoem.a(ethercatbase.o)
 .text.ec_APRDw
                0x0000000000000000       0x73 /home/lx/SOEM_ALL/SOEM-1.3.1-2can/lib/linux/libsoem.a(ethercatbase.o)
 .text.ec_FPRD  0x0000000000000000       0x54 /home/lx/SOEM_ALL/SOEM-1.3.1-2can/lib/linux/libsoem.a(ethercatbase.o)
 .text.ec_FPRDw
                0x0000000000000000       0x73 /home/lx/SOEM_ALL/SOEM-1.3.1-2can/lib/linux/libsoem.a(ethercatbase.o)
 .text.ec_APWR  0x0000000000000000       0x54 /home/lx/SOEM_ALL/SOEM-1.3.1-2can/lib/linux/libsoem.a(ethercatbase.o)
 .text.ec_APWRw
                0x0000000000000000       0x45 /home/lx/SOEM_ALL/SOEM-1.3.1-2can/lib/linux/libsoem.a(ethercatbase.o)
 .text.ec_FPWR  0x0000000000000000       0x54 /home/lx/SOEM_ALL/SOEM-1.3.1-2can/lib/linux/libsoem.a(ethercatbase.o)
 .text.ec_FPWRw
                0x0000000000000000       0x45 /home/lx/SOEM_ALL/SOEM-1.3.1-2can/lib/linux/libsoem.a(ethercatbase.o)
 .text.ec_LRW   0x0000000000000000       0x40 /home/lx/SOEM_ALL/SOEM-1.3.1-2can/lib/linux/libsoem.a(ethercatbase.o)
 .text.ec_LRD   0x0000000000000000       0x40 /home/lx/SOEM_ALL/SOEM-1.3.1-2can/lib/linux/libsoem.a(ethercatbase.o)
 .text.ec_LWR   0x0000000000000000       0x40 /home/lx/SOEM_ALL/SOEM-1.3.1-2can/lib/linux/libsoem.a(ethercatbase.o)
 .text.ec_LRWDC
                0x0000000000000000       0x61 /home/lx/SOEM_ALL/SOEM-1.3.1-2can/lib/linux/libsoem.a(ethercatbase.o)
 .note.GNU-stack
                0x0000000000000000        0x0 /home/lx/SOEM_ALL/SOEM-1.3.1-2can/lib/linux/libsoem.a(ethercatbase.o)
 .text          0x0000000000000000        0x0 /home/lx/SOEM_ALL/SOEM-1.3.1-2can/lib/linux/libsoem.a(ethercatcoe.o)
 .data          0x0000000000000000        0x0 /home/lx/SOEM_ALL/SOEM-1.3.1-2can/lib/linux/libsoem.a(ethercatcoe.o)
 .bss           0x0000000000000000        0x0 /home/lx/SOEM_ALL/SOEM-1.3.1-2can/lib/linux/libsoem.a(ethercatcoe.o)
 .text.ecx_SDOinfoerror
                0x0000000000000000       0xb0 /home/lx/SOEM_ALL/SOEM-1.3.1-2can/lib/linux/libsoem.a(ethercatcoe.o)
 .text.ecx_SDOwrite
                0x0000000000000000      0x87f /home/lx/SOEM_ALL/SOEM-1.3.1-2can/lib/linux/libsoem.a(ethercatcoe.o)
 .text.ecx_RxPDO
                0x0000000000000000      0x1f3 /home/lx/SOEM_ALL/SOEM-1.3.1-2can/lib/linux/libsoem.a(ethercatcoe.o)
 .text.ecx_TxPDO
                0x0000000000000000      0x2d7 /home/lx/SOEM_ALL/SOEM-1.3.1-2can/lib/linux/libsoem.a(ethercatcoe.o)
 .text.ecx_readODlist
                0x0000000000000000      0x42b /home/lx/SOEM_ALL/SOEM-1.3.1-2can/lib/linux/libsoem.a(ethercatcoe.o)
 .text.ecx_readODdescription
                0x0000000000000000      0x417 /home/lx/SOEM_ALL/SOEM-1.3.1-2can/lib/linux/libsoem.a(ethercatcoe.o)
 .text.ecx_readOEsingle
                0x0000000000000000      0x3f9 /home/lx/SOEM_ALL/SOEM-1.3.1-2can/lib/linux/libsoem.a(ethercatcoe.o)
 .text.ecx_readOE
                0x0000000000000000       0x97 /home/lx/SOEM_ALL/SOEM-1.3.1-2can/lib/linux/libsoem.a(ethercatcoe.o)
 .text.ec_SDOerror
                0x0000000000000000       0x44 /home/lx/SOEM_ALL/SOEM-1.3.1-2can/lib/linux/libsoem.a(ethercatcoe.o)
 .text.ec_SDOread
                0x0000000000000000       0x64 /home/lx/SOEM_ALL/SOEM-1.3.1-2can/lib/linux/libsoem.a(ethercatcoe.o)
 .text.ec_SDOwrite
                0x0000000000000000       0x64 /home/lx/SOEM_ALL/SOEM-1.3.1-2can/lib/linux/libsoem.a(ethercatcoe.o)
 .text.ec_RxPDO
                0x0000000000000000       0x44 /home/lx/SOEM_ALL/SOEM-1.3.1-2can/lib/linux/libsoem.a(ethercatcoe.o)
 .text.ec_TxPDO
                0x0000000000000000       0x52 /home/lx/SOEM_ALL/SOEM-1.3.1-2can/lib/linux/libsoem.a(ethercatcoe.o)
 .text.ec_readPDOassign
                0x0000000000000000       0x2f /home/lx/SOEM_ALL/SOEM-1.3.1-2can/lib/linux/libsoem.a(ethercatcoe.o)
 .text.ec_readPDOassignCA
                0x0000000000000000       0x2f /home/lx/SOEM_ALL/SOEM-1.3.1-2can/lib/linux/libsoem.a(ethercatcoe.o)
 .text.ec_readPDOmap
                0x0000000000000000       0x37 /home/lx/SOEM_ALL/SOEM-1.3.1-2can/lib/linux/libsoem.a(ethercatcoe.o)
 .text.ec_readPDOmapCA
                0x0000000000000000       0x37 /home/lx/SOEM_ALL/SOEM-1.3.1-2can/lib/linux/libsoem.a(ethercatcoe.o)
 .text.ec_readODlist
                0x0000000000000000       0x2b /home/lx/SOEM_ALL/SOEM-1.3.1-2can/lib/linux/libsoem.a(ethercatcoe.o)
 .text.ec_readODdescription
                0x0000000000000000       0x2b /home/lx/SOEM_ALL/SOEM-1.3.1-2can/lib/linux/libsoem.a(ethercatcoe.o)
 .text.ec_readOEsingle
                0x0000000000000000       0x45 /home/lx/SOEM_ALL/SOEM-1.3.1-2can/lib/linux/libsoem.a(ethercatcoe.o)
 .text.ec_readOE
                0x0000000000000000       0x37 /home/lx/SOEM_ALL/SOEM-1.3.1-2can/lib/linux/libsoem.a(ethercatcoe.o)
 .note.GNU-stack
                0x0000000000000000        0x0 /home/lx/SOEM_ALL/SOEM-1.3.1-2can/lib/linux/libsoem.a(ethercatcoe.o)
 .data          0x0000000000000000        0x0 /usr/lib/x86_64-linux-gnu/libc_nonshared.a(elf-init.oS)
 .bss           0x0000000000000000        0x0 /usr/lib/x86_64-linux-gnu/libc_nonshared.a(elf-init.oS)
 .note.GNU-stack
                0x0000000000000000        0x0 /usr/lib/x86_64-linux-gnu/libc_nonshared.a(elf-init.oS)
 .text          0x0000000000000000        0x0 /home/lx/SOEM_ALL/SOEM-1.3.1-2can/lib/linux/liboshw.a(nicdrv.o)
 .data          0x0000000000000000        0x0 /home/lx/SOEM_ALL/SOEM-1.3.1-2can/lib/linux/liboshw.a(nicdrv.o)
 .bss           0x0000000000000000        0x0 /home/lx/SOEM_ALL/SOEM-1.3.1-2can/lib/linux/liboshw.a(nicdrv.o)
 .rodata        0x0000000000000000        0xc /home/lx/SOEM_ALL/SOEM-1.3.1-2can/lib/linux/liboshw.a(nicdrv.o)
 .text.ec_setupnic
                0x0000000000000000       0x2a /home/lx/SOEM_ALL/SOEM-1.3.1-2can/lib/linux/liboshw.a(nicdrv.o)
 .text.ec_closenic
                0x0000000000000000       0x15 /home/lx/SOEM_ALL/SOEM-1.3.1-2can/lib/linux/liboshw.a(nicdrv.o)
 .text.ec_getindex
                0x0000000000000000       0x15 /home/lx/SOEM_ALL/SOEM-1.3.1-2can/lib/linux/liboshw.a(nicdrv.o)
 .text.ec_setbufstat
                0x0000000000000000       0x26 /home/lx/SOEM_ALL/SOEM-1.3.1-2can/lib/linux/liboshw.a(nicdrv.o)
 .text.ec_outframe
                0x0000000000000000       0x27 /home/lx/SOEM_ALL/SOEM-1.3.1-2can/lib/linux/liboshw.a(nicdrv.o)
 .text.ec_outframe_red
                0x0000000000000000       0x1f /home/lx/SOEM_ALL/SOEM-1.3.1-2can/lib/linux/liboshw.a(nicdrv.o)
 .text.ec_inframe
                0x0000000000000000       0x27 /home/lx/SOEM_ALL/SOEM-1.3.1-2can/lib/linux/liboshw.a(nicdrv.o)
 .text.ec_waitinframe
                0x0000000000000000       0x27 /home/lx/SOEM_ALL/SOEM-1.3.1-2can/lib/linux/liboshw.a(nicdrv.o)
 .text.ec_srconfirm
                0x0000000000000000       0x27 /home/lx/SOEM_ALL/SOEM-1.3.1-2can/lib/linux/liboshw.a(nicdrv.o)
 .note.GNU-stack
                0x0000000000000000        0x0 /home/lx/SOEM_ALL/SOEM-1.3.1-2can/lib/linux/liboshw.a(nicdrv.o)
 .text          0x0000000000000000        0x0 /home/lx/SOEM_ALL/SOEM-1.3.1-2can/lib/linux/liboshw.a(oshw.o)
 .data          0x0000000000000000        0x0 /home/lx/SOEM_ALL/SOEM-1.3.1-2can/lib/linux/liboshw.a(oshw.o)
 .bss           0x0000000000000000        0x0 /home/lx/SOEM_ALL/SOEM-1.3.1-2can/lib/linux/liboshw.a(oshw.o)
 .text.oshw_htons
                0x0000000000000000       0x26 /home/lx/SOEM_ALL/SOEM-1.3.1-2can/lib/linux/liboshw.a(oshw.o)
 .text.oshw_ntohs
                0x0000000000000000       0x26 /home/lx/SOEM_ALL/SOEM-1.3.1-2can/lib/linux/liboshw.a(oshw.o)
 .text.oshw_find_adapters
                0x0000000000000000      0x19e /home/lx/SOEM_ALL/SOEM-1.3.1-2can/lib/linux/liboshw.a(oshw.o)
 .text.oshw_free_adapters
                0x0000000000000000       0x67 /home/lx/SOEM_ALL/SOEM-1.3.1-2can/lib/linux/liboshw.a(oshw.o)
 .note.GNU-stack
                0x0000000000000000        0x0 /home/lx/SOEM_ALL/SOEM-1.3.1-2can/lib/linux/liboshw.a(oshw.o)
 .text          0x0000000000000000        0x0 /usr/lib/gcc/x86_64-linux-gnu/7/crtendS.o
 .data          0x0000000000000000        0x0 /usr/lib/gcc/x86_64-linux-gnu/7/crtendS.o
 .bss           0x0000000000000000        0x0 /usr/lib/gcc/x86_64-linux-gnu/7/crtendS.o
 .note.GNU-stack
                0x0000000000000000        0x0 /usr/lib/gcc/x86_64-linux-gnu/7/crtendS.o
 .text          0x0000000000000000        0x0 /usr/lib/gcc/x86_64-linux-gnu/7/../../../x86_64-linux-gnu/crtn.o
 .data          0x0000000000000000        0x0 /usr/lib/gcc/x86_64-linux-gnu/7/../../../x86_64-linux-gnu/crtn.o
 .bss           0x0000000000000000        0x0 /usr/lib/gcc/x86_64-linux-gnu/7/../../../x86_64-linux-gnu/crtn.o
 .note.GNU-stack
                0x0000000000000000        0x0 /usr/lib/gcc/x86_64-linux-gnu/7/../../../x86_64-linux-gnu/crtn.o

内存配置

名称           来源             长度             属性
*default*        0x0000000000000000 0xffffffffffffffff

链结器命令稿和内存映射

LOAD /usr/lib/gcc/x86_64-linux-gnu/7/../../../x86_64-linux-gnu/Scrt1.o
LOAD /usr/lib/gcc/x86_64-linux-gnu/7/../../../x86_64-linux-gnu/crti.o
LOAD /usr/lib/gcc/x86_64-linux-gnu/7/crtbeginS.o
LOAD obj/linux/red_test.o
START GROUP
LOAD /home/lx/SOEM_ALL/SOEM-1.3.1-2can/lib/linux/liboshw.a
LOAD /home/lx/SOEM_ALL/SOEM-1.3.1-2can/lib/linux/libosal.a
LOAD /home/lx/SOEM_ALL/SOEM-1.3.1-2can/lib/linux/libsoem.a
LOAD /usr/lib/gcc/x86_64-linux-gnu/7/../../../x86_64-linux-gnu/libc.so
START GROUP
LOAD /lib/x86_64-linux-gnu/libc.so.6
LOAD /usr/lib/x86_64-linux-gnu/libc_nonshared.a
LOAD /lib/x86_64-linux-gnu/ld-linux-x86-64.so.2
END GROUP
LOAD /usr/lib/gcc/x86_64-linux-gnu/7/../../../x86_64-linux-gnu/libm.so
START GROUP
LOAD /lib/x86_64-linux-gnu/libm.so.6
LOAD /usr/lib/x86_64-linux-gnu/libmvec_nonshared.a
LOAD /lib/x86_64-linux-gnu/libmvec.so.1
END GROUP
END GROUP
LOAD /usr/lib/gcc/x86_64-linux-gnu/7/../../../x86_64-linux-gnu/libpthread.so
START GROUP
LOAD /lib/x86_64-linux-gnu/libpthread.so.0
LOAD /usr/lib/x86_64-linux-gnu/libpthread_nonshared.a
END GROUP
LOAD /usr/lib/gcc/x86_64-linux-gnu/7/../../../x86_64-linux-gnu/librt.so
LOAD /usr/lib/gcc/x86_64-linux-gnu/7/libgcc.a
LOAD /usr/lib/gcc/x86_64-linux-gnu/7/libgcc_s.so
START GROUP
LOAD /usr/lib/gcc/x86_64-linux-gnu/7/libgcc_s.so.1
LOAD /usr/lib/gcc/x86_64-linux-gnu/7/libgcc.a
END GROUP
LOAD /usr/lib/gcc/x86_64-linux-gnu/7/../../../x86_64-linux-gnu/libc.so
START GROUP
LOAD /lib/x86_64-linux-gnu/libc.so.6
LOAD /usr/lib/x86_64-linux-gnu/libc_nonshared.a
LOAD /lib/x86_64-linux-gnu/ld-linux-x86-64.so.2
END GROUP
LOAD /usr/lib/gcc/x86_64-linux-gnu/7/libgcc.a
LOAD /usr/lib/gcc/x86_64-linux-gnu/7/libgcc_s.so
START GROUP
LOAD /usr/lib/gcc/x86_64-linux-gnu/7/libgcc_s.so.1
LOAD /usr/lib/gcc/x86_64-linux-gnu/7/libgcc.a
END GROUP
LOAD /usr/lib/gcc/x86_64-linux-gnu/7/crtendS.o
LOAD /usr/lib/gcc/x86_64-linux-gnu/7/../../../x86_64-linux-gnu/crtn.o
                [!provide]                        PROVIDE (__executable_start = SEGMENT_START ("text-segment", 0x0))
                0x0000000000000238                . = (SEGMENT_START ("text-segment", 0x0) + SIZEOF_HEADERS)

.interp         0x0000000000000238       0x1c
 *(.interp)
 .interp        0x0000000000000238       0x1c /usr/lib/gcc/x86_64-linux-gnu/7/../../../x86_64-linux-gnu/Scrt1.o

.note.ABI-tag   0x0000000000000254       0x20
 .note.ABI-tag  0x0000000000000254       0x20 /usr/lib/gcc/x86_64-linux-gnu/7/../../../x86_64-linux-gnu/Scrt1.o

.note.gnu.build-id
                0x0000000000000274       0x24
 *(.note.gnu.build-id)
 .note.gnu.build-id
                0x0000000000000274       0x24 /usr/lib/gcc/x86_64-linux-gnu/7/../../../x86_64-linux-gnu/Scrt1.o

.hash
 *(.hash)

.gnu.hash       0x0000000000000298       0x24
 *(.gnu.hash)
 .gnu.hash      0x0000000000000298       0x24 /usr/lib/gcc/x86_64-linux-gnu/7/../../../x86_64-linux-gnu/Scrt1.o

.dynsym         0x00000000000002c0      0x378
 *(.dynsym)
 .dynsym        0x00000000000002c0      0x378 /usr/lib/gcc/x86_64-linux-gnu/7/../../../x86_64-linux-gnu/Scrt1.o

.dynstr         0x0000000000000638      0x1f3
 *(.dynstr)
 .dynstr        0x0000000000000638      0x1f3 /usr/lib/gcc/x86_64-linux-gnu/7/../../../x86_64-linux-gnu/Scrt1.o

.gnu.version    0x000000000000082c       0x4a
 *(.gnu.version)
 .gnu.version   0x000000000000082c       0x4a /usr/lib/gcc/x86_64-linux-gnu/7/../../../x86_64-linux-gnu/Scrt1.o

.gnu.version_d  0x0000000000000878        0x0
 *(.gnu.version_d)
 .gnu.version_d
                0x0000000000000878        0x0 /usr/lib/gcc/x86_64-linux-gnu/7/../../../x86_64-linux-gnu/Scrt1.o

.gnu.version_r  0x0000000000000878       0x70
 *(.gnu.version_r)
 .gnu.version_r
                0x0000000000000878       0x70 /usr/lib/gcc/x86_64-linux-gnu/7/../../../x86_64-linux-gnu/Scrt1.o

.rela.dyn       0x00000000000008e8      0x240
 *(.rela.init)
 *(.rela.text .rela.text.* .rela.gnu.linkonce.t.*)
 .rela.text.redtest
                0x00000000000008e8        0x0 /usr/lib/gcc/x86_64-linux-gnu/7/../../../x86_64-linux-gnu/Scrt1.o
 .rela.text.ec_sync
                0x00000000000008e8        0x0 /usr/lib/gcc/x86_64-linux-gnu/7/../../../x86_64-linux-gnu/Scrt1.o
 .rela.text.ecatthread
                0x00000000000008e8        0x0 /usr/lib/gcc/x86_64-linux-gnu/7/../../../x86_64-linux-gnu/Scrt1.o
 .rela.text.ecatcheck
                0x00000000000008e8        0x0 /usr/lib/gcc/x86_64-linux-gnu/7/../../../x86_64-linux-gnu/Scrt1.o
 .rela.text.main
                0x00000000000008e8        0x0 /usr/lib/gcc/x86_64-linux-gnu/7/../../../x86_64-linux-gnu/Scrt1.o
 .rela.text.ecx_find_mapt
                0x00000000000008e8        0x0 /usr/lib/gcc/x86_64-linux-gnu/7/../../../x86_64-linux-gnu/Scrt1.o
 .rela.text.ecx_get_threadcount
                0x00000000000008e8        0x0 /usr/lib/gcc/x86_64-linux-gnu/7/../../../x86_64-linux-gnu/Scrt1.o
 .rela.text.ecx_config_map_group
                0x00000000000008e8        0x0 /usr/lib/gcc/x86_64-linux-gnu/7/../../../x86_64-linux-gnu/Scrt1.o
 .rela.text.ecx_elist2string
                0x00000000000008e8        0x0 /usr/lib/gcc/x86_64-linux-gnu/7/../../../x86_64-linux-gnu/Scrt1.o
 .rela.text     0x00000000000008e8        0x0 /usr/lib/gcc/x86_64-linux-gnu/7/../../../x86_64-linux-gnu/Scrt1.o
 *(.rela.fini)
 *(.rela.rodata .rela.rodata.* .rela.gnu.linkonce.r.*)
 *(.rela.data .rela.data.* .rela.gnu.linkonce.d.*)
 .rela.data.rel.ro
                0x00000000000008e8        0x0 /usr/lib/gcc/x86_64-linux-gnu/7/../../../x86_64-linux-gnu/Scrt1.o
 .rela.data.rel.local
                0x00000000000008e8      0x180 /usr/lib/gcc/x86_64-linux-gnu/7/../../../x86_64-linux-gnu/Scrt1.o
 *(.rela.tdata .rela.tdata.* .rela.gnu.linkonce.td.*)
 *(.rela.tbss .rela.tbss.* .rela.gnu.linkonce.tb.*)
 *(.rela.ctors)
 *(.rela.dtors)
 *(.rela.got)
 .rela.got      0x0000000000000a68       0x78 /usr/lib/gcc/x86_64-linux-gnu/7/../../../x86_64-linux-gnu/Scrt1.o
 *(.rela.bss .rela.bss.* .rela.gnu.linkonce.b.*)
 .rela.bss      0x0000000000000ae0       0x18 /usr/lib/gcc/x86_64-linux-gnu/7/../../../x86_64-linux-gnu/Scrt1.o
 *(.rela.ldata .rela.ldata.* .rela.gnu.linkonce.l.*)
 *(.rela.lbss .rela.lbss.* .rela.gnu.linkonce.lb.*)
 *(.rela.lrodata .rela.lrodata.* .rela.gnu.linkonce.lr.*)
 *(.rela.ifunc)
 .rela.ifunc    0x0000000000000af8        0x0 /usr/lib/gcc/x86_64-linux-gnu/7/../../../x86_64-linux-gnu/Scrt1.o
 .rela.fini_array
                0x0000000000000af8       0x18 /usr/lib/gcc/x86_64-linux-gnu/7/../../../x86_64-linux-gnu/Scrt1.o
 .rela.init_array
                0x0000000000000b10       0x18 /usr/lib/gcc/x86_64-linux-gnu/7/../../../x86_64-linux-gnu/Scrt1.o

.rela.plt       0x0000000000000b28      0x2d0
 *(.rela.plt)
 .rela.plt      0x0000000000000b28      0x2d0 /usr/lib/gcc/x86_64-linux-gnu/7/../../../x86_64-linux-gnu/Scrt1.o
                [!provide]                        PROVIDE (__rela_iplt_start = .)
 *(.rela.iplt)
                [!provide]                        PROVIDE (__rela_iplt_end = .)

.init           0x0000000000000df8       0x17
 *(SORT_NONE(.init))
 .init          0x0000000000000df8       0x12 /usr/lib/gcc/x86_64-linux-gnu/7/../../../x86_64-linux-gnu/crti.o
                0x0000000000000df8                _init
 .init          0x0000000000000e0a        0x5 /usr/lib/gcc/x86_64-linux-gnu/7/../../../x86_64-linux-gnu/crtn.o

.plt            0x0000000000000e10      0x1f0
 *(.plt)
 .plt           0x0000000000000e10      0x1f0 /usr/lib/gcc/x86_64-linux-gnu/7/../../../x86_64-linux-gnu/Scrt1.o
 *(.iplt)

.plt.got        0x0000000000001000        0x8
 *(.plt.got)
 .plt.got       0x0000000000001000        0x8 /usr/lib/gcc/x86_64-linux-gnu/7/../../../x86_64-linux-gnu/Scrt1.o

.plt.sec
 *(.plt.sec)

.text           0x0000000000001010     0xffff
 *(.text.unlikely .text.*_unlikely .text.unlikely.*)
 *(.text.exit .text.exit.*)
 *(.text.startup .text.startup.*)
 *(.text.hot .text.hot.*)
 *(.text .stub .text.* .gnu.linkonce.t.*)
 .text          0x0000000000001010       0x2b /usr/lib/gcc/x86_64-linux-gnu/7/../../../x86_64-linux-gnu/Scrt1.o
                0x0000000000001010                _start
 *fill*         0x000000000000103b        0x5 
 .text          0x0000000000001040       0xda /usr/lib/gcc/x86_64-linux-gnu/7/crtbeginS.o
 .text.redtest  0x000000000000111a      0x6de obj/linux/red_test.o
                0x000000000000111a                redtest
 .text.add_timespec
                0x00000000000017f8      0x158 obj/linux/red_test.o
                0x00000000000017f8                add_timespec
 .text.ec_sync  0x0000000000001950       0xec obj/linux/red_test.o
                0x0000000000001950                ec_sync
 .text.ecatthread
                0x0000000000001a3c      0x159 obj/linux/red_test.o
                0x0000000000001a3c                ecatthread
 .text.ecatcheck
                0x0000000000001b95      0x4cd obj/linux/red_test.o
                0x0000000000001b95                ecatcheck
 .text.main     0x0000000000002062       0xeb obj/linux/red_test.o
                0x0000000000002062                main
 .text.osal_usleep
                0x000000000000214d       0x84 /home/lx/SOEM_ALL/SOEM-1.3.1-2can/lib/linux/libosal.a(osal.o)
                0x000000000000214d                osal_usleep
 .text.osal_gettimeofday
                0x00000000000021d1       0x8a /home/lx/SOEM_ALL/SOEM-1.3.1-2can/lib/linux/libosal.a(osal.o)
                0x00000000000021d1                osal_gettimeofday
 .text.osal_current_time
                0x000000000000225b       0x57 /home/lx/SOEM_ALL/SOEM-1.3.1-2can/lib/linux/libosal.a(osal.o)
                0x000000000000225b                osal_current_time
 .text.osal_timer_start
                0x00000000000022b2       0xf0 /home/lx/SOEM_ALL/SOEM-1.3.1-2can/lib/linux/libosal.a(osal.o)
                0x00000000000022b2                osal_timer_start
 .text.osal_timer_is_expired
                0x00000000000023a2       0xa5 /home/lx/SOEM_ALL/SOEM-1.3.1-2can/lib/linux/libosal.a(osal.o)
                0x00000000000023a2                osal_timer_is_expired
 .text.osal_thread_create
                0x0000000000002447       0xa0 /home/lx/SOEM_ALL/SOEM-1.3.1-2can/lib/linux/libosal.a(osal.o)
                0x0000000000002447                osal_thread_create
 .text.osal_thread_create_rt
                0x00000000000024e7       0xf8 /home/lx/SOEM_ALL/SOEM-1.3.1-2can/lib/linux/libosal.a(osal.o)
                0x00000000000024e7                osal_thread_create_rt
 .text.ec_findconfig
                0x00000000000025df       0xc0 /home/lx/SOEM_ALL/SOEM-1.3.1-2can/lib/linux/libsoem.a(ethercatconfig.o)
                0x00000000000025df                ec_findconfig
 .text.ecx_init_context
                0x000000000000269f       0xd8 /home/lx/SOEM_ALL/SOEM-1.3.1-2can/lib/linux/libsoem.a(ethercatconfig.o)
                0x000000000000269f                ecx_init_context
 .text.ecx_detect_slaves
                0x0000000000002777      0x10f /home/lx/SOEM_ALL/SOEM-1.3.1-2can/lib/linux/libsoem.a(ethercatconfig.o)
                0x0000000000002777                ecx_detect_slaves
 .text.ecx_set_slaves_to_default
                0x0000000000002886      0x295 /home/lx/SOEM_ALL/SOEM-1.3.1-2can/lib/linux/libsoem.a(ethercatconfig.o)
 .text.ecx_config_from_table
                0x0000000000002b1b      0x3cc /home/lx/SOEM_ALL/SOEM-1.3.1-2can/lib/linux/libsoem.a(ethercatconfig.o)
 .text.ecx_lookup_prev_sii
                0x0000000000002ee7      0x751 /home/lx/SOEM_ALL/SOEM-1.3.1-2can/lib/linux/libsoem.a(ethercatconfig.o)
 .text.ecx_config_init
                0x0000000000003638     0x1790 /home/lx/SOEM_ALL/SOEM-1.3.1-2can/lib/linux/libsoem.a(ethercatconfig.o)
                0x0000000000003638                ecx_config_init
 .text.ecx_lookup_mapping
                0x0000000000004dc8      0x33b /home/lx/SOEM_ALL/SOEM-1.3.1-2can/lib/linux/libsoem.a(ethercatconfig.o)
 .text.ecx_map_coe_soe
                0x0000000000005103      0x31d /home/lx/SOEM_ALL/SOEM-1.3.1-2can/lib/linux/libsoem.a(ethercatconfig.o)
 .text.ecx_map_sii
                0x0000000000005420      0x332 /home/lx/SOEM_ALL/SOEM-1.3.1-2can/lib/linux/libsoem.a(ethercatconfig.o)
 .text.ecx_map_sm
                0x0000000000005752      0x45f /home/lx/SOEM_ALL/SOEM-1.3.1-2can/lib/linux/libsoem.a(ethercatconfig.o)
 .text.ecx_mapper_thread
                0x0000000000005bb1       0x43 /home/lx/SOEM_ALL/SOEM-1.3.1-2can/lib/linux/libsoem.a(ethercatconfig.o)
                0x0000000000005bb1                ecx_mapper_thread
 .text.ecx_find_mapt
                0x0000000000005bf4       0x4d /home/lx/SOEM_ALL/SOEM-1.3.1-2can/lib/linux/libsoem.a(ethercatconfig.o)
 .text.ecx_get_threadcount
                0x0000000000005c41       0x48 /home/lx/SOEM_ALL/SOEM-1.3.1-2can/lib/linux/libsoem.a(ethercatconfig.o)
 .text.ecx_config_map_group
                0x0000000000005c89     0x1ddb /home/lx/SOEM_ALL/SOEM-1.3.1-2can/lib/linux/libsoem.a(ethercatconfig.o)
                0x0000000000005c89                ecx_config_map_group
 .text.ecx_recover_slave
                0x0000000000007a64      0x39c /home/lx/SOEM_ALL/SOEM-1.3.1-2can/lib/linux/libsoem.a(ethercatconfig.o)
                0x0000000000007a64                ecx_recover_slave
 .text.ecx_reconfig_slave
                0x0000000000007e00      0x34c /home/lx/SOEM_ALL/SOEM-1.3.1-2can/lib/linux/libsoem.a(ethercatconfig.o)
                0x0000000000007e00                ecx_reconfig_slave
 .text.ec_config_init
                0x000000000000814c       0x22 /home/lx/SOEM_ALL/SOEM-1.3.1-2can/lib/linux/libsoem.a(ethercatconfig.o)
                0x000000000000814c                ec_config_init
 .text.ec_config_map_group
                0x000000000000816e       0x2d /home/lx/SOEM_ALL/SOEM-1.3.1-2can/lib/linux/libsoem.a(ethercatconfig.o)
                0x000000000000816e                ec_config_map_group
 .text.ec_config_map
                0x000000000000819b       0x20 /home/lx/SOEM_ALL/SOEM-1.3.1-2can/lib/linux/libsoem.a(ethercatconfig.o)
                0x000000000000819b                ec_config_map
 .text.ec_config
                0x00000000000081bb       0x3a /home/lx/SOEM_ALL/SOEM-1.3.1-2can/lib/linux/libsoem.a(ethercatconfig.o)
                0x00000000000081bb                ec_config
 .text.ec_recover_slave
                0x00000000000081f5       0x2b /home/lx/SOEM_ALL/SOEM-1.3.1-2can/lib/linux/libsoem.a(ethercatconfig.o)
                0x00000000000081f5                ec_recover_slave
 .text.ec_reconfig_slave
                0x0000000000008220       0x2b /home/lx/SOEM_ALL/SOEM-1.3.1-2can/lib/linux/libsoem.a(ethercatconfig.o)
                0x0000000000008220                ec_reconfig_slave
 .text.ecx_porttime
                0x000000000000824b      0x118 /home/lx/SOEM_ALL/SOEM-1.3.1-2can/lib/linux/libsoem.a(ethercatdc.o)
 .text.ecx_prevport
                0x0000000000008363      0x184 /home/lx/SOEM_ALL/SOEM-1.3.1-2can/lib/linux/libsoem.a(ethercatdc.o)
 .text.ecx_parentport
                0x00000000000084e7       0xd8 /home/lx/SOEM_ALL/SOEM-1.3.1-2can/lib/linux/libsoem.a(ethercatdc.o)
 .text.ecx_configdc
                0x00000000000085bf      0xe04 /home/lx/SOEM_ALL/SOEM-1.3.1-2can/lib/linux/libsoem.a(ethercatdc.o)
                0x00000000000085bf                ecx_configdc
 .text.ec_configdc
                0x00000000000093c3       0x15 /home/lx/SOEM_ALL/SOEM-1.3.1-2can/lib/linux/libsoem.a(ethercatdc.o)
                0x00000000000093c3                ec_configdc
 .text.ecx_pusherror
                0x00000000000093d8      0x11c /home/lx/SOEM_ALL/SOEM-1.3.1-2can/lib/linux/libsoem.a(ethercatmain.o)
                0x00000000000093d8                ecx_pusherror
 .text.ecx_poperror
                0x00000000000094f4       0xfd /home/lx/SOEM_ALL/SOEM-1.3.1-2can/lib/linux/libsoem.a(ethercatmain.o)
                0x00000000000094f4                ecx_poperror
 .text.ecx_packeterror
                0x00000000000095f1       0xc1 /home/lx/SOEM_ALL/SOEM-1.3.1-2can/lib/linux/libsoem.a(ethercatmain.o)
                0x00000000000095f1                ecx_packeterror
 .text.ecx_mbxerror
                0x00000000000096b2       0xa0 /home/lx/SOEM_ALL/SOEM-1.3.1-2can/lib/linux/libsoem.a(ethercatmain.o)
 .text.ecx_mbxemergencyerror
                0x0000000000009752       0xed /home/lx/SOEM_ALL/SOEM-1.3.1-2can/lib/linux/libsoem.a(ethercatmain.o)
 .text.ecx_init
                0x000000000000983f       0x2e /home/lx/SOEM_ALL/SOEM-1.3.1-2can/lib/linux/libsoem.a(ethercatmain.o)
                0x000000000000983f                ecx_init
 .text.ecx_close
                0x000000000000986d       0x1f /home/lx/SOEM_ALL/SOEM-1.3.1-2can/lib/linux/libsoem.a(ethercatmain.o)
                0x000000000000986d                ecx_close
 .text.ecx_siigetbyte
                0x000000000000988c      0x2a9 /home/lx/SOEM_ALL/SOEM-1.3.1-2can/lib/linux/libsoem.a(ethercatmain.o)
                0x000000000000988c                ecx_siigetbyte
 .text.ecx_siifind
                0x0000000000009b35      0x1d4 /home/lx/SOEM_ALL/SOEM-1.3.1-2can/lib/linux/libsoem.a(ethercatmain.o)
                0x0000000000009b35                ecx_siifind
 .text.ecx_siistring
                0x0000000000009d09      0x1e8 /home/lx/SOEM_ALL/SOEM-1.3.1-2can/lib/linux/libsoem.a(ethercatmain.o)
                0x0000000000009d09                ecx_siistring
 .text.ecx_siiFMMU
                0x0000000000009ef1      0x226 /home/lx/SOEM_ALL/SOEM-1.3.1-2can/lib/linux/libsoem.a(ethercatmain.o)
                0x0000000000009ef1                ecx_siiFMMU
 .text.ecx_siiSM
                0x000000000000a117      0x2c2 /home/lx/SOEM_ALL/SOEM-1.3.1-2can/lib/linux/libsoem.a(ethercatmain.o)
                0x000000000000a117                ecx_siiSM
 .text.ecx_siiSMnext
                0x000000000000a3d9      0x249 /home/lx/SOEM_ALL/SOEM-1.3.1-2can/lib/linux/libsoem.a(ethercatmain.o)
                0x000000000000a3d9                ecx_siiSMnext
 .text.ecx_siiPDO
                0x000000000000a622      0x4e8 /home/lx/SOEM_ALL/SOEM-1.3.1-2can/lib/linux/libsoem.a(ethercatmain.o)
                0x000000000000a622                ecx_siiPDO
 .text.ecx_FPRD_multi
                0x000000000000ab0a      0x301 /home/lx/SOEM_ALL/SOEM-1.3.1-2can/lib/linux/libsoem.a(ethercatmain.o)
                0x000000000000ab0a                ecx_FPRD_multi
 .text.ecx_readstate
                0x000000000000ae0b      0x336 /home/lx/SOEM_ALL/SOEM-1.3.1-2can/lib/linux/libsoem.a(ethercatmain.o)
                0x000000000000ae0b                ecx_readstate
 .text.ecx_writestate
                0x000000000000b141      0x121 /home/lx/SOEM_ALL/SOEM-1.3.1-2can/lib/linux/libsoem.a(ethercatmain.o)
                0x000000000000b141                ecx_writestate
 .text.ecx_statecheck
                0x000000000000b262      0x1da /home/lx/SOEM_ALL/SOEM-1.3.1-2can/lib/linux/libsoem.a(ethercatmain.o)
                0x000000000000b262                ecx_statecheck
 .text.ec_nextmbxcnt
                0x000000000000b43c       0x24 /home/lx/SOEM_ALL/SOEM-1.3.1-2can/lib/linux/libsoem.a(ethercatmain.o)
                0x000000000000b43c                ec_nextmbxcnt
 .text.ec_clearmbx
                0x000000000000b460       0x26 /home/lx/SOEM_ALL/SOEM-1.3.1-2can/lib/linux/libsoem.a(ethercatmain.o)
                0x000000000000b460                ec_clearmbx
 .text.ecx_mbxempty
                0x000000000000b486      0x12c /home/lx/SOEM_ALL/SOEM-1.3.1-2can/lib/linux/libsoem.a(ethercatmain.o)
                0x000000000000b486                ecx_mbxempty
 .text.ecx_mbxsend
                0x000000000000b5b2      0x12d /home/lx/SOEM_ALL/SOEM-1.3.1-2can/lib/linux/libsoem.a(ethercatmain.o)
                0x000000000000b5b2                ecx_mbxsend
 .text.ecx_mbxreceive
                0x000000000000b6df      0x46f /home/lx/SOEM_ALL/SOEM-1.3.1-2can/lib/linux/libsoem.a(ethercatmain.o)
                0x000000000000b6df                ecx_mbxreceive
 .text.ecx_readeeprom
                0x000000000000bb4e       0x7e /home/lx/SOEM_ALL/SOEM-1.3.1-2can/lib/linux/libsoem.a(ethercatmain.o)
                0x000000000000bb4e                ecx_readeeprom
 .text.ecx_eeprom2master
                0x000000000000bbcc      0x181 /home/lx/SOEM_ALL/SOEM-1.3.1-2can/lib/linux/libsoem.a(ethercatmain.o)
                0x000000000000bbcc                ecx_eeprom2master
 .text.ecx_eeprom2pdi
                0x000000000000bd4d      0x12c /home/lx/SOEM_ALL/SOEM-1.3.1-2can/lib/linux/libsoem.a(ethercatmain.o)
                0x000000000000bd4d                ecx_eeprom2pdi
 .text.ecx_eeprom_waitnotbusyFP
                0x000000000000be79      0x113 /home/lx/SOEM_ALL/SOEM-1.3.1-2can/lib/linux/libsoem.a(ethercatmain.o)
                0x000000000000be79                ecx_eeprom_waitnotbusyFP
 .text.ecx_readeepromFP
                0x000000000000bf8c      0x273 /home/lx/SOEM_ALL/SOEM-1.3.1-2can/lib/linux/libsoem.a(ethercatmain.o)
                0x000000000000bf8c                ecx_readeepromFP
 .text.ecx_readeeprom1
                0x000000000000c1ff      0x15b /home/lx/SOEM_ALL/SOEM-1.3.1-2can/lib/linux/libsoem.a(ethercatmain.o)
                0x000000000000c1ff                ecx_readeeprom1
 .text.ecx_readeeprom2
                0x000000000000c35a       0xee /home/lx/SOEM_ALL/SOEM-1.3.1-2can/lib/linux/libsoem.a(ethercatmain.o)
                0x000000000000c35a                ecx_readeeprom2
 .text.ecx_pushindex
                0x000000000000c448       0xb3 /home/lx/SOEM_ALL/SOEM-1.3.1-2can/lib/linux/libsoem.a(ethercatmain.o)
 .text.ecx_pullindex
                0x000000000000c4fb       0x56 /home/lx/SOEM_ALL/SOEM-1.3.1-2can/lib/linux/libsoem.a(ethercatmain.o)
 .text.ecx_send_processdata_group
                0x000000000000c551      0x950 /home/lx/SOEM_ALL/SOEM-1.3.1-2can/lib/linux/libsoem.a(ethercatmain.o)
                0x000000000000c551                ecx_send_processdata_group
 .text.ecx_receive_processdata_group
                0x000000000000cea1      0x3a3 /home/lx/SOEM_ALL/SOEM-1.3.1-2can/lib/linux/libsoem.a(ethercatmain.o)
                0x000000000000cea1                ecx_receive_processdata_group
 .text.ec_init  0x000000000000d244       0x22 /home/lx/SOEM_ALL/SOEM-1.3.1-2can/lib/linux/libsoem.a(ethercatmain.o)
                0x000000000000d244                ec_init
 .text.ec_close
                0x000000000000d266       0x16 /home/lx/SOEM_ALL/SOEM-1.3.1-2can/lib/linux/libsoem.a(ethercatmain.o)
                0x000000000000d266                ec_close
 .text.ec_readstate
                0x000000000000d27c       0x15 /home/lx/SOEM_ALL/SOEM-1.3.1-2can/lib/linux/libsoem.a(ethercatmain.o)
                0x000000000000d27c                ec_readstate
 .text.ec_writestate
                0x000000000000d291       0x23 /home/lx/SOEM_ALL/SOEM-1.3.1-2can/lib/linux/libsoem.a(ethercatmain.o)
                0x000000000000d291                ec_writestate
 .text.ec_statecheck
                0x000000000000d2b4       0x39 /home/lx/SOEM_ALL/SOEM-1.3.1-2can/lib/linux/libsoem.a(ethercatmain.o)
                0x000000000000d2b4                ec_statecheck
 .text.ec_send_processdata_group
                0x000000000000d2ed       0x22 /home/lx/SOEM_ALL/SOEM-1.3.1-2can/lib/linux/libsoem.a(ethercatmain.o)
                0x000000000000d2ed                ec_send_processdata_group
 .text.ec_receive_processdata_group
                0x000000000000d30f       0x2a /home/lx/SOEM_ALL/SOEM-1.3.1-2can/lib/linux/libsoem.a(ethercatmain.o)
                0x000000000000d30f                ec_receive_processdata_group
 .text.ec_send_processdata
                0x000000000000d339       0x13 /home/lx/SOEM_ALL/SOEM-1.3.1-2can/lib/linux/libsoem.a(ethercatmain.o)
                0x000000000000d339                ec_send_processdata
 .text.ec_receive_processdata
                0x000000000000d34c       0x1d /home/lx/SOEM_ALL/SOEM-1.3.1-2can/lib/linux/libsoem.a(ethercatmain.o)
                0x000000000000d34c                ec_receive_processdata
 .text.ec_sdoerror2string
                0x000000000000d369       0x86 /home/lx/SOEM_ALL/SOEM-1.3.1-2can/lib/linux/libsoem.a(ethercatprint.o)
                0x000000000000d369                ec_sdoerror2string
 .text.ec_ALstatuscode2string
                0x000000000000d3ef       0x8a /home/lx/SOEM_ALL/SOEM-1.3.1-2can/lib/linux/libsoem.a(ethercatprint.o)
                0x000000000000d3ef                ec_ALstatuscode2string
 .text.ec_soeerror2string
                0x000000000000d479       0x8a /home/lx/SOEM_ALL/SOEM-1.3.1-2can/lib/linux/libsoem.a(ethercatprint.o)
                0x000000000000d479                ec_soeerror2string
 .text.ec_mbxerror2string
                0x000000000000d503       0x8a /home/lx/SOEM_ALL/SOEM-1.3.1-2can/lib/linux/libsoem.a(ethercatprint.o)
                0x000000000000d503                ec_mbxerror2string
 .text.ecx_elist2string
                0x000000000000d58d      0x30a /home/lx/SOEM_ALL/SOEM-1.3.1-2can/lib/linux/libsoem.a(ethercatprint.o)
                0x000000000000d58d                ecx_elist2string
 .text.ecx_SoEerror
                0x000000000000d897       0xb4 /home/lx/SOEM_ALL/SOEM-1.3.1-2can/lib/linux/libsoem.a(ethercatsoe.o)
                0x000000000000d897                ecx_SoEerror
 .text.ecx_SoEread
                0x000000000000d94b      0x467 /home/lx/SOEM_ALL/SOEM-1.3.1-2can/lib/linux/libsoem.a(ethercatsoe.o)
                0x000000000000d94b                ecx_SoEread
 .text.ecx_readIDNmap
                0x000000000000ddb2      0x32f /home/lx/SOEM_ALL/SOEM-1.3.1-2can/lib/linux/libsoem.a(ethercatsoe.o)
                0x000000000000ddb2                ecx_readIDNmap
 .text.ecx_writedatagramdata
                0x000000000000e0e1       0x89 /home/lx/SOEM_ALL/SOEM-1.3.1-2can/lib/linux/libsoem.a(ethercatbase.o)
 .text.ecx_setupdatagram
                0x000000000000e16a      0x118 /home/lx/SOEM_ALL/SOEM-1.3.1-2can/lib/linux/libsoem.a(ethercatbase.o)
                0x000000000000e16a                ecx_setupdatagram
 .text.ecx_adddatagram
                0x000000000000e282      0x1ae /home/lx/SOEM_ALL/SOEM-1.3.1-2can/lib/linux/libsoem.a(ethercatbase.o)
                0x000000000000e282                ecx_adddatagram
 .text.ecx_BWR  0x000000000000e430       0xc8 /home/lx/SOEM_ALL/SOEM-1.3.1-2can/lib/linux/libsoem.a(ethercatbase.o)
                0x000000000000e430                ecx_BWR
 .text.ecx_BRD  0x000000000000e4f8      0x101 /home/lx/SOEM_ALL/SOEM-1.3.1-2can/lib/linux/libsoem.a(ethercatbase.o)
                0x000000000000e4f8                ecx_BRD
 .text.ecx_APRD
                0x000000000000e5f9      0x101 /home/lx/SOEM_ALL/SOEM-1.3.1-2can/lib/linux/libsoem.a(ethercatbase.o)
                0x000000000000e5f9                ecx_APRD
 .text.ecx_APRDw
                0x000000000000e6fa       0x7c /home/lx/SOEM_ALL/SOEM-1.3.1-2can/lib/linux/libsoem.a(ethercatbase.o)
                0x000000000000e6fa                ecx_APRDw
 .text.ecx_FPRD
                0x000000000000e776      0x101 /home/lx/SOEM_ALL/SOEM-1.3.1-2can/lib/linux/libsoem.a(ethercatbase.o)
                0x000000000000e776                ecx_FPRD
 .text.ecx_FPRDw
                0x000000000000e877       0x7c /home/lx/SOEM_ALL/SOEM-1.3.1-2can/lib/linux/libsoem.a(ethercatbase.o)
                0x000000000000e877                ecx_FPRDw
 .text.ecx_APWR
                0x000000000000e8f3       0xc8 /home/lx/SOEM_ALL/SOEM-1.3.1-2can/lib/linux/libsoem.a(ethercatbase.o)
                0x000000000000e8f3                ecx_APWR
 .text.ecx_APWRw
                0x000000000000e9bb       0x51 /home/lx/SOEM_ALL/SOEM-1.3.1-2can/lib/linux/libsoem.a(ethercatbase.o)
                0x000000000000e9bb                ecx_APWRw
 .text.ecx_FPWR
                0x000000000000ea0c       0xc8 /home/lx/SOEM_ALL/SOEM-1.3.1-2can/lib/linux/libsoem.a(ethercatbase.o)
                0x000000000000ea0c                ecx_FPWR
 .text.ecx_FPWRw
                0x000000000000ead4       0x51 /home/lx/SOEM_ALL/SOEM-1.3.1-2can/lib/linux/libsoem.a(ethercatbase.o)
                0x000000000000ead4                ecx_FPWRw
 .text.ecx_SDOerror
                0x000000000000eb25       0xba /home/lx/SOEM_ALL/SOEM-1.3.1-2can/lib/linux/libsoem.a(ethercatcoe.o)
                0x000000000000eb25                ecx_SDOerror
 .text.ecx_SDOread
                0x000000000000ebdf      0x728 /home/lx/SOEM_ALL/SOEM-1.3.1-2can/lib/linux/libsoem.a(ethercatcoe.o)
                0x000000000000ebdf                ecx_SDOread
 .text.ecx_readPDOassign
                0x000000000000f307      0x269 /home/lx/SOEM_ALL/SOEM-1.3.1-2can/lib/linux/libsoem.a(ethercatcoe.o)
                0x000000000000f307                ecx_readPDOassign
 .text.ecx_readPDOassignCA
                0x000000000000f570      0x1ec /home/lx/SOEM_ALL/SOEM-1.3.1-2can/lib/linux/libsoem.a(ethercatcoe.o)
                0x000000000000f570                ecx_readPDOassignCA
 .text.ecx_readPDOmap
                0x000000000000f75c      0x34c /home/lx/SOEM_ALL/SOEM-1.3.1-2can/lib/linux/libsoem.a(ethercatcoe.o)
                0x000000000000f75c                ecx_readPDOmap
 .text.ecx_readPDOmapCA
                0x000000000000faa8      0x304 /home/lx/SOEM_ALL/SOEM-1.3.1-2can/lib/linux/libsoem.a(ethercatcoe.o)
                0x000000000000faa8                ecx_readPDOmapCA
 *fill*         0x000000000000fdac        0x4 
 .text          0x000000000000fdb0       0x72 /usr/lib/x86_64-linux-gnu/libc_nonshared.a(elf-init.oS)
                0x000000000000fdb0                __libc_csu_init
                0x000000000000fe20                __libc_csu_fini
 .text.ecx_clear_rxbufstat
                0x000000000000fe22       0x39 /home/lx/SOEM_ALL/SOEM-1.3.1-2can/lib/linux/liboshw.a(nicdrv.o)
 .text.ecx_setupnic
                0x000000000000fe5b      0x4fc /home/lx/SOEM_ALL/SOEM-1.3.1-2can/lib/linux/liboshw.a(nicdrv.o)
                0x000000000000fe5b                ecx_setupnic
 .text.ecx_closenic
                0x0000000000010357       0x68 /home/lx/SOEM_ALL/SOEM-1.3.1-2can/lib/linux/liboshw.a(nicdrv.o)
                0x0000000000010357                ecx_closenic
 .text.ec_setupheader
                0x00000000000103bf       0xba /home/lx/SOEM_ALL/SOEM-1.3.1-2can/lib/linux/liboshw.a(nicdrv.o)
                0x00000000000103bf                ec_setupheader
 .text.ecx_getindex
                0x0000000000010479       0xf9 /home/lx/SOEM_ALL/SOEM-1.3.1-2can/lib/linux/liboshw.a(nicdrv.o)
                0x0000000000010479                ecx_getindex
 .text.ecx_setbufstat
                0x0000000000010572       0x5b /home/lx/SOEM_ALL/SOEM-1.3.1-2can/lib/linux/liboshw.a(nicdrv.o)
                0x0000000000010572                ecx_setbufstat
 .text.ecx_outframe
                0x00000000000105cd       0xa5 /home/lx/SOEM_ALL/SOEM-1.3.1-2can/lib/linux/liboshw.a(nicdrv.o)
                0x00000000000105cd                ecx_outframe
 .text.ecx_outframe_red
                0x0000000000010672      0x145 /home/lx/SOEM_ALL/SOEM-1.3.1-2can/lib/linux/liboshw.a(nicdrv.o)
                0x0000000000010672                ecx_outframe_red
 .text.ecx_recvpkt
                0x00000000000107b7       0x82 /home/lx/SOEM_ALL/SOEM-1.3.1-2can/lib/linux/liboshw.a(nicdrv.o)
 .text.ecx_inframe
                0x0000000000010839      0x2fd /home/lx/SOEM_ALL/SOEM-1.3.1-2can/lib/linux/liboshw.a(nicdrv.o)
                0x0000000000010839                ecx_inframe
 .text.ecx_waitinframe_red
                0x0000000000010b36      0x361 /home/lx/SOEM_ALL/SOEM-1.3.1-2can/lib/linux/liboshw.a(nicdrv.o)
 .text.ecx_waitinframe
                0x0000000000010e97       0x8b /home/lx/SOEM_ALL/SOEM-1.3.1-2can/lib/linux/liboshw.a(nicdrv.o)
                0x0000000000010e97                ecx_waitinframe
 .text.ecx_srconfirm
                0x0000000000010f22       0xed /home/lx/SOEM_ALL/SOEM-1.3.1-2can/lib/linux/liboshw.a(nicdrv.o)
                0x0000000000010f22                ecx_srconfirm
 *(.gnu.warning)

.fini           0x0000000000011010        0x9
 *(SORT_NONE(.fini))
 .fini          0x0000000000011010        0x4 /usr/lib/gcc/x86_64-linux-gnu/7/../../../x86_64-linux-gnu/crti.o
                0x0000000000011010                _fini
 .fini          0x0000000000011014        0x5 /usr/lib/gcc/x86_64-linux-gnu/7/../../../x86_64-linux-gnu/crtn.o
                [!provide]                        PROVIDE (__etext = .)
                [!provide]                        PROVIDE (_etext = .)
                [!provide]                        PROVIDE (etext = .)

.rodata         0x0000000000011020     0x56b4
 *(.rodata .rodata.* .gnu.linkonce.r.*)
 .rodata        0x0000000000011020      0x448 obj/linux/red_test.o
 *fill*         0x0000000000011468       0x18 
 .rodata        0x0000000000011480      0x6d2 /home/lx/SOEM_ALL/SOEM-1.3.1-2can/lib/linux/libsoem.a(ethercatconfig.o)
                0x0000000000011480                ec_configlist
 *fill*         0x0000000000011b52        0xe 
 .rodata        0x0000000000011b60     0x4b48 /home/lx/SOEM_ALL/SOEM-1.3.1-2can/lib/linux/libsoem.a(ethercatprint.o)
                0x0000000000011b60                ec_sdoerrorlist
                0x0000000000012be0                ec_ALstatuscodelist
                0x0000000000014660                ec_soeerrorlist
                0x0000000000016060                ec_mbxerrorlist
 .rodata        0x00000000000166a8       0x2c /home/lx/SOEM_ALL/SOEM-1.3.1-2can/lib/linux/libsoem.a(ethercatbase.o)

.rodata1
 *(.rodata1)

.eh_frame_hdr   0x00000000000166d4      0x414
 *(.eh_frame_hdr)
 .eh_frame_hdr  0x00000000000166d4      0x414 /usr/lib/gcc/x86_64-linux-gnu/7/../../../x86_64-linux-gnu/Scrt1.o
                0x00000000000166d4                __GNU_EH_FRAME_HDR
 *(.eh_frame_entry .eh_frame_entry.*)

.eh_frame       0x0000000000016ae8      0xeac
 *(.eh_frame)
 .eh_frame      0x0000000000016ae8       0x30 /usr/lib/gcc/x86_64-linux-gnu/7/../../../x86_64-linux-gnu/Scrt1.o
                                         0x2c (松开之前的大小)
 *fill*         0x0000000000016b18        0x0 
 .eh_frame      0x0000000000016b18       0x40 /usr/lib/gcc/x86_64-linux-gnu/7/../../../x86_64-linux-gnu/Scrt1.o
 .eh_frame      0x0000000000016b58       0x18 /usr/lib/gcc/x86_64-linux-gnu/7/../../../x86_64-linux-gnu/Scrt1.o
                                         0x30 (松开之前的大小)
 .eh_frame      0x0000000000016b70       0x90 obj/linux/red_test.o
                                         0xa8 (松开之前的大小)
 .eh_frame      0x0000000000016c00       0xb0 /home/lx/SOEM_ALL/SOEM-1.3.1-2can/lib/linux/libosal.a(osal.o)
                                        0x110 (松开之前的大小)
 .eh_frame      0x0000000000016cb0      0x250 /home/lx/SOEM_ALL/SOEM-1.3.1-2can/lib/linux/libsoem.a(ethercatconfig.o)
                                        0x268 (松开之前的大小)
 .eh_frame      0x0000000000016f00       0x78 /home/lx/SOEM_ALL/SOEM-1.3.1-2can/lib/linux/libsoem.a(ethercatdc.o)
                                         0xf8 (松开之前的大小)
 .eh_frame      0x0000000000016f78      0x4d8 /home/lx/SOEM_ALL/SOEM-1.3.1-2can/lib/linux/libsoem.a(ethercatmain.o)
                                        0x8c8 (松开之前的大小)
 .eh_frame      0x0000000000017450       0x90 /home/lx/SOEM_ALL/SOEM-1.3.1-2can/lib/linux/libsoem.a(ethercatprint.o)
                                         0xc0 (松开之前的大小)
 .eh_frame      0x00000000000174e0       0x88 /home/lx/SOEM_ALL/SOEM-1.3.1-2can/lib/linux/libsoem.a(ethercatsoe.o)
                                        0x110 (松开之前的大小)
 .eh_frame      0x0000000000017568      0x188 /home/lx/SOEM_ALL/SOEM-1.3.1-2can/lib/linux/libsoem.a(ethercatbase.o)
                                        0x460 (松开之前的大小)
 .eh_frame      0x00000000000176f0       0xf8 /home/lx/SOEM_ALL/SOEM-1.3.1-2can/lib/linux/libsoem.a(ethercatcoe.o)
                                        0x330 (松开之前的大小)
 .eh_frame      0x00000000000177e8       0x60 /usr/lib/x86_64-linux-gnu/libc_nonshared.a(elf-init.oS)
                                         0x78 (松开之前的大小)
 .eh_frame      0x0000000000017848      0x148 /home/lx/SOEM_ALL/SOEM-1.3.1-2can/lib/linux/liboshw.a(nicdrv.o)
                                        0x238 (松开之前的大小)
 .eh_frame      0x0000000000017990        0x0 /home/lx/SOEM_ALL/SOEM-1.3.1-2can/lib/linux/liboshw.a(oshw.o)
                                         0x80 (松开之前的大小)
 .eh_frame      0x0000000000017990        0x4 /usr/lib/gcc/x86_64-linux-gnu/7/crtendS.o
 *(.eh_frame.*)

.gcc_except_table
 *(.gcc_except_table .gcc_except_table.*)

.gnu_extab
 *(.gnu_extab*)

.exception_ranges
 *(.exception_ranges .exception_ranges*)
                0x0000000000217cc0                . = DATA_SEGMENT_ALIGN (CONSTANT (MAXPAGESIZE), CONSTANT (COMMONPAGESIZE))

.eh_frame
 *(.eh_frame)
 *(.eh_frame.*)

.gnu_extab
 *(.gnu_extab)

.gcc_except_table
 *(.gcc_except_table .gcc_except_table.*)

.exception_ranges
 *(.exception_ranges .exception_ranges*)

.tdata
 *(.tdata .tdata.* .gnu.linkonce.td.*)

.tbss
 *(.tbss .tbss.* .gnu.linkonce.tb.*)
 *(.tcommon)

.preinit_array  0x0000000000217cc0        0x0
                [!provide]                        PROVIDE (__preinit_array_start = .)
 *(.preinit_array)
                [!provide]                        PROVIDE (__preinit_array_end = .)

.init_array     0x0000000000217cc0        0x8
                0x0000000000217cc0                PROVIDE (__init_array_start = .)
 *(SORT_BY_INIT_PRIORITY(.init_array.*) SORT_BY_INIT_PRIORITY(.ctors.*))
 *(.init_array EXCLUDE_FILE(*crtend?.o *crtend.o *crtbegin?.o *crtbegin.o) .ctors)
 .init_array    0x0000000000217cc0        0x8 /usr/lib/gcc/x86_64-linux-gnu/7/crtbeginS.o
                0x0000000000217cc8                PROVIDE (__init_array_end = .)

.fini_array     0x0000000000217cc8        0x8
                [!provide]                        PROVIDE (__fini_array_start = .)
 *(SORT_BY_INIT_PRIORITY(.fini_array.*) SORT_BY_INIT_PRIORITY(.dtors.*))
 *(.fini_array EXCLUDE_FILE(*crtend?.o *crtend.o *crtbegin?.o *crtbegin.o) .dtors)
 .fini_array    0x0000000000217cc8        0x8 /usr/lib/gcc/x86_64-linux-gnu/7/crtbeginS.o
                [!provide]                        PROVIDE (__fini_array_end = .)

.ctors
 *crtbegin.o(.ctors)
 *crtbegin?.o(.ctors)
 *(EXCLUDE_FILE(*crtend?.o *crtend.o) .ctors)
 *(SORT_BY_NAME(.ctors.*))
 *(.ctors)

.dtors
 *crtbegin.o(.dtors)
 *crtbegin?.o(.dtors)
 *(EXCLUDE_FILE(*crtend?.o *crtend.o) .dtors)
 *(SORT_BY_NAME(.dtors.*))
 *(.dtors)

.jcr
 *(.jcr)

.data.rel.ro    0x0000000000217cd0        0x0
 *(.data.rel.ro.local* .gnu.linkonce.d.rel.ro.local.*)
 *(.data.rel.ro .data.rel.ro.* .gnu.linkonce.d.rel.ro.*)
 .data.rel.ro   0x0000000000217cd0        0x0 /usr/lib/gcc/x86_64-linux-gnu/7/../../../x86_64-linux-gnu/Scrt1.o

.dynamic        0x0000000000217cd0      0x200
 *(.dynamic)
 .dynamic       0x0000000000217cd0      0x200 /usr/lib/gcc/x86_64-linux-gnu/7/../../../x86_64-linux-gnu/Scrt1.o
                0x0000000000217cd0                _DYNAMIC

.got            0x0000000000217ed0      0x130
 *(.got.plt)
 .got.plt       0x0000000000217ed0      0x108 /usr/lib/gcc/x86_64-linux-gnu/7/../../../x86_64-linux-gnu/Scrt1.o
                0x0000000000217ed0                _GLOBAL_OFFSET_TABLE_
 *(.igot.plt)
 *(.got)
 .got           0x0000000000217fd8       0x28 /usr/lib/gcc/x86_64-linux-gnu/7/../../../x86_64-linux-gnu/Scrt1.o
 *(.igot)
                0x0000000000218000                . = DATA_SEGMENT_RELRO_END (., 0x0)

.data           0x0000000000218000       0xc0
 *(.data .data.* .gnu.linkonce.d.*)
 .data.rel.local
                0x0000000000218000        0x8 /usr/lib/gcc/x86_64-linux-gnu/7/crtbeginS.o
                0x0000000000218000                __dso_handle
 *fill*         0x0000000000218008       0x18 
 .data.rel.local
                0x0000000000218020       0xa0 /home/lx/SOEM_ALL/SOEM-1.3.1-2can/lib/linux/libsoem.a(ethercatmain.o)
                0x0000000000218020                ecx_context

.tm_clone_table
                0x00000000002180c0        0x0
 .tm_clone_table
                0x00000000002180c0        0x0 /usr/lib/gcc/x86_64-linux-gnu/7/crtbeginS.o
 .tm_clone_table
                0x00000000002180c0        0x0 /usr/lib/gcc/x86_64-linux-gnu/7/crtendS.o

.data1
 *(.data1)
                0x00000000002180c0                _edata = .
                [!provide]                        PROVIDE (edata = .)
                0x00000000002180c0                . = .
                0x00000000002180c0                __bss_start = .

.bss            0x00000000002180c0    0x26660
 *(.dynbss)
 .dynbss        0x00000000002180c0        0x8 /usr/lib/gcc/x86_64-linux-gnu/7/../../../x86_64-linux-gnu/Scrt1.o
                0x00000000002180c0                stdout@@GLIBC_2.2.5
 *(.bss .bss.* .gnu.linkonce.b.*)
 .bss           0x00000000002180c8        0x1 /usr/lib/gcc/x86_64-linux-gnu/7/crtbeginS.o
 *fill*         0x00000000002180c9        0x7 
 .bss           0x00000000002180d0       0x20 obj/linux/red_test.o
                0x00000000002180d0                dorun
                0x00000000002180d4                tmax
                0x00000000002180d8                digout
                0x00000000002180e0                currentgroup
 *fill*         0x00000000002180f0       0x10 
 .bss           0x0000000000218100     0x2060 /home/lx/SOEM_ALL/SOEM-1.3.1-2can/lib/linux/libsoem.a(ethercatmain.o)
                0x0000000000218100                EcatError
 *(COMMON)
 COMMON         0x000000000021a160     0x1084 obj/linux/red_test.o
                0x000000000021a160                IOmap
                0x000000000021b160                gl_delta
                0x000000000021b168                os
                0x000000000021b170                t1
                0x000000000021b180                inOP
                0x000000000021b188                thread1
                0x000000000021b190                expectedWKC
                0x000000000021b194                needlf
                0x000000000021b196                ob2
                0x000000000021b198                ob
                0x000000000021b1a0                t2
                0x000000000021b1b0                tv
                0x000000000021b1c0                thread2
                0x000000000021b1c8                wkc
                0x000000000021b1cc                schedp
                0x000000000021b1d0                DCdiff
                0x000000000021b1d8                toff
                0x000000000021b1e0                deltat
 *fill*         0x000000000021b1e4       0x1c 
 COMMON         0x000000000021b200      0x100 /home/lx/SOEM_ALL/SOEM-1.3.1-2can/lib/linux/libsoem.a(ethercatconfig.o)
                0x000000000021b200                ecx_mapt
                0x000000000021b2c0                ecx_threadh
 COMMON         0x000000000021b300    0x233a0 /home/lx/SOEM_ALL/SOEM-1.3.1-2can/lib/linux/libsoem.a(ethercatmain.o)
                0x000000000021b300                ecx_port
                0x0000000000227e40                ecx_redport
                0x000000000022e3d0                ec_DCtime
                0x000000000022e3d8                ec_slavecount
                0x000000000022e3e0                ec_group
                0x000000000022e660                ec_slave
 COMMON         0x000000000023e6a0       0x7f /home/lx/SOEM_ALL/SOEM-1.3.1-2can/lib/linux/libsoem.a(ethercatprint.o)
                0x000000000023e6a0                estring
                0x000000000023e720                . = ALIGN ((. != 0x0)?0x8:0x1)
 *fill*         0x000000000023e71f        0x1 

.lbss
 *(.dynlbss)
 *(.lbss .lbss.* .gnu.linkonce.lb.*)
 *(LARGE_COMMON)
                0x000000000023e720                . = ALIGN (0x8)
                0x000000000023e720                . = SEGMENT_START ("ldata-segment", .)

.lrodata
 *(.lrodata .lrodata.* .gnu.linkonce.lr.*)

.ldata          0x000000000063e720        0x0
 *(.ldata .ldata.* .gnu.linkonce.l.*)
                0x000000000063e720                . = ALIGN ((. != 0x0)?0x8:0x1)
                0x000000000063e720                . = ALIGN (0x8)
                0x000000000063e720                _end = .
                [!provide]                        PROVIDE (end = .)
                0x000000000063e720                . = DATA_SEGMENT_END (.)

.stab
 *(.stab)

.stabstr
 *(.stabstr)

.stab.excl
 *(.stab.excl)

.stab.exclstr
 *(.stab.exclstr)

.stab.index
 *(.stab.index)

.stab.indexstr
 *(.stab.indexstr)

.comment        0x0000000000000000       0x29
 *(.comment)
 .comment       0x0000000000000000       0x29 /usr/lib/gcc/x86_64-linux-gnu/7/crtbeginS.o
                                         0x2a (松开之前的大小)
 .comment       0x0000000000000029       0x2a obj/linux/red_test.o
 .comment       0x0000000000000029       0x2a /home/lx/SOEM_ALL/SOEM-1.3.1-2can/lib/linux/libosal.a(osal.o)
 .comment       0x0000000000000029       0x2a /home/lx/SOEM_ALL/SOEM-1.3.1-2can/lib/linux/libsoem.a(ethercatconfig.o)
 .comment       0x0000000000000029       0x2a /home/lx/SOEM_ALL/SOEM-1.3.1-2can/lib/linux/libsoem.a(ethercatdc.o)
 .comment       0x0000000000000029       0x2a /home/lx/SOEM_ALL/SOEM-1.3.1-2can/lib/linux/libsoem.a(ethercatmain.o)
 .comment       0x0000000000000029       0x2a /home/lx/SOEM_ALL/SOEM-1.3.1-2can/lib/linux/libsoem.a(ethercatprint.o)
 .comment       0x0000000000000029       0x2a /home/lx/SOEM_ALL/SOEM-1.3.1-2can/lib/linux/libsoem.a(ethercatsoe.o)
 .comment       0x0000000000000029       0x2a /home/lx/SOEM_ALL/SOEM-1.3.1-2can/lib/linux/libsoem.a(ethercatbase.o)
 .comment       0x0000000000000029       0x2a /home/lx/SOEM_ALL/SOEM-1.3.1-2can/lib/linux/libsoem.a(ethercatcoe.o)
 .comment       0x0000000000000029       0x2a /home/lx/SOEM_ALL/SOEM-1.3.1-2can/lib/linux/liboshw.a(nicdrv.o)
 .comment       0x0000000000000029       0x2a /home/lx/SOEM_ALL/SOEM-1.3.1-2can/lib/linux/liboshw.a(oshw.o)
 .comment       0x0000000000000029       0x2a /usr/lib/gcc/x86_64-linux-gnu/7/crtendS.o

.debug
 *(.debug)

.line
 *(.line)

.debug_srcinfo
 *(.debug_srcinfo)

.debug_sfnames
 *(.debug_sfnames)

.debug_aranges  0x0000000000000000     0x1000
 *(.debug_aranges)
 .debug_aranges
                0x0000000000000000       0x80 obj/linux/red_test.o
 .debug_aranges
                0x0000000000000080       0xc0 /home/lx/SOEM_ALL/SOEM-1.3.1-2can/lib/linux/libosal.a(osal.o)
 .debug_aranges
                0x0000000000000140      0x190 /home/lx/SOEM_ALL/SOEM-1.3.1-2can/lib/linux/libsoem.a(ethercatconfig.o)
 .debug_aranges
                0x00000000000002d0       0xb0 /home/lx/SOEM_ALL/SOEM-1.3.1-2can/lib/linux/libsoem.a(ethercatdc.o)
 .debug_aranges
                0x0000000000000380      0x550 /home/lx/SOEM_ALL/SOEM-1.3.1-2can/lib/linux/libsoem.a(ethercatmain.o)
 .debug_aranges
                0x00000000000008d0       0x80 /home/lx/SOEM_ALL/SOEM-1.3.1-2can/lib/linux/libsoem.a(ethercatprint.o)
 .debug_aranges
                0x0000000000000950       0x90 /home/lx/SOEM_ALL/SOEM-1.3.1-2can/lib/linux/libsoem.a(ethercatsoe.o)
 .debug_aranges
                0x00000000000009e0      0x270 /home/lx/SOEM_ALL/SOEM-1.3.1-2can/lib/linux/libsoem.a(ethercatbase.o)
 .debug_aranges
                0x0000000000000c50      0x1d0 /home/lx/SOEM_ALL/SOEM-1.3.1-2can/lib/linux/libsoem.a(ethercatcoe.o)
 .debug_aranges
                0x0000000000000e20      0x180 /home/lx/SOEM_ALL/SOEM-1.3.1-2can/lib/linux/liboshw.a(nicdrv.o)
 .debug_aranges
                0x0000000000000fa0       0x60 /home/lx/SOEM_ALL/SOEM-1.3.1-2can/lib/linux/liboshw.a(oshw.o)

.debug_pubnames
 *(.debug_pubnames)

.debug_info     0x0000000000000000    0x142bc
 *(.debug_info .gnu.linkonce.wi.*)
 .debug_info    0x0000000000000000     0x17d0 obj/linux/red_test.o
 .debug_info    0x00000000000017d0      0x64c /home/lx/SOEM_ALL/SOEM-1.3.1-2can/lib/linux/libosal.a(osal.o)
 .debug_info    0x0000000000001e1c     0x2076 /home/lx/SOEM_ALL/SOEM-1.3.1-2can/lib/linux/libsoem.a(ethercatconfig.o)
 .debug_info    0x0000000000003e92     0x169e /home/lx/SOEM_ALL/SOEM-1.3.1-2can/lib/linux/libsoem.a(ethercatdc.o)
 .debug_info    0x0000000000005530     0x3b0b /home/lx/SOEM_ALL/SOEM-1.3.1-2can/lib/linux/libsoem.a(ethercatmain.o)
 .debug_info    0x000000000000903b     0x1591 /home/lx/SOEM_ALL/SOEM-1.3.1-2can/lib/linux/libsoem.a(ethercatprint.o)
 .debug_info    0x000000000000a5cc     0x1a32 /home/lx/SOEM_ALL/SOEM-1.3.1-2can/lib/linux/libsoem.a(ethercatsoe.o)
 .debug_info    0x000000000000bffe     0x279c /home/lx/SOEM_ALL/SOEM-1.3.1-2can/lib/linux/libsoem.a(ethercatbase.o)
 .debug_info    0x000000000000e79a     0x2718 /home/lx/SOEM_ALL/SOEM-1.3.1-2can/lib/linux/libsoem.a(ethercatcoe.o)
 .debug_info    0x0000000000010eb2     0x1f54 /home/lx/SOEM_ALL/SOEM-1.3.1-2can/lib/linux/liboshw.a(nicdrv.o)
 .debug_info    0x0000000000012e06     0x14b6 /home/lx/SOEM_ALL/SOEM-1.3.1-2can/lib/linux/liboshw.a(oshw.o)

.debug_abbrev   0x0000000000000000     0x1df1
 *(.debug_abbrev)
 .debug_abbrev  0x0000000000000000      0x2c1 obj/linux/red_test.o
 .debug_abbrev  0x00000000000002c1      0x17e /home/lx/SOEM_ALL/SOEM-1.3.1-2can/lib/linux/libosal.a(osal.o)
 .debug_abbrev  0x000000000000043f      0x33e /home/lx/SOEM_ALL/SOEM-1.3.1-2can/lib/linux/libsoem.a(ethercatconfig.o)
 .debug_abbrev  0x000000000000077d      0x2c2 /home/lx/SOEM_ALL/SOEM-1.3.1-2can/lib/linux/libsoem.a(ethercatdc.o)
 .debug_abbrev  0x0000000000000a3f      0x39e /home/lx/SOEM_ALL/SOEM-1.3.1-2can/lib/linux/libsoem.a(ethercatmain.o)
 .debug_abbrev  0x0000000000000ddd      0x268 /home/lx/SOEM_ALL/SOEM-1.3.1-2can/lib/linux/libsoem.a(ethercatprint.o)
 .debug_abbrev  0x0000000000001045      0x2a8 /home/lx/SOEM_ALL/SOEM-1.3.1-2can/lib/linux/libsoem.a(ethercatsoe.o)
 .debug_abbrev  0x00000000000012ed      0x2a5 /home/lx/SOEM_ALL/SOEM-1.3.1-2can/lib/linux/libsoem.a(ethercatbase.o)
 .debug_abbrev  0x0000000000001592      0x2c5 /home/lx/SOEM_ALL/SOEM-1.3.1-2can/lib/linux/libsoem.a(ethercatcoe.o)
 .debug_abbrev  0x0000000000001857      0x350 /home/lx/SOEM_ALL/SOEM-1.3.1-2can/lib/linux/liboshw.a(nicdrv.o)
 .debug_abbrev  0x0000000000001ba7      0x24a /home/lx/SOEM_ALL/SOEM-1.3.1-2can/lib/linux/liboshw.a(oshw.o)

.debug_line     0x0000000000000000     0x483f
 *(.debug_line .debug_line.* .debug_line_end)
 .debug_line    0x0000000000000000      0x4e6 obj/linux/red_test.o
 .debug_line    0x00000000000004e6      0x301 /home/lx/SOEM_ALL/SOEM-1.3.1-2can/lib/linux/libosal.a(osal.o)
 .debug_line    0x00000000000007e7      0xc3d /home/lx/SOEM_ALL/SOEM-1.3.1-2can/lib/linux/libsoem.a(ethercatconfig.o)
 .debug_line    0x0000000000001424      0x420 /home/lx/SOEM_ALL/SOEM-1.3.1-2can/lib/linux/libsoem.a(ethercatdc.o)
 .debug_line    0x0000000000001844     0x107e /home/lx/SOEM_ALL/SOEM-1.3.1-2can/lib/linux/libsoem.a(ethercatmain.o)
 .debug_line    0x00000000000028c2      0x2fb /home/lx/SOEM_ALL/SOEM-1.3.1-2can/lib/linux/libsoem.a(ethercatprint.o)
 .debug_line    0x0000000000002bbd      0x41a /home/lx/SOEM_ALL/SOEM-1.3.1-2can/lib/linux/libsoem.a(ethercatsoe.o)
 .debug_line    0x0000000000002fd7      0x660 /home/lx/SOEM_ALL/SOEM-1.3.1-2can/lib/linux/libsoem.a(ethercatbase.o)
 .debug_line    0x0000000000003637      0x923 /home/lx/SOEM_ALL/SOEM-1.3.1-2can/lib/linux/libsoem.a(ethercatcoe.o)
 .debug_line    0x0000000000003f5a      0x679 /home/lx/SOEM_ALL/SOEM-1.3.1-2can/lib/linux/liboshw.a(nicdrv.o)
 .debug_line    0x00000000000045d3      0x26c /home/lx/SOEM_ALL/SOEM-1.3.1-2can/lib/linux/liboshw.a(oshw.o)

.debug_frame
 *(.debug_frame)

.debug_str      0x0000000000000000     0x2e18
 *(.debug_str)
 .debug_str     0x0000000000000000      0xc60 obj/linux/red_test.o
                                        0xe0d (松开之前的大小)
 .debug_str     0x0000000000000c60      0x177 /home/lx/SOEM_ALL/SOEM-1.3.1-2can/lib/linux/libosal.a(osal.o)
                                        0x41d (松开之前的大小)
 .debug_str     0x0000000000000dd7      0x743 /home/lx/SOEM_ALL/SOEM-1.3.1-2can/lib/linux/libsoem.a(ethercatconfig.o)
                                       0x1373 (松开之前的大小)
 .debug_str     0x000000000000151a      0x141 /home/lx/SOEM_ALL/SOEM-1.3.1-2can/lib/linux/libsoem.a(ethercatdc.o)
                                        0xe5c (松开之前的大小)
 .debug_str     0x000000000000165b      0x87b /home/lx/SOEM_ALL/SOEM-1.3.1-2can/lib/linux/libsoem.a(ethercatmain.o)
                                       0x1893 (松开之前的大小)
 .debug_str     0x0000000000001ed6      0x157 /home/lx/SOEM_ALL/SOEM-1.3.1-2can/lib/linux/libsoem.a(ethercatprint.o)
                                        0xd19 (松开之前的大小)
 .debug_str     0x000000000000202d      0x262 /home/lx/SOEM_ALL/SOEM-1.3.1-2can/lib/linux/libsoem.a(ethercatsoe.o)
                                        0xe91 (松开之前的大小)
 .debug_str     0x000000000000228f      0x1ca /home/lx/SOEM_ALL/SOEM-1.3.1-2can/lib/linux/libsoem.a(ethercatbase.o)
                                       0x11eb (松开之前的大小)
 .debug_str     0x0000000000002459      0x47b /home/lx/SOEM_ALL/SOEM-1.3.1-2can/lib/linux/libsoem.a(ethercatcoe.o)
                                       0x1138 (松开之前的大小)
 .debug_str     0x00000000000028d4      0x4b1 /home/lx/SOEM_ALL/SOEM-1.3.1-2can/lib/linux/liboshw.a(nicdrv.o)
                                       0x117c (松开之前的大小)
 .debug_str     0x0000000000002d85       0x93 /home/lx/SOEM_ALL/SOEM-1.3.1-2can/lib/linux/liboshw.a(oshw.o)
                                        0xccf (松开之前的大小)

.debug_loc
 *(.debug_loc)

.debug_macinfo
 *(.debug_macinfo)

.debug_weaknames
 *(.debug_weaknames)

.debug_funcnames
 *(.debug_funcnames)

.debug_typenames
 *(.debug_typenames)

.debug_varnames
 *(.debug_varnames)

.debug_pubtypes
 *(.debug_pubtypes)

.debug_ranges   0x0000000000000000      0xf50
 *(.debug_ranges)
 .debug_ranges  0x0000000000000000       0x70 obj/linux/red_test.o
 .debug_ranges  0x0000000000000070       0xb0 /home/lx/SOEM_ALL/SOEM-1.3.1-2can/lib/linux/libosal.a(osal.o)
 .debug_ranges  0x0000000000000120      0x180 /home/lx/SOEM_ALL/SOEM-1.3.1-2can/lib/linux/libsoem.a(ethercatconfig.o)
 .debug_ranges  0x00000000000002a0       0xa0 /home/lx/SOEM_ALL/SOEM-1.3.1-2can/lib/linux/libsoem.a(ethercatdc.o)
 .debug_ranges  0x0000000000000340      0x540 /home/lx/SOEM_ALL/SOEM-1.3.1-2can/lib/linux/libsoem.a(ethercatmain.o)
 .debug_ranges  0x0000000000000880       0x70 /home/lx/SOEM_ALL/SOEM-1.3.1-2can/lib/linux/libsoem.a(ethercatprint.o)
 .debug_ranges  0x00000000000008f0       0x80 /home/lx/SOEM_ALL/SOEM-1.3.1-2can/lib/linux/libsoem.a(ethercatsoe.o)
 .debug_ranges  0x0000000000000970      0x260 /home/lx/SOEM_ALL/SOEM-1.3.1-2can/lib/linux/libsoem.a(ethercatbase.o)
 .debug_ranges  0x0000000000000bd0      0x1c0 /home/lx/SOEM_ALL/SOEM-1.3.1-2can/lib/linux/libsoem.a(ethercatcoe.o)
 .debug_ranges  0x0000000000000d90      0x170 /home/lx/SOEM_ALL/SOEM-1.3.1-2can/lib/linux/liboshw.a(nicdrv.o)
 .debug_ranges  0x0000000000000f00       0x50 /home/lx/SOEM_ALL/SOEM-1.3.1-2can/lib/linux/liboshw.a(oshw.o)

.debug_macro
 *(.debug_macro)

.debug_addr
 *(.debug_addr)

.gnu.attributes
 *(.gnu.attributes)

/DISCARD/
 *(.note.GNU-stack)
 *(.gnu_debuglink)
 *(.gnu.lto_*)
OUTPUT(red_test elf64-x86-64)
